08-31 19:15:54.705 19904 19931 I BLASTBufferQueue: gatherPendingTransactions, mName= ViewRootImpl@77e720e[GameActivity] mNativeObject= 0x73b33f8e70 frameNumber= 3 caller= android.view.ViewRootImpl$12.lambda$onFrameDraw$0$android-view-ViewRootImpl$12:13406 android.view.ViewRootImpl$12$$ExternalSyntheticLambda1.onFrameCommit:9 android.view.ThreadedRenderer$1.lambda$onFrameDraw$0:813 android.view.ThreadedRenderer$1$$ExternalSyntheticLambda0.onFrameCommit:2 <bottom of call stack> <bottom of call stack> 
08-31 19:15:54.705  2699  2699 I BadgeCountUpdaterImpl: onNotificationsChangedDisConnected
08-31 19:15:54.706 19904 19904 I ViewRootImpl@77e720e[GameActivity]: onSyncComplete
08-31 19:15:54.706 19904 19904 I ViewRootImpl@77e720e[GameActivity]: setupSync seqId=0 mSyncId=1 fn=3 caller=android.view.ViewRootImpl$$ExternalSyntheticLambda11.accept:6 android.window.SurfaceSyncer.lambda$setupSync$1$android-window-SurfaceSyncer:128 android.window.SurfaceSyncer$$ExternalSyntheticLambda1.accept:8 android.window.SurfaceSyncer$SyncSet.checkIfSyncIsComplete:382 android.window.SurfaceSyncer$SyncSet.markSyncReady:359 android.window.SurfaceSyncer.markSyncReady:151 android.view.ViewRootImpl.performTraversals:4503 
08-31 19:15:54.706  2699  2699 I DecorView: notifyKeepScreenOnChanged: keepScreenOn=false
08-31 19:15:54.706 19904 19904 I ViewRootImpl@7b4b9f0[GameActivity]: Setup new sync id=1
08-31 19:15:54.706 19904 19904 I ViewRootImpl@7b4b9f0[GameActivity]: Setting syncFrameCallback
08-31 19:15:54.706 19904 19904 I ViewRootImpl@7b4b9f0[GameActivity]: registerCallbacksForSync syncBuffer=false
08-31 19:15:54.706 19904 19971 I ViewRootImpl@7b4b9f0[GameActivity]: Received frameDrawingCallback syncResult=0 frameNum=3.
08-31 19:15:54.706 19904 19971 I ViewRootImpl@7b4b9f0[GameActivity]: Setting up sync and frameCommitCallback
08-31 19:15:54.708  2699  3015 I LiveIconUpdateEventHandler: cancelMinuteChangeAlarm
08-31 19:15:54.708  1549  2989 D InputTransport: Input channel destroyed: 'Letterb', fd=856
08-31 19:15:54.708  1549  2989 W InputManager-JNI: Input channel object 'Letterbox_left_ActivityRecord{aaef2df u0 com.EpicGames.AndroidQuickStart/com.epicgames.ue4.SplashActivity} t4614} (client)' was disposed without first being removed with the input manager!
08-31 19:15:54.708  1549  2989 D InputTransport: Input channel destroyed: 'Letterb', fd=870
08-31 19:15:54.708  1549  2989 D InputTransport: Input channel destroyed: 'Letterb', fd=905
08-31 19:15:54.708  1243  1960 I SurfaceFlinger: id=5804 Removed 7ed4339 ActivityRecordInputSink com.EpicGames.AndroidQuickStart/com.epicgames.ue4.SplashActivity#5804 (189)
08-31 19:15:54.711  1549  2989 W InputManager-JNI: Input channel object 'Letterbox_top_ActivityRecord{aaef2df u0 com.EpicGames.AndroidQuickStart/com.epicgames.ue4.SplashActivity} t4614} (client)' was disposed without first being removed with the input manager!
08-31 19:15:54.711  1549  2989 D InputTransport: Input channel destroyed: 'Letterb', fd=913
08-31 19:15:54.712 19904 19931 I ViewRootImpl@7b4b9f0[GameActivity]: Received frameCommittedCallback lastAttemptedDrawFrameNum=3 didProduceBuffer=true
08-31 19:15:54.712 19904 19904 I ViewRootImpl@7b4b9f0[GameActivity]: onSyncComplete
08-31 19:15:54.712  2237  2355 I ViewRootImpl@5d2ab57[AndroidQuickStart]: mWNT: t=0xb4000073734f1bd0 mBlastBufferQueue=0xb4000073b349fb30 fn= 3 caller= android.view.SyncRtSurfaceTransactionApplier.applyTransaction:96 android.view.SyncRtSurfaceTransactionApplier.lambda$scheduleApply$0$android-view-SyncRtSurfaceTransactionApplier:69 android.view.SyncRtSurfaceTransactionApplier$$ExternalSyntheticLambda0.onFrameDraw:4 
08-31 19:15:54.712  2237  2355 I ViewRootImpl@5d2ab57[AndroidQuickStart]: mWNT: t=0xb40000737343e4d0 mBlastBufferQueue=0xb4000073b349fb30 fn= 3 caller= android.view.SyncRtSurfaceTransactionApplier.applyTransaction:96 android.view.SyncRtSurfaceTransactionApplier.lambda$scheduleApply$0$android-view-SyncRtSurfaceTransactionApplier:69 android.view.SyncRtSurfaceTransactionApplier$$ExternalSyntheticLambda0.onFrameDraw:4 
08-31 19:15:54.712 19904 19904 I ViewRootImpl@7b4b9f0[GameActivity]: setupSync seqId=0 mSyncId=1 fn=3 caller=android.view.ViewRootImpl$$ExternalSyntheticLambda11.accept:6 android.window.SurfaceSyncer.lambda$setupSync$1$android-window-SurfaceSyncer:128 android.window.SurfaceSyncer$$ExternalSyntheticLambda1.accept:8 android.window.SurfaceSyncer$SyncSet.checkIfSyncIsComplete:382 android.window.SurfaceSyncer$SyncSet.markSyncReady:359 android.window.SurfaceSyncer.markSyncReady:151 android.view.ViewRootImpl.performTraversals:4503 
08-31 19:15:54.712 19904 19904 I ViewRootImpl@7b4b9f0[GameActivity]: reportDrawFinished seqId=0 mSyncId=-1 fn=3 mSurfaceChangedTransaction=0x73733f2ed0
08-31 19:15:54.712  1549  2989 D InputTransport: Input channel destroyed: 'Letterb', fd=914
08-31 19:15:54.712  1549  2989 W InputManager-JNI: Input channel object 'Letterbox_right_ActivityRecord{aaef2df u0 com.EpicGames.AndroidQuickStart/com.epicgames.ue4.SplashActivity} t4614} (client)' was disposed without first being removed with the input manager!
08-31 19:15:54.712  1549  2989 D InputTransport: Input channel destroyed: 'Letterb', fd=920
08-31 19:15:54.712 19904 19904 I ViewRootImpl@77e720e[GameActivity]: reportDrawFinished seqId=0 mSyncId=-1 fn=3 mSurfaceChangedTransaction=0x73733fc230
08-31 19:15:54.712  1549  2989 D InputTransport: Input channel destroyed: 'Letterb', fd=938
08-31 19:15:54.712  1549  2989 W InputManager-JNI: Input channel object 'Letterbox_bottom_ActivityRecord{aaef2df u0 com.EpicGames.AndroidQuickStart/com.epicgames.ue4.SplashActivity} t4614} (client)' was disposed without first being removed with the input manager!
08-31 19:15:54.712  1549  2989 D InputTransport: Input channel destroyed: 'Letterb', fd=945
08-31 19:15:54.712 19904 19904 I ViewRootImpl@77e720e[GameActivity]: MSG_WINDOW_FOCUS_CHANGED 1 0
08-31 19:15:54.713 19904 19904 I ViewRootImpl@77e720e[GameActivity]: mThreadedRenderer.initializeIfNeeded()#2 mSurface={isValid=true 0x7443450ef0}
08-31 19:15:54.713 19904 19959 D UE4     : LogAndroidEvents::EnqueueAppEvent : 11, [width=-1, height=-1], tid = 19959, APP_EVENT_STATE_WINDOW_GAINED_FOCUS
08-31 19:15:54.713 19904 19959 D UE4     : LogAndroidEvents::EnqueueAppEvent : 14, [width=-1, height=-1], tid = 19959, APP_EVENT_STATE_APP_ACTIVATED
08-31 19:15:54.713 19904 19959 D UE4     : LogAndroidEvents::EnqueueAppEvent : 15, [width=-1, height=-1], tid = 19959, APP_EVENT_RUN_CALLBACK
08-31 19:15:54.713 19904 19904 D InputMethodManager: startInputInner - Id : 0
08-31 19:15:54.713 19904 19904 I InputMethodManager: startInputInner - mService.startInputOrWindowGainedFocus
08-31 19:15:54.714  1243  1243 D SurfaceFlinger: Display 4633128672291735937 HWC layers:
08-31 19:15:54.714  1243  1243 D SurfaceFlinger:  SOLID_COLOR |              | 0000 |  Unknown  |    0.0    0.0    0.0    0.0 |    0    0 1080   80 | Letterbox - right#5806
08-31 19:15:54.714  1243  1243 D SurfaceFlinger:  SOLID_COLOR |              | 0002 |  Unknown  |    0.0    0.0    0.0    0.0 |    0   80 1080 2400 | Background for SurfaceView[com.EpicG[...]m.epicgames.ue4.GameActivity]@0#5821
08-31 19:15:54.714  1243  1243 D SurfaceFlinger:      DEVICE | 0xb4000075db1cbc10 | 0100 | RGBA_8888    |    0.0    0.0 1080.0 2320.0 |    0   80 1080 2400 | com.EpicGames.AndroidQuickStart/com.epicgames.ue4.GameActivity$_19904#5815
08-31 19:15:54.714  1243  1243 D SurfaceFlinger:      DEVICE | 0xb4000075db1c9210 | 0100 | RGBA_8888    |    0.0    0.0 1080.0 2320.0 |    0   80 1080 2400 | com.EpicGames.AndroidQuickStart/com.epicgames.ue4.GameActivity$_19904#5814
08-31 19:15:54.714  1243  1243 D SurfaceFlinger:      DEVICE | 0xb4000075db1bef50 | 0100 | RGBA_8888    |    0.0    0.0 1080.0 2320.0 |    0   80 1080 2400 | Splash Screen com.EpicGames.AndroidQuickStart$_2237#5800
08-31 19:15:54.714  1243  1243 D SurfaceFlinger:      DEVICE | 0xb4000075db1b4210 | 0100 | RGBA_8888    |    0.0    0.0   72.0 2400.0 |    0    0   72 2400 | StatusBar$_2237#88
08-31 19:15:54.714  1243  1243 D SurfaceFlinger:      DEVICE | 0xb4
08-31 19:15:54.714  1243  1243 D SurfaceFlinger: 000075db1b43d0 | 0100 | RGBA_8888    |    0.0    0.0 1080.0  144.0 |    0 2256 1080 2400 | NavigationBar0$_2237#85
08-31 19:15:54.714  1243  1243 D SurfaceFlinger: 
08-31 19:15:54.715 19904 19958 D UE4     : Project file not found: ../../../Scrabble_Last_Hope/Scrabble_Last_Hope.uproject
08-31 19:15:54.716  1549  5119 D CompatibilityChangeReporter: Compat change id reported: 214016041; UID 10389; state: DISABLED
08-31 19:15:54.718  1549  5119 V InputMethodManagerService: Unspecified window will hide input
08-31 19:15:54.718  1549  5119 V InputMethodManagerService: hideCurrentInputLocked : canceled, shouldHideSoftInput=false, mInputShown=false, mImeWindowVis=0
08-31 19:15:54.718  1549  5119 I InputMethodBindingController: setCurrentMethodNotVisible: mVisibleBound=false, mHasConnection=true, caller = com.android.server.inputmethod.InputMethodManagerService.hideCurrentInputLocked:4339 com.android.server.inputmethod.InputMethodManagerService.startInputOrWindowGainedFocusInternalLocked:4645 com.android.server.inputmethod.InputMethodManagerService.startInputOrWindowGainedFocusInternal:4423 com.android.server.inputmethod.InputMethodManagerService.startInputOrWindowGainedFocus:4362 com.android.internal.view.IInputMethodManager$Stub.onTransact:518 com.android.server.inputmethod.InputMethodManagerService.onTransact:2285 android.os.Binder.execTransactInternal:1316 android.os.Binder.execTransact:1280 <bottom of call stack> <bottom of call stack> 
08-31 19:15:54.718  1549  5119 D InputMethodManagerService: DESKTOP MODE! : 2
08-31 19:15:54.718  1549  5119 D InputMethodManagerService: NOT IN KNOX DESKTOP MODE!
08-31 19:15:54.718  1549  5119 V InputMethodManagerService: getDisplayIdOfInputMethodWindowToBeAdded: displayId=0
08-31 19:15:54.719  1549  5119 V InputMethodManagerService: Creating new session for client ClientState{8bad6c4 uid=10389 pid=19904 displayId=0}
08-31 19:15:54.719  1549  5119 D InputTransport: Input channel constructed: 'ClientS', fd=856
08-31 19:15:54.719  1549  5119 D InputTransport: Input channel constructed: 'ClientS', fd=870
08-31 19:15:54.720  1549  5119 D InputTransport: Input channel destroyed: 'ClientS', fd=870
08-31 19:15:54.720  1549  2448 D WindowManager: finishDrawingWindow: Window{98a5e9 u0 com.EpicGames.AndroidQuickStart/com.epicgames.ue4.GameActivity} mDrawState=HAS_DRAWN seqId=0
08-31 19:15:54.720  1549  2448 D WindowManager: finishDrawingWindow: Window{5cde32a u0 com.EpicGames.AndroidQuickStart/com.epicgames.ue4.GameActivity} mDrawState=HAS_DRAWN seqId=0
08-31 19:15:54.721  2699  3015 I LiveIconUpdateEventHandler: cancelDateChangeAlarm
08-31 19:15:54.721  2699  2699 I MSHandlerLifeCycle: removeMultiSplitHandler: no exist. decor=DecorView@3e2d0ff[LauncherActivity]
08-31 19:15:54.721  2699  2699 I ViewRootImpl@fd261a7[LauncherActivity]: performTraversals params={(0,0)(fillxfill) sim={adjust=nothing} layoutInDisplayCutoutMode=shortEdges ty=BASE_APPLICATION fmt=TRANSPARENT wanim=0x10302f4
08-31 19:15:54.721  2699  2699 I ViewRootImpl@fd261a7[LauncherActivity]:   fl=81910100
08-31 19:15:54.721  2699  2699 I ViewRootImpl@fd261a7[LauncherActivity]:   pfl=1e020040
08-31 19:15:54.721  2699  2699 I ViewRootImpl@fd261a7[LauncherActivity]:   vsysui=1700
08-31 19:15:54.721  2699  2699 I ViewRootImpl@fd261a7[LauncherActivity]:   bhv=SHOW_TRANSIENT_BARS_BY_SWIPE
08-31 19:15:54.721  2699  2699 I ViewRootImpl@fd261a7[LauncherActivity]:   fitSides= naviIconColor=0}
08-31 19:15:54.722  2699  2699 I ViewRootImpl@fd261a7[LauncherActivity]: performTraversals mFirst=false windowShouldResize=false viewVisibilityChanged=false mForceNextWindowRelayout=false params={(0,0)(fillxfill) sim={adjust=nothing} layoutInDisplayCutoutMode=shortEdges ty=BASE_APPLICATION fmt=TRANSPARENT wanim=0x10302f4
08-31 19:15:54.722  2699  2699 I ViewRootImpl@fd261a7[LauncherActivity]:   fl=81910100
08-31 19:15:54.722  2699  2699 I ViewRootImpl@fd261a7[LauncherActivity]:   pfl=1e020040
08-31 19:15:54.722  2699  2699 I ViewRootImpl@fd261a7[LauncherActivity]:   vsysui=1700
08-31 19:15:54.722  2699  2699 I ViewRootImpl@fd261a7[LauncherActivity]:   bhv=SHOW_TRANSIENT_BARS_BY_SWIPE
08-31 19:15:54.722  2699  2699 I ViewRootImpl@fd261a7[LauncherActivity]:   fitSides= naviIconColor=0}
08-31 19:15:54.725  1549  1712 I ActivityManager: Changes in 10152 2 to 5, 15 to 8
08-31 19:15:54.725  1549  5119 D InputMethodManagerService: isImeSwitcherDisabledPackage : false
08-31 19:15:54.726  1243  1243 I Layer   : id=5801 removeFromCurrentState Letterbox - right#5801 (189)
08-31 19:15:54.726  1243  1243 I Layer   : id=5796 removeFromCurrentState ActivityRecord{aaef2df u0 com.EpicGames.AndroidQuickStart/com.epicgames.ue4.SplashActivity} t4614}#5796 (189)
08-31 19:15:54.726  1243  1243 I Layer   : id=5804 removeFromCurrentState 7ed4339 ActivityRecordInputSink com.EpicGames.AndroidQuickStart/com.epicgames.ue4.SplashActivity#5804 (189)
08-31 19:15:54.726  1243  1243 I SurfaceFlinger: id=5796 Removed ActivityRecord{aaef2df u0 com.EpicGames.AndroidQuickStart/com.epicgames.ue4.SplashActivity} t4614}#5796 (189)
08-31 19:15:54.726  1243  1243 I SurfaceFlinger: id=5801 Removed Letterbox - right#5801 (189)
08-31 19:15:54.726  1243  1243 I Layer   : id=5796 Destroyed ActivityRecord{aaef2df u0 com.EpicGames.AndroidQuickStart/com.epicgames.ue4.SplashActivity} t4614}#5796
08-31 19:15:54.726  1243  1243 I Layer   : id=5801 Destroyed Letterbox - right#5801
08-31 19:15:54.726  1549  2243 V WindowManager: Relayout Window{817a6e u0 com.sec.android.app.launcher/com.sec.android.app.launcher.activities.LauncherActivity}: viewVisibility=8 req=1080x2400 d0
08-31 19:15:54.726  1243  1243 I Layer   : id=5804 Destroyed 7ed4339 ActivityRecordInputSink com.EpicGames.AndroidQuickStart/com.epicgames.ue4.SplashActivity#5804
08-31 19:15:54.728  1549  5119 D InputMethodManagerService: shouldShowImeSwitcherLocked : checking vis : 3
08-31 19:15:54.728  2237  2354 I ViewRootImpl@5d2ab57[AndroidQuickStart]: mWNT: t=0xb4000073734d6bd0 mBlastBufferQueue=0xb4000073b349fb30 fn= 4 caller= android.view.SyncRtSurfaceTransactionApplier.applyTransaction:96 android.view.SyncRtSurfaceTransactionApplier.lambda$scheduleApply$0$android-view-SyncRtSurfaceTransactionApplier:69 android.view.SyncRtSurfaceTransactionApplier$$ExternalSyntheticLambda0.onFrameDraw:4 
08-31 19:15:54.728  1549  2243 V WindowManager: Relayout hash=817a6e, pid=2699, syncId=-1: mAttrs={(0,0)(fillxfill) sim={adjust=nothing} layoutInDisplayCutoutMode=shortEdges ty=BASE_APPLICATION fmt=TRANSPARENT wanim=0x10302f4
08-31 19:15:54.728  1549  2243 V WindowManager:   fl=81910100
08-31 19:15:54.728  1549  2243 V WindowManager:   pfl=1e020040
08-31 19:15:54.728  1549  2243 V WindowManager:   vsysui=1700
08-31 19:15:54.728  1549  2243 V WindowManager:   bhv=SHOW_TRANSIENT_BARS_BY_SWIPE
08-31 19:15:54.728  1549  2243 V WindowManager:   fitSides= naviIconColor=0}
08-31 19:15:54.728  1549  5119 D InputMethodManagerService: checkDisplayOfStartInputAndUpdateKeyboard: displayId=0, mFocusedDisplayId=0
08-31 19:15:54.728  1549  5119 D InputTransport: Input channel constructed: 'ClientS', fd=870
08-31 19:15:54.729  1549  5119 D InputTransport: Input channel destroyed: 'ClientS', fd=870
08-31 19:15:54.729  2699  2699 I ViewRootImpl@fd261a7[LauncherActivity]: Relayout returned: old=(0,0,1080,2400) new=(0,0,2320,1080) req=(1080,2400)8 dur=7 res=0x2 s={false 0x0} ch=false seqId=0
08-31 19:15:54.730  2699  2699 I Launcher.Workspace: setInsets(), workspacePadding : Rect(26, 132 - 26, 339), spacing: 38
08-31 19:15:54.730  2699  2699 I CustomPageIndicator: setPageIndicatorSize : 50
08-31 19:15:54.731  2699  2699 W Launcher.Hotseat: updateHotseatIconSize hotseatVisibleCellCount = 5 hotseatCellWidth = 196 hotseatCellHeight = 259 hotseatIconSizePx = 155 hotseatCellHeightPx = 155 hotseatBarSizePx = 259
08-31 19:15:54.731 19904 19904 D InputMethodManager: startInputInner - Id : 0
08-31 19:15:54.732  2699  2699 I PageEditPanel: updatePageEditPanelLayout : 3
08-31 19:15:54.732  2699  2699 I PageEditButton : updateButton
08-31 19:15:54.733  6886  6886 I HBD     : HoneyBoardService onFinishInput 
08-31 19:15:54.733  1549  2989 D RestrictionPolicy: isScreenCaptureEnabled : ret=true userId=0
08-31 19:15:54.733  2699  2699 I PageEditButton : updateButton
08-31 19:15:54.733  1549  2989 I WindowManager: Cancelling animation restarting=true, leash=Surface(name=Surface(name=9e8c818 InputMethod)/@0xbe49856 - animation-leash of insets_animation)/@0xf3b9978
08-31 19:15:54.733  1549  2989 I WindowManager: Reparenting to original parent: Surface(name=WindowToken{d76d14f type=2011 android.os.Binder@292bfae})/@0x53721be, destroy=false, surface=Surface(name=9e8c818 InputMethod)/@0xbe49856
08-31 19:15:54.733  1549  2989 I WindowManager: Reparenting to leash, surface=Surface(name=9e8c818 InputMethod)/@0xbe49856, leashParent=Surface(name=WindowToken{d76d14f type=2011 android.os.Binder@292bfae})/@0x53721be
08-31 19:15:54.733  1243  1952 I SurfaceFlinger: id=5823 createSurf flag=24004, Surface(name=9e8c818 InputMethod)/@0xbe49856 - animation-leash of insets_animation#5823
08-31 19:15:54.733  2699  2699 I PageEditButton : updateButton
08-31 19:15:54.734  6886  6886 I HBD     : a IC have been unbinding,  RemoteInputConnection{idHash=#9be8deb}
08-31 19:15:54.734  6886  6886 I HBD     : HoneyBoardService [PF_CL][onFinishInput]  1 ms 
08-31 19:15:54.734  6886  6886 I HBD     : HoneyBoardService [IMI] onStartInput - caller pid : 19904 , caller uid : 10389 
08-31 19:15:54.734  6886  6886 I HBD     : j updateConfigs 
08-31 19:15:54.734  6886  6886 I HBD     : j isEnabledNightMode : true 
08-31 19:15:54.734  6886  6886 I HBD     : a IC have been binding, RemoteInputConnection{idHash=#b567cde} 
08-31 19:15:54.734  6886  6886 I HBD     : h [EditorInputType]setPrivateImeOptionsToTable privateImeOptions ( null )
08-31 19:15:54.734  6886  6886 I HBD     : b incognitoMode : false 
08-31 19:15:54.734  6886  6886 I HBD     : a needOff = true , isForceOff = false, isNullInputClass : true 
08-31 19:15:54.734  6886  6886 I HBD     : h getDefaultInputRange : UNKNOWN 
08-31 19:15:54.734  1549  2989 D WindowManager: makeSurface duration=1 leash=Surface(name=Surface(name=9e8c818 InputMethod)/@0xbe49856 - animation-leash of insets_animation)/@0x689f073
08-31 19:15:54.734  6886  6886 I HBD     : h getDefaultInputRange : UNKNOWN 
08-31 19:15:54.734  6886  6886 I HBD     : h getDefaultInputRange : UNKNOWN 
08-31 19:15:54.735 19904 19958 D UE4     : EGL Extensions: 
08-31 19:15:54.735 19904 19958 D UE4     : EGL_ANDROID_front_buffer_auto_refresh EGL_ANDROID_get_frame_timestamps EGL_ANDROID_get_native_client_buffer EGL_ANDROID_presentation_time EGL_EXT_surface_CTA861_3_metadata EGL_EXT_surface_SMPTE2086_metadata EGL_KHR_get_all_proc_addresses EGL_KHR_swap_buffers_with_damage EGL_EXT_gl_colorspace_scrgb EGL_EXT_gl_colorspace_scrgb_linear EGL_EXT_gl_colorspace_display_p3_linear EGL_EXT_gl_colorspace_display_p3 EGL_EXT_gl_colorspace_display_p3_passthrough EGL_EXT_gl_colorspace_bt2020_linear EGL_EXT_gl_colorspace_bt2020_pq EGL_ANDROID_image_native_buffer EGL_ANDROID_native_fence_sync EGL_ANDROID_recordable EGL_EXT_create_context_robustness EGL_EXT_image_gl_colorspace EGL_EXT_pixel_format_float EGL_EXT_protected_content EGL_EXT_yuv_surface EGL_IMG_context_priority EGL_KHR_config_attribs EGL_KHR_create_context EGL_KHR_fence_sync EGL_KHR_gl_colorspace EGL_KHR_gl_renderbuffer_image EGL_KHR_gl_texture_2D_image EGL_KHR_gl_texture_cubemap_image EGL_KHR_image EGL_KHR_image_base EGL_KHR_mutable_render_buffer EGL_KHR_no_config
08-31 19:15:54.736  2699  2699 I PageEditButton : updateButton
08-31 19:15:54.737  2699  2699 I DefaultPageIcon: DefaultPage IconSize : 72
08-31 19:15:54.737  2699  2699 I DefaultPageIcon: DefaultPage Layout width : 108 height : 108
08-31 19:15:54.737  2699  2699 I Launcher.AppsContainerView: setInsets() => type: 0, context: com.android.launcher3.uioverrides.QuickstepLauncher@ecee613
08-31 19:15:54.737  2699  2699 I AppsLayoutInfo: Configuration : {1.0 226mcc10mnc [ro_RO] ldltr sw360dp w360dp h725dp 480dpi nrml long port night finger -keyb/v/h -nav/h winConfig={ mBounds=Rect(0, 0 - 1080, 2400) mAppBounds=Rect(0, 80 - 1080, 2256) mMaxBounds=Rect(0, 0 - 1080, 2400) mDisplayRotation=ROTATION_0 mWindowingMode=fullscreen mDisplayWindowingMode=fullscreen mActivityType=home mAlwaysOnTop=undefined mRotation=ROTATION_0 mPopOver=off mStageConfig=undefined mFreeformTaskPinningState=unpinned mFreeformStashState=undefined mDexTaskDockingState=undefined} s.2 fontWeightAdjustment=0 ff=0 bf=0 bts=0 desktop/d dm/n dc/d ?dcui themeSeq=0 nightDim=0} width : 1080 height : 2256 context : com.android.launcher3.uioverrides.QuickstepLauncher@ecee613, land: false
08-31 19:15:54.738  2699  2699 I AppsLayoutInfo: Landscape : false Tablet : false SmallTablet : false, taskbar: false
08-31 19:15:54.738  2699  2699 I AppsLayoutInfo: Landscape : false Tablet : false SmallTablet : false, taskbar: false
08-31 19:15:54.738  2699  2699 I SettingsHelper: policy Control Value : null
08-31 19:15:54.738 19904 19904 D InsetsController: onStateChanged: InsetsState: {mDisplayFrame=Rect(0, 0 - 2400, 1080), mDisplayCutout=DisplayCutout{insets=Rect(0, 0 - 80, 0) waterfall=Insets{left=0, top=0, right=0, bottom=0} boundingRect={Bounds=[Rect(0, 0 - 0, 0), Rect(0, 0 - 0, 0), Rect(2320, 510 - 2400, 570), Rect(0, 0 - 0, 0)]} cutoutPathParserInfo={CutoutPathParserInfo{displayWidth=1080 displayHeight=2400 physicalDisplayWidth=1080 physicalDisplayHeight=2400 density={3.0} cutoutSpec={M 0,0 H -10 V 26.66666666666667 H 10 V 0 H 0 Z @dp} rotation={3} scale={1.0} physicalPixelDisplaySizeRatio={1.0}}}}, mRoundedCorners=RoundedCorners{[RoundedCorner{position=TopLeft, radius=96, center=Point(96, 96)}, RoundedCorner{position=TopRight, radius=96, center=Point(2304, 96)}, RoundedCorner{position=BottomRight, radius=96, center=Point(2304, 984)}, RoundedCorner{position=BottomLeft, radius=96, center=Point(96, 984)}]}  mRoundedCornerFrame=Rect(0, 0 - 2400, 1080), mPrivacyIndicatorBounds=PrivacyIndicatorBounds {static bounds=Rect(2188, 0 - 2320, 72) rotation=3}, mSources= { InsetsSource: {mType=ITYPE_STATUS_BAR, mFrame=[0,0][2400,72], mVisible=false, mInsetsRoundedCornerFrame=false}, InsetsSource: {mType=ITYPE_NAVIGATION_BAR, mFrame=[0,0][144,1080], mVisible=false, mInsetsRoundedCornerFrame=false}, InsetsSource: {mType=ITYPE_LEFT_GESTURES, mFrame=[0,0][0,1080], mVisible=true, mInsetsRoundedCornerFrame=false}, InsetsSource: {mType=ITYPE_RIGHT_GESTURES, mFrame=[2320,0][2400,1080], mVisible=true, mInsetsRoundedCornerFrame=false}, InsetsSource: {mType=ITYPE_TOP_MANDATORY_GESTURES, mFrame=[0,0][2400,72], mVisible=true, mInsetsRoundedCornerFrame=false}, InsetsSource: {mType=ITYPE_BOTTOM_MANDATORY_GESTURES, mFrame=[0,0][144,1080], mVisible=true, mInsetsRoundedCornerFrame=false}, InsetsSource: {mType=ITYPE_LEFT_DISPLAY_CUTOUT, mFrame=[0,0][-100000,1080], mVisible=true, mInsetsRoundedCornerFrame=false}, InsetsSource: {mType=ITYPE_TOP_DISPLAY_CUTOUT, mFrame=[0,0][2400,-100000], mVisible=true, mInsetsRoundedCornerFrame=false}, InsetsSource: {mType=ITYPE_RIGHT_DISPLAY_CUTOUT, mFrame=[2320,0][2400,1080], mVisible=true, mInsetsRoundedCornerFrame=false}, InsetsSource: {mType=ITYPE_BOTTOM_DISPLAY_CUTOUT, mFrame=[0,100000][2400,1080], mVisible=true, mInsetsRoundedCornerFrame=false}, InsetsSource: {mType=ITYPE_TOP_TAPPABLE_ELEMENT, mFrame=[0,0][2400,72], mVisible=true, mInsetsRoundedCornerFrame=false}, InsetsSource: {mType=ITYPE_BOTTOM_TAPPABLE_ELEMENT, mFrame=[0,0][144,1080], mVisible=true, mInsetsRoundedCornerFrame=false}, InsetsSource: {mType=ITYPE_IME, mFrame=[0,0][0,0], mVisible=false, mInsetsRoundedCornerFrame=false} } host=com.EpicGames.AndroidQuickStart/com.epicgames.ue4.GameActivity from=android.view.ViewRootImpl$ViewRootHandler.handleMessageImpl:6740
08-31 19:15:54.739  1549  2963 D MARs:ActiveTrafficFilter: filter : com.microsoft.teams(0)
08-31 19:15:54.739  1549  2963 D FreecessController: com.microsoft.teams(10016) is important[8]
08-31 19:15:54.739  6886  6886 I HBD     : a needOff = true , isForceOff = false, isNullInputClass : true 
08-31 19:15:54.739  6886  6886 I HBD     : a update cached prediction status : false 
08-31 19:15:54.739  2699  2699 I AppsLayoutInfo: pageIndicatorBottom : 170, indicatorBottom: 26
08-31 19:15:54.740  2699  2699 W HsDeviceProfile: invIconSizeRatio apps: 6.9
08-31 19:15:54.740  6886  6886 I HBD     : h getDefaultInputRange : UNKNOWN 
08-31 19:15:54.740  6886  6886 I HBD     : a currentState : 0 
08-31 19:15:54.740  2699  2699 I CustomPageIndicator: setPageIndicatorSize : 50
08-31 19:15:54.740  2699  2699 I Launcher.AppsPagedView: setLayout(), l: 38, r: 38, b: 103, spacing: 39
08-31 19:15:54.741  1549  2989 D InputMethodManagerService: isImeSwitcherDisabledPackage : false
08-31 19:15:54.741  2699  2699 I RecentsOrientedState: current RecentsOrientedState: [this=RecentsOrientedState@183156154 mOrientationHandler=PortraitPagedViewHandler@60662891 mDisplayRotation=0 mTouchRotation=0 mRecentsActivityRotation=0 mRecentsRotation=0 isRecentsActivityRotationAllowed=true mSystemRotation=false mStateId=37760 mFlags=295]
08-31 19:15:54.741  2699  2699 I RecentsViewCallbacksImpl: updateOrientationHandler
08-31 19:15:54.742  2699  2699 I RecentsViewCallbacksImpl: updateSizeAndPadding
08-31 19:15:54.742  2699  2699 I RecentsViewCallbacksImpl: updateGridProperties
08-31 19:15:54.743  1243  1243 I Layer   : id=5769 removeFromCurrentState Surface(name=9e8c818 InputMethod)/@0xbe49856 - animation-leash of insets_animation#5769 (187)
08-31 19:15:54.744  6886  6886 I HBD     : a [UpdatePolicy] [post] a: 0 cl: 3407872 kit: [0/0] vt: 4 ir: 1 
08-31 19:15:54.744  6886  6886 I HBD     : a [NRIC] resetNoResponseState 
08-31 19:15:54.744  6886  6886 I HBD     : a needOff = true , isForceOff = false, isNullInputClass : true 
08-31 19:15:54.744  6886  6886 I HBD     : a update cached prediction status : false 
08-31 19:15:54.745  2237  2355 I ViewRootImpl@5d2ab57[AndroidQuickStart]: mWNT: t=0xb4000073734d6bd0 mBlastBufferQueue=0xb4000073b349fb30 fn= 5 caller= android.view.SyncRtSurfaceTransactionApplier.applyTransaction:96 android.view.SyncRtSurfaceTransactionApplier.lambda$scheduleApply$0$android-view-SyncRtSurfaceTransactionApplier:69 android.view.SyncRtSurfaceTransactionApplier$$ExternalSyntheticLambda0.onFrameDraw:4 
08-31 19:15:54.749  2699  2699 I RecentsView: Skip loading task enabled : false  changeId : -1
08-31 19:15:54.750  2699  2699 I SuggestedAppsViewImpl: calculate 196-38 layout : 1004
08-31 19:15:54.750  2699  2699 I AppsTransitionController: setState - toState : Normal
08-31 19:15:54.750  2699  2699 I HomeStateTransitionController: workspace child count: 4
08-31 19:15:54.751  2699  2699 I PartialBlurUtils: finishExitingPageEdit
08-31 19:15:54.751  2699  2699 I PartialBlurUtils: finishExitingPageEdit
08-31 19:15:54.751  2699  2699 I PartialBlurUtils: finishExitingPageEdit
08-31 19:15:54.751  2699  2699 I PartialBlurUtils: finishExitingPageEdit
08-31 19:15:54.752  2699  2699 I CapturePreview: notifyCaptureIfNecessary
08-31 19:15:54.753  2699  2699 I SuggestedAppsAnimationCreator: createAnimator: show = false
08-31 19:15:54.753  2699  2699 I SuggestedAppsAnimationCreator: resetAnimatorProperty: return already toAlpha
08-31 19:15:54.753  2699  2699 I SuggestedAppsAnimationCreator: cancelAnimator
08-31 19:15:54.753 19904 19958 D UE4     : FAndroidGPUInfo
08-31 19:15:54.753 19904 19958 D UE4     : AndroidEGL::InitRenderSurface 1, 1
08-31 19:15:54.753 19904 19958 D UE4     : AndroidEGL::InitRenderSurface, wnd: 0x7443457530, width: 8, height 8 
08-31 19:15:54.753 19904 19958 D UE4     : AndroidEGL::CreateEGLRenderSurface() 0x733342dc40
08-31 19:15:54.753 19904 19958 D UE4     : AndroidEGL::InitSharedSurface 1
08-31 19:15:54.753 19904 19958 D UE4     : AndroidEGL::InitSharedSurface, width: 8, height 8 
08-31 19:15:54.753 19904 19958 D UE4     : AndroidEGL::CreateEGLSharedSurface(), auxSurface = eglCreatePbufferSurface(), 8x8
08-31 19:15:54.754  2699  2699 I PageEditTransitionController: setState - from : Normal to : Normal
08-31 19:15:54.754  2699  2699 I StateManager: reapplyState mStateChanged is false
08-31 19:15:54.754  2699  2699 I LauncherRootView: handleSystemWindowInsets Rect(0, 0 - 0, 0)
08-31 19:15:54.756  1243  1952 I SurfaceFlinger: id=5769 Removed Surface(name=9e8c818 InputMethod)/@0xbe49856 - animation-leash of insets_animation#5769 (187)
08-31 19:15:54.756  1549  2243 E WindowManager: win=Window{817a6e u0 com.sec.android.app.launcher/com.sec.android.app.launcher.activities.LauncherActivity} destroySurfaces: appStopped=true cleanupOnResume=false win.mWindowRemovalAllowed=false win.mRemoveOnExit=false win.mViewVisibility=8 caller=com.android.server.wm.ActivityRecord.destroySurfaces:6539 com.android.server.wm.ActivityRecord.destroySurfaces:6520 com.android.server.wm.ActivityRecord.notifyAppStopped:6584 com.android.server.wm.ActivityRecord.activityStopped:7172 com.android.server.wm.ActivityClientController.activityStopped:258 android.app.IActivityClientController$Stub.onTransact:613 com.android.server.wm.ActivityClientController.onTransact:136 
08-31 19:15:54.756  2699  2699 W SearchLauncherServiceMover: isMoving : false
08-31 19:15:54.756  2699  2699 I SPayUpdater: updateSpayHandler launcher activity is paused true
08-31 19:15:54.756  1549  2243 I WindowManager: Destroying surface Surface(name=com.sec.android.app.launcher/com.sec.android.app.launcher.activities.LauncherActivity$_2699)/@0xb469d2e called by com.android.server.wm.WindowStateAnimator.destroySurface:942 com.android.server.wm.WindowStateAnimator.destroySurfaceLocked:536 com.android.server.wm.WindowState.destroySurfaceUnchecked:4306 com.android.server.wm.WindowState.destroySurface:4280 com.android.server.wm.ActivityRecord.destroySurfaces:6539 com.android.server.wm.ActivityRecord.destroySurfaces:6520 com.android.server.wm.ActivityRecord.notifyAppStopped:6584 com.android.server.wm.ActivityRecord.activityStopped:7172 
08-31 19:15:54.757  1549  2243 D ActivityTaskManager: mStartingWindow and mStartingData is null for token=ActivityRecord{f0542f4 u0 com.sec.android.app.launcher/.activities.LauncherActivity} t4561}
08-31 19:15:54.759  1243  1243 I Layer   : id=5788 removeFromCurrentState com.sec.android.app.launcher/com.sec.android.app.launcher.activities.LauncherActivity$_2699#5788 (187)
08-31 19:15:54.759  1243  1243 I SurfaceFlinger: id=5788 Removed com.sec.android.app.launcher/com.sec.android.app.launcher.activities.LauncherActivity$_2699#5788 (187)
08-31 19:15:54.759  1243  1243 I Layer   : id=5769 Destroyed Surface(name=9e8c818 InputMethod)/@0xbe49856 - animation-leash of insets_animation#5769
08-31 19:15:54.760  1243  1243 I Layer   : id=5788 Destroyed com.sec.android.app.launcher/com.sec.android.app.launcher.activities.LauncherActivity$_2699#5788
08-31 19:15:54.761  2237  2331 D OpenGLRenderer: setSurface called with nullptr
08-31 19:15:54.761  2237  2331 D OpenGLRenderer: setSurface() destroyed EGLSurface
08-31 19:15:54.761  2237  2331 D OpenGLRenderer: destroyEglSurface
08-31 19:15:54.762  1549  2243 I AppOps  : updateUidProcState uid: 10063 procState: 0 capability:15
08-31 19:15:54.763  2237  2327 I ViewRootImpl@5d2ab57[AndroidQuickStart]: performTraversals params={(0,0)(fillxfill) sim={adjust=pan} ty=APPLICATION_STARTING fmt=TRANSLUCENT wanim=0x1030001 alpha=0.0
08-31 19:15:54.763  2237  2327 I ViewRootImpl@5d2ab57[AndroidQuickStart]:   fl=81030118
08-31 19:15:54.763  2237  2327 I ViewRootImpl@5d2ab57[AndroidQuickStart]:   pfl=16000010
08-31 19:15:54.763  2237  2327 I ViewRootImpl@5d2ab57[AndroidQuickStart]:   bhv=DEFAULT
08-31 19:15:54.763  2237  2327 I ViewRootImpl@5d2ab57[AndroidQuickStart]:   fitSides= naviIconColor=0}
08-31 19:15:54.763  2237  2327 I ViewRootImpl@5d2ab57[AndroidQuickStart]: performTraversals mFirst=false windowShouldResize=false viewVisibilityChanged=true mForceNextWindowRelayout=false params={(0,0)(fillxfill) sim={adjust=pan} ty=APPLICATION_STARTING fmt=TRANSLUCENT wanim=0x1030001 alpha=0.0
08-31 19:15:54.763  2237  2327 I ViewRootImpl@5d2ab57[AndroidQuickStart]:   fl=81030118
08-31 19:15:54.763  2237  2327 I ViewRootImpl@5d2ab57[AndroidQuickStart]:   pfl=16000010
08-31 19:15:54.763  2237  2327 I ViewRootImpl@5d2ab57[AndroidQuickStart]:   bhv=DEFAULT
08-31 19:15:54.763  2237  2327 I ViewRootImpl@5d2ab57[AndroidQuickStart]:   fitSides= naviIconColor=0}
08-31 19:15:54.763  1549  2448 V WindowManager: Relayout Window{eb00f8c u0 Splash Screen com.EpicGames.AndroidQuickStart}: viewVisibility=8 req=2320x1080 d0
08-31 19:15:54.764  1388  4114 I CameraService: onUidStateChanged: uid=10063, procState is changed. (1 -> 0)
08-31 19:15:54.764 19904 19904 V ViewRootImpl@7b4b9f0[GameActivity]: updateAppliedLetterboxDirection, direction=0, Caller=android.view.ViewRootImpl.handleDispatchLetterboxDirectionChanged:13665
08-31 19:15:54.764 19904 19904 V ViewRootImpl@77e720e[GameActivity]: updateAppliedLetterboxDirection, direction=0, Caller=android.view.ViewRootImpl.handleDispatchLetterboxDirectionChanged:13665
08-31 19:15:54.765  6886  6886 I HBD     : HoneyBoardService [PF_OP][onStartInput]  31 ms 
08-31 19:15:54.765  1549  2448 V WindowManager: Relayout hash=eb00f8c, pid=2237, syncId=-1: mAttrs={(0,0)(fillxfill) sim={adjust=pan} ty=APPLICATION_STARTING fmt=TRANSLUCENT wanim=0x1030001 alpha=0.0
08-31 19:15:54.765  1549  2448 V WindowManager:   fl=81030118
08-31 19:15:54.765  1549  2448 V WindowManager:   pfl=16000010
08-31 19:15:54.765  1549  2448 V WindowManager:   bhv=DEFAULT
08-31 19:15:54.765  1549  2448 V WindowManager:   fitSides= naviIconColor=0}
08-31 19:15:54.765  6886  6886 I InputMethodService: removeImeSurface
08-31 19:15:54.765  2237  2327 D InsetsController: onStateChanged: InsetsState: {mDisplayFrame=Rect(0, 0 - 2400, 1080), mDisplayCutout=DisplayCutout{insets=Rect(0, 0 - 80, 0) waterfall=Insets{left=0, top=0, right=0, bottom=0} boundingRect={Bounds=[Rect(0, 0 - 0, 0), Rect(0, 0 - 0, 0), Rect(2320, 510 - 2400, 570), Rect(0, 0 - 0, 0)]} cutoutPathParserInfo={CutoutPathParserInfo{displayWidth=1080 displayHeight=2400 physicalDisplayWidth=1080 physicalDisplayHeight=2400 density={3.0} cutoutSpec={M 0,0 H -10 V 26.66666666666667 H 10 V 0 H 0 Z @dp} rotation={3} scale={1.0} physicalPixelDisplaySizeRatio={1.0}}}}, mRoundedCorners=RoundedCorners{[RoundedCorner{position=TopLeft, radius=96, center=Point(96, 96)}, RoundedCorner{position=TopRight, radius=96, center=Point(2304, 96)}, RoundedCorner{position=BottomRight, radius=96, center=Point(2304, 984)}, RoundedCorner{position=BottomLeft, radius=96, center=Point(96, 984)}]}  mRoundedCornerFrame=Rect(0, 0 - 2400, 1080), mPrivacyIndicatorBounds=PrivacyIndicatorBounds {static bounds=Rect(2188, 0 - 2320, 72) rotation=3}, mSources= { InsetsSource: {mType=ITYPE_STATUS_BAR, mFrame=[0,0][2400,72], mVisible=false, mInsetsRoundedCornerFrame=false}, InsetsSource: {mType=ITYPE_NAVIGATION_BAR, mFrame=[0,0][144,1080], mVisible=false, mInsetsRoundedCornerFrame=false}, InsetsSource: {mType=ITYPE_LEFT_GESTURES, mFrame=[0,0][0,1080], mVisible=true, mInsetsRoundedCornerFrame=false}, InsetsSource: {mType=ITYPE_RIGHT_GESTURES, mFrame=[2320,0][2400,1080], mVisible=true, mInsetsRoundedCornerFrame=false}, InsetsSource: {mType=ITYPE_TOP_MANDATORY_GESTURES, mFrame=[0,0][2400,72], mVisible=true, mInsetsRoundedCornerFrame=false}, InsetsSource: {mType=ITYPE_BOTTOM_MANDATORY_GESTURES, mFrame=[0,0][144,1080], mVisible=true, mInsetsRoundedCornerFrame=false}, InsetsSource: {mType=ITYPE_LEFT_DISPLAY_CUTOUT, mFrame=[0,0][-100000,1080], mVisible=true, mInsetsRoundedCornerFrame=false}, InsetsSource: {mType=ITYPE_TOP_DISPLAY_CUTOUT, mFrame=[0,0][2400,-100000], mVisible=true, mInsetsRoundedCornerFrame=false}, InsetsSource: {mType=ITYPE_RIGHT_DISPLAY_CUTOUT, mFrame=[2320,0][2400,1080], mVisible=true, mInsetsRoundedCornerFrame=false}, InsetsSource: {mType=ITYPE_BOTTOM_DISPLAY_CUTOUT, mFrame=[0,100000][2400,1080], mVisible=true, mInsetsRoundedCornerFrame=false}, InsetsSource: {mType=ITYPE_TOP_TAPPABLE_ELEMENT, mFrame=[0,0][2400,72], mVisible=true, mInsetsRoundedCornerFrame=false}, InsetsSource: {mType=ITYPE_BOTTOM_TAPPABLE_ELEMENT, mFrame=[0,0][144,1080], mVisible=true, mInsetsRoundedCornerFrame=false}, InsetsSource: {mType=ITYPE_IME, mFrame=[0,0][0,0], mVisible=false, mInsetsRoundedCornerFrame=false} } host=Splash Screen com.EpicGames.AndroidQuickStart from=android.view.ViewRootImpl.relayoutWindow:9802
08-31 19:15:54.766  1549  2963 D MARs:ActiveTrafficFilter: filter : com.yandex.browser(0)
08-31 19:15:54.766  1549  2963 D FreecessController: com.yandex.browser(10575) is important[8]
08-31 19:15:54.766  6886  6886 I MSHandlerLifeCycle: check: return. pkg=com.samsung.android.honeyboard isActivity=false callers=com.android.internal.policy.DecorView.setVisibility:4416 android.app.Dialog.hide:767 android.inputmethodservice.InputMethodService.removeImeSurface:1290 android.inputmethodservice.InputMethodService.scheduleImeSurfaceRemoval:1279 android.inputmethodservice.InputMethodService.-$$Nest$mscheduleImeSurfaceRemoval:0 
08-31 19:15:54.766  6886  6886 I MSHandlerLifeCycle: removeMultiSplitHandler: no exist. decor=DecorView@f65eeff[InputMethod]
08-31 19:15:54.766  2237  2327 I ViewRootImpl@5d2ab57[AndroidQuickStart]: Relayout returned: old=(0,0,2320,1080) new=(0,0,2320,1080) req=(2320,1080)8 dur=3 res=0x2 s={false 0x0} ch=true seqId=0
08-31 19:15:54.766  1549  2448 D CoreBackPreview: Window{eb00f8c u0 Splash Screen com.EpicGames.AndroidQuickStart}: Setting back callback null
08-31 19:15:54.767  2237  2327 I ViewRootImpl@5d2ab57[AndroidQuickStart]: dispatchDetachedFromWindow
08-31 19:15:54.767  1549  2989 D WindowManager: Starting window removed Window{eb00f8c u0 Splash Screen com.EpicGames.AndroidQuickStart}
08-31 19:15:54.767  1549  2989 I WindowManager: Cancelling animation restarting=false, leash=Surface(name=Surface(name=5cde32a com.EpicGames.AndroidQuickStart/com.epicgames.ue4.GameActivity)/@0x6cbad82 - animation-leash of starting_reveal)/@0x9c17eef
08-31 19:15:54.767  1549  2989 I WindowManager: Reparenting to original parent: Surface(name=ActivityRecord{b6d9880 u0 com.EpicGames.AndroidQuickStart/com.epicgames.ue4.GameActivity} t4614})/@0x822ac93, destroy=false, surface=Surface(name=5cde32a com.EpicGames.AndroidQuickStart/com.epicgames.ue4.GameActivity)/@0x6cbad82
08-31 19:15:54.767  1549  2989 D InputTransport: Input channel destroyed: 'eb00f8c', fd=777
08-31 19:15:54.767  1549  2989 W InputManager-JNI: Input channel object 'eb00f8c Splash Screen com.EpicGames.AndroidQuickStart (client)' was disposed without first being removed with the input manager!
08-31 19:15:54.767  1549  2989 D InputTransport: Input channel destroyed: 'eb00f8c', fd=852
08-31 19:15:54.767  1549  2989 V WindowManager: Remove Window{eb00f8c u0 Splash Screen com.EpicGames.AndroidQuickStart}: mSurfaceController=Surface(name=Splash Screen com.EpicGames.AndroidQuickStart$_2237)/@0x17c3a5c mAnimatingExit=false mRemoveOnExit=false mHasSurface=true surfaceShowing=false animating=false app-animation=false mWillReplaceWindow=false mDisplayFrozen=false callers=com.android.server.wm.WindowState.removeIfPossible:3041 com.android.server.wm.WindowManagerService.removeWindow:2282 com.android.server.wm.Session.remove:236 android.view.IWindowSession$Stub.onTransact:743 com.android.server.wm.Session.onTransact:188 android.os.Binder.execTransactInternal:1316 
08-31 19:15:54.767  1549  2989 I WindowManager: Destroying surface Surface(name=Splash Screen com.EpicGames.AndroidQuickStart$_2237)/@0x17c3a5c called by com.android.server.wm.WindowStateAnimator.destroySurface:942 com.android.server.wm.WindowStateAnimator.destroySurfaceLocked:536 com.android.server.wm.WindowState.removeImmediately:2969 com.android.server.wm.WindowState.removeIfPossible:3228 com.android.server.wm.WindowState.removeIfPossible:3041 com.android.server.wm.WindowManagerService.removeWindow:2282 com.android.server.wm.Session.remove:236 android.view.IWindowSession$Stub.onTransact:743 
08-31 19:15:54.769  2237  2327 D InputTransport: Input channel destroyed: 'eb00f8c', fd=300
08-31 19:15:54.769  2237  2327 V ViewRootImpl@5d2ab57[AndroidQuickStart]: updateAppliedLetterboxDirection, direction=0, Caller=android.view.ViewRootImpl.handleDispatchLetterboxDirectionChanged:13665
08-31 19:15:54.776  1243  1243 I Layer   : Layer [Splash Screen com.EpicGames.AndroidQuickStart$_2237#5800] hidden!! flag(1)
08-31 19:15:54.776  1243  1243 I Layer   : id=5797 removeFromCurrentState eb00f8c Splash Screen com.EpicGames.AndroidQuickStart#5797 (185)
08-31 19:15:54.776  1243  1243 I Layer   : id=5800 removeFromCurrentState Splash Screen com.EpicGames.AndroidQuickStart$_2237#5800 (185)
08-31 19:15:54.777  1243  1243 I Layer   : id=5822 removeFromCurrentState Surface(name=5cde32a com.EpicGames.AndroidQuickStart/com.epicgames.ue4.GameActivity)/@0x6cbad82 - animation-leash of starting_reveal#5822 (185)
08-31 19:15:54.777  1243  1243 I Layer   : id=5800 removeFromCurrentState Splash Screen com.EpicGames.AndroidQuickStart$_2237#5800 (185)
08-31 19:15:54.777  1243  1243 I SurfaceFlinger: id=5800 Removed Splash Screen com.EpicGames.AndroidQuickStart$_2237#5800 (185)
08-31 19:15:54.777  1243  1243 I SurfaceFlinger: id=5797 Removed eb00f8c Splash Screen com.EpicGames.AndroidQuickStart#5797 (185)
08-31 19:15:54.777  1243  1243 I Layer   : id=5797 Destroyed eb00f8c Splash Screen com.EpicGames.AndroidQuickStart#5797
08-31 19:15:54.781  1243  1243 I Layer   : id=5800 Destroyed Splash Screen com.EpicGames.AndroidQuickStart$_2237#5800
08-31 19:15:54.783 19904 19904 V ViewRootImpl@77e720e[GameActivity]: updateAppliedLetterboxDirection, direction=2, Caller=android.view.ViewRootImpl.handleDispatchLetterboxDirectionChanged:13665
08-31 19:15:54.783 19904 19904 V ViewRootImpl@7b4b9f0[GameActivity]: updateAppliedLetterboxDirection, direction=2, Caller=android.view.ViewRootImpl.handleDispatchLetterboxDirectionChanged:13665
08-31 19:15:54.783  1243  1243 D SurfaceFlinger: Display 4633128672291735937 HWC layers:
08-31 19:15:54.783  1243  1243 D SurfaceFlinger:  SOLID_COLOR |              | 0000 |  Unknown  |    0.0    0.0    0.0    0.0 |    0    0 1080   80 | Letterbox - right#5806
08-31 19:15:54.783  1243  1243 D SurfaceFlinger:  SOLID_COLOR |              | 0002 |  Unknown  |    0.0    0.0    0.0    0.0 |    0   80 1080 2400 | Background for SurfaceView[com.EpicG[...]m.epicgames.ue4.GameActivity]@0#5821
08-31 19:15:54.783  1243  1243 D SurfaceFlinger:      DEVICE | 0xb4000075db1c9c90 | 0100 | RGBA_8888    |    0.0    0.0 1080.0 2320.0 |    0   80 1080 2400 | com.EpicGames.AndroidQuickStart/com.epicgames.ue4.GameActivity$_19904#5815
08-31 19:15:54.783  1243  1243 D SurfaceFlinger:      DEVICE | 0xb4000075db1bf810 | 0100 | RGBA_8888    |    0.0    0.0 1080.0 2320.0 |    0   80 1080 2400 | com.EpicGames.AndroidQuickStart/com.epicgames.ue4.GameActivity$_19904#5814
08-31 19:15:54.783  1243  1243 D SurfaceFlinger:      DEVICE | 0xb4000075db1b4210 | 0100 | RGBA_8888    |    6.0    0.0   72.0 2400.0 |    0    0   66 2400 | StatusBar$_2237#88
08-31 19:15:54.783  1243  1243 D SurfaceFlinger:      DEVICE | 0xb4000075db1bca90 | 0100 | RGBA_8888    |    0.0    0.0 1070.0  144.0 |   10 2256 1080 2400 | NavigationBar0$_2237#85
08-31 19:15:54.783  1243  1243 D SurfaceFlinger: 
08-31 19:15:54.862 19904 19933 V UE4     : [NetworkChangedManager] Connectivity hasn't changed. Current state: CONNECTION_AVAILABLE
08-31 19:15:54.862 19904 19933 V UE4     : [NetworkChangedManager] Full network check complete. State: CONNECTION_AVAILABLE
08-31 19:15:54.885  3573  3573 D BoundBrokerSvc: onUnbind: Intent { act=com.google.android.gms.checkin.START pkg=com.google.android.gms }
08-31 19:15:54.888  1549  2501 D MdnieScenarioControlService:  packageName : com.EpicGames.AndroidQuickStart    className : com.epicgames.ue4.GameActivity
08-31 19:15:54.888  1549  2501 V MdnieScenarioControlService: setUIMode from UI function(3)
08-31 19:15:54.906  3316  3316 D BoundBrokerSvc: onUnbind: Intent { act=com.google.android.gms.icing.LIGHTWEIGHT_INDEX_SERVICE dat=chimera-action:/... cmp=com.google.android.gms/.chimera.PersistentApiService }
08-31 19:15:54.911  1133 19902 I HYPER-HAL: [ResourceManager.cpp]removeResource(): [CPUMinFreq] RemoveResource Request ID : 1228546
08-31 19:15:54.911  1133 19902 I HYPER-HAL: [RequestManager.cpp]releaseLocked(): Released ID : 1228546
08-31 19:15:54.943  1243  1243 I SurfaceFlinger: SFWD update time=22451879681709
08-31 19:15:54.946  1243  1243 D SurfaceFlinger: Display 4633128672291735937 HWC layers:
08-31 19:15:54.946  1243  1243 D SurfaceFlinger:  SOLID_COLOR |              | 0000 |  Unknown  |    0.0    0.0    0.0    0.0 |    0    0 1080   80 | Letterbox - right#5806
08-31 19:15:54.946  1243  1243 D SurfaceFlinger:  SOLID_COLOR |              | 0002 |  Unknown  |    0.0    0.0    0.0    0.0 |    0   80 1080 2400 | Background for SurfaceView[com.EpicG[...]m.epicgames.ue4.GameActivity]@0#5821
08-31 19:15:54.946  1243  1243 D SurfaceFlinger:      DEVICE | 0xb4000075db1b1490 | 0100 | RGBA_8888    |    0.0    0.0 1080.0 2320.0 |    0   80 1080 2400 | com.EpicGames.AndroidQuickStart/com.epicgames.ue4.GameActivity$_19904#5815
08-31 19:15:54.946  1243  1243 D SurfaceFlinger:      DEVICE | 0xb4000075db1d1550 | 0100 | RGBA_8888    |    0.0    0.0 1080.0 2320.0 |    0   80 1080 2400 | com.EpicGames.AndroidQuickStart/com.epicgames.ue4.GameActivity$_19904#5814
08-31 19:15:54.946  1243  1243 D SurfaceFlinger:      DEVICE | 0xb4000075db1bca90 | 0100 | RGBA_8888    |    0.0    0.0  949.0  144.0 |  131 2256 1080 2400 | NavigationBar0$_2237#85
08-31 19:15:54.946  1243  1243 D SurfaceFlinger: 
08-31 19:15:54.977  1549  1713 I WindowManager: Reparenting to original parent: Surface(name=Leaf:15:15)/@0xb57d34f, destroy=true, surface=Surface(name=WindowToken{aade65e type=2000 android.os.BinderProxy@85694e0})/@0xd0b3b7d
08-31 19:15:54.977  1549  1713 I WindowManager: Reparenting to original parent: Surface(name=Leaf:18:23)/@0x8dd92ba, destroy=true, surface=Surface(name=WindowToken{900fd45 type=2226 android.os.BinderProxy@f36e9bc})/@0x5fd47e5
08-31 19:15:54.986  1133 19983 I HYPER-HAL: [ResourceManager.cpp]removeResource(): [CPUMinFreq] RemoveResource Request ID : 1230115
08-31 19:15:54.986  1133 19983 I HYPER-HAL: [RequestManager.cpp]releaseLocked(): Released ID : 1230115
08-31 19:15:54.989  1549  2501 V MdnieScenarioControlService: mAclOffEnabled : false mAclPreviewState : false mAclCompensationState : true
08-31 19:15:54.993  1243  1243 I Layer   : id=5811 removeFromCurrentState Surface(name=WindowToken{aade65e type=2000 android.os.BinderProxy@85694e0})/@0xd0b3b7d - animation-leash of token_transform#5811 (183)
08-31 19:15:54.993  1243  1243 I Layer   : id=5812 removeFromCurrentState Surface(name=WindowToken{900fd45 type=2226 android.os.BinderProxy@f36e9bc})/@0x5fd47e5 - animation-leash of token_transform#5812 (183)
08-31 19:15:54.993  1243  1243 I SurfaceFlinger: id=5812 Removed Surface(name=WindowToken{900fd45 type=2226 android.os.BinderProxy@f36e9bc})/@0x5fd47e5 - animation-leash of token_transform#5812 (183)
08-31 19:15:54.993  1243  1243 I SurfaceFlinger: id=5811 Removed Surface(name=WindowToken{aade65e type=2000 android.os.BinderProxy@85694e0})/@0xd0b3b7d - animation-leash of token_transform#5811 (183)
08-31 19:15:54.994  1243  1243 I Layer   : id=5811 Destroyed Surface(name=WindowToken{aade65e type=2000 android.os.BinderProxy@85694e0})/@0xd0b3b7d - animation-leash of token_transform#5811
08-31 19:15:54.994  1243  1243 I Layer   : id=5812 Destroyed Surface(name=WindowToken{900fd45 type=2226 android.os.BinderProxy@f36e9bc})/@0x5fd47e5 - animation-leash of token_transform#5812
08-31 19:15:55.046  1243  1243 D SurfaceFlinger: Display 4633128672291735937 HWC layers:
08-31 19:15:55.046  1243  1243 D SurfaceFlinger:  SOLID_COLOR |              | 0000 |  Unknown  |    0.0    0.0    0.0    0.0 |    0    0 1080   80 | Letterbox - right#5806
08-31 19:15:55.046  1243  1243 D SurfaceFlinger:  SOLID_COLOR |              | 0002 |  Unknown  |    0.0    0.0    0.0    0.0 |    0   80 1080 2400 | Background for SurfaceView[com.EpicG[...]m.epicgames.ue4.GameActivity]@0#5821
08-31 19:15:55.046  1243  1243 D SurfaceFlinger:      DEVICE | 0xb4000075db1b1490 | 0100 | RGBA_8888    |    0.0    0.0 1080.0 2320.0 |    0   80 1080 2400 | com.EpicGames.AndroidQuickStart/com.epicgames.ue4.GameActivity$_19904#5815
08-31 19:15:55.046  1243  1243 D SurfaceFlinger:      DEVICE | 0xb4000075db1d1550 | 0100 | RGBA_8888    |    0.0    0.0 1080.0 2320.0 |    0   80 1080 2400 | com.EpicGames.AndroidQuickStart/com.epicgames.ue4.GameActivity$_19904#5814
08-31 19:15:55.046  1243  1243 D SurfaceFlinger: 
08-31 19:15:55.061 19904 19904 D InsetsController: cancelAnimation of types: 3, animType: 1, host: com.EpicGames.AndroidQuickStart/com.epicgames.ue4.GameActivity, from:android.view.InsetsController.notifyFinished:1375 android.view.InsetsAnimationThreadControlRunner$1.lambda$notifyFinished$0$android-view-InsetsAnimationThreadControlRunner$1:84 android.view.InsetsAnimationThreadControlRunner$1$$ExternalSyntheticLambda1.run:4 
08-31 19:15:55.107  1549  2989 I ActivityManager: Changes in 10245 5 to 17, 8 to 0
08-31 19:15:55.108  5492  5492 I dnpg    : onStop
08-31 19:15:55.234  1549  1712 D SGM:GameManager: identifyForegroundApp. com.EpicGames.AndroidQuickStart, mCurrentUserId: 0, callerUserId: 0
08-31 19:15:55.235  1549  1712 D SGM:PkgDataHelper: getGamePkgData(). com.EpicGames.AndroidQuickStart
08-31 19:15:55.235  1549  1712 D SGM:SemGameManager: isForegroundGame(), ret=false
08-31 19:15:55.235  1549 19991 D TspStateManager: wrote command: cmd=2,1,45,15,16,16,47,47, type=2
08-31 19:15:55.236  1171  1171 I sysinput:Touch: writeInformation:249, OK
08-31 19:15:55.236  1549  1922 D SysinputHAL_V1_3(V1_2): runTspCmdNoRead(1): set_grip_data,2,1,45,15,16,16,47,47(0)
08-31 19:15:55.351  2994  3263 D ScanFilter: manu data matches
