08-31 19:15:54.425  2237  2237 D PagedTileLayout: pages count is changed (3 -> 2 ), pageRestore=-1
08-31 19:15:54.426  1243  1243 I Layer   : id=5789 removeFromCurrentState com.samsung.android.app.cocktailbarservice/com.samsung.android.app.cocktailbarservice.CocktailBarService$_5270#5789 (179)
08-31 19:15:54.426  5270  5270 I ViewRootImpl@e037260[CocktailBarService]: Relayout returned: old=(2333,560,2400,1080) new=(2333,560,2400,1080) req=(67,520)8 dur=11 res=0x2 s={false 0x0} ch=true seqId=16
08-31 19:15:54.426  5270  5270 I ViewRootImpl@e037260[CocktailBarService]: Relayout called with blastSync mSyncSeqId=16
08-31 19:15:54.426  5270  5270 I ViewRootImpl@e037260[CocktailBarService]: reportNextDraw android.view.ViewRootImpl.performTraversals:3900 android.view.ViewRootImpl.doTraversal:3116 android.view.ViewRootImpl$TraversalRunnable.run:10885 android.view.Choreographer$CallbackRecord.run:1301 android.view.Choreographer$CallbackRecord.run:1309 
08-31 19:15:54.427  5270  5270 I ViewRootImpl@e037260[CocktailBarService]: Setup new sync id=167
08-31 19:15:54.427  5270  5270 I ViewRootImpl@e037260[CocktailBarService]: Setting syncFrameCallback
08-31 19:15:54.427  5270  5270 I ViewRootImpl@e037260[CocktailBarService]: onSyncComplete
08-31 19:15:54.427  1243  1960 I SurfaceFlinger: id=5789 Removed com.samsung.android.app.cocktailbarservice/com.samsung.android.app.cocktailbarservice.CocktailBarService$_5270#5789 (179)
08-31 19:15:54.428  1549  2137 W SemWifiTransportLayerUtils: getApplicationCategory - IOException com.EpicGames.AndroidQuickStart
08-31 19:15:54.428  1549  2137 W System.err: java.io.FileNotFoundException: https://play.google.com/store/apps/details?id=com.EpicGames.AndroidQuickStart&hl=en
08-31 19:15:54.429  1549  2137 W System.err: 	at com.android.okhttp.internal.huc.HttpURLConnectionImpl.getInputStream(HttpURLConnectionImpl.java:255)
08-31 19:15:54.429  1549  2137 W System.err: 	at com.android.okhttp.internal.huc.DelegatingHttpsURLConnection.getInputStream(DelegatingHttpsURLConnection.java:211)
08-31 19:15:54.429  1549  2137 W System.err: 	at com.android.okhttp.internal.huc.HttpsURLConnectionImpl.getInputStream(HttpsURLConnectionImpl.java:30)
08-31 19:15:54.429  1549  2137 W System.err: 	at com.samsung.android.server.wifi.tcp.SemWifiTransportLayerUtils.getApplicationCategory(SemWifiTransportLayerUtils.java:104)
08-31 19:15:54.429  1549  2137 W System.err: 	at com.samsung.android.server.wifi.tcp.SemWifiTransportLayerMonitor$TcpMonitorHandler.handleMessage(SemWifiTransportLayerMonitor.java:244)
08-31 19:15:54.429  1549  2137 W System.err: 	at android.os.Handler.dispatchMessage(Handler.java:106)
08-31 19:15:54.429  1549  2137 W System.err: 	at android.os.Looper.loopOnce(Looper.java:226)
08-31 19:15:54.429  1549  2137 W System.err: 	at android.os.Looper.loop(Looper.java:313)
08-31 19:15:54.429  1549  2137 W System.err: 	at android.os.HandlerThread.run(HandlerThread.java:67)
08-31 19:15:54.429  1549  2137 D SemWifiTransportLayerMonitor.TcpMonitorHandler: MSG_SAVE_PACKAGE_INFO
08-31 19:15:54.429  1549  2137 D SemWifiTransportLayerFileManager: saveWifiPackageInfoToFile
08-31 19:15:54.429  1549  2137 D SemWifiTransportLayerFileManager: writeWifiPackageInfoList
08-31 19:15:54.430  1549  2448 W WindowManager: Cannot find window which accessibility connection is added to
08-31 19:15:54.430  2237  2312 I ViewRootImpl@c8c19d3[StageCoordinatorSplitDivider]: setView = com.android.wm.shell.common.split.DividerView@d095a28 TM=true
08-31 19:15:54.431  6886  6886 I HBD     : h [EditorInputType]setPrivateImeOptionsToTable privateImeOptions ( null )
08-31 19:15:54.432  6886  6886 I HBD     : b incognitoMode : false 
08-31 19:15:54.432  6886  6886 I HBD     : a needOff = true , isForceOff = false, isNullInputClass : true 
08-31 19:15:54.432  1549  4609 I SemDvfsHyPerManager: acquire hyper - AMS_RELAUNCH_RESUME/1549@28, type = -999
08-31 19:15:54.432  1549  4609 D ActivityManagerPerformance: AMP_acquire() RELAUNCH_RESUME
08-31 19:15:54.432  2237  2237 D ScrollView:  onsize change changed 
08-31 19:15:54.433  1133  1212 I HYPER-HAL: [RequestManager.cpp]acquire(): Acquired ID : 1244281  [1549 / 28]    HINT : AMS_RELAUNCH_RESUME    list : 
08-31 19:15:54.433  6886  6886 I HBD     : h getDefaultInputRange : UNKNOWN 
08-31 19:15:54.433  6886  6886 I HBD     : h getDefaultInputRange : UNKNOWN 
08-31 19:15:54.433  6886  6886 I HBD     : h getDefaultInputRange : UNKNOWN 
08-31 19:15:54.433  5270  5270 I ViewRootImpl@e037260[CocktailBarService]: setupSync seqId=16 mSyncId=167 fn=1 caller=android.view.ViewRootImpl$$ExternalSyntheticLambda11.accept:6 android.window.SurfaceSyncer.lambda$setupSync$1$android-window-SurfaceSyncer:128 android.window.SurfaceSyncer$$ExternalSyntheticLambda1.accept:8 android.window.SurfaceSyncer$SyncSet.checkIfSyncIsComplete:382 android.window.SurfaceSyncer$SyncSet.markSyncReady:359 android.window.SurfaceSyncer.markSyncReady:151 android.view.ViewRootImpl.performTraversals:4503 
08-31 19:15:54.433  5270  5270 I ViewRootImpl@e037260[CocktailBarService]: reportDrawFinished seqId=16 mSyncId=-1 fn=1 mSurfaceChangedTransaction=0xb4000073733f87b0
08-31 19:15:54.433  2237  2237 D ScrollView:  onsize change changed 
08-31 19:15:54.434  5270  5270 I TrayStateController: putInputRect mDynamicInputRegion=169452372@LastEvent=t=1693498554426Rect(25, 0 - 67, 520),Rect=Rect(0, 0 - 0, 0)
08-31 19:15:54.434  1133  1212 I HYPER-HAL: [ResourceManager.cpp]updateResource(): [CPUMinFreq] UpdateResource Request ID : 1244281    Value : 1872000
08-31 19:15:54.434 19904 19904 I Dialog  : mIsDeviceDefault = false, mIsSamsungBasicInteraction = false, isMetaDataInActivity = false
08-31 19:15:54.434  2237  2237 D SecQSFragmentAnimator_QSCinema: [qsExpansionPosition:-1] qsExpanded:false, qsFullyExpanded:false, qsExpansionPosition:0, qsExpandImmediate:false, qsCollapsingWhilePanelClosing:false &&&  panelExpansionFraction:0, panelExpansionDragDownPxAmount:0 ***   panelExpanded:false, panelExpanding:false %%%   barState:0, overScrolling:false, userId:-1, isRunningPanelOnHeightAnimation:false
08-31 19:15:54.434  2237  2237 V QsExpandAnimator: setQsExpansionPosition -1.0
08-31 19:15:54.434  6886  6886 I HBD     : a needOff = true , isForceOff = false, isNullInputClass : true 
08-31 19:15:54.434  6886  6886 I HBD     : a update cached prediction status : false 
08-31 19:15:54.434  5270  5270 I DecorView: notifyKeepScreenOnChanged: keepScreenOn=false
08-31 19:15:54.434  2237  2312 I ViewRootImpl@c8c19d3[StageCoordinatorSplitDivider]: performTraversals params={(0,0)(216x1080) sim={adjust=pan} ty=DOCK_DIVIDER fmt=TRANSLUCENT
08-31 19:15:54.434  2237  2312 I ViewRootImpl@c8c19d3[StageCoordinatorSplitDivider]:   fl=21840028
08-31 19:15:54.434  2237  2312 I ViewRootImpl@c8c19d3[StageCoordinatorSplitDivider]:   pfl=62000040
08-31 19:15:54.434  2237  2312 I ViewRootImpl@c8c19d3[StageCoordinatorSplitDivider]:   bhv=DEFAULT
08-31 19:15:54.434  2237  2312 I ViewRootImpl@c8c19d3[StageCoordinatorSplitDivider]:   fitTypes=STATUS_BARS NAVIGATION_BARS CAPTION_BAR naviIconColor=0}
08-31 19:15:54.435  2237  2312 I ViewRootImpl@c8c19d3[StageCoordinatorSplitDivider]: performTraversals mFirst=true windowShouldResize=true viewVisibilityChanged=false mForceNextWindowRelayout=false params={(0,0)(216x1080) sim={adjust=pan} ty=DOCK_DIVIDER fmt=TRANSLUCENT
08-31 19:15:54.435  2237  2312 I ViewRootImpl@c8c19d3[StageCoordinatorSplitDivider]:   fl=21840028
08-31 19:15:54.435  2237  2312 I ViewRootImpl@c8c19d3[StageCoordinatorSplitDivider]:   pfl=62000040
08-31 19:15:54.435  2237  2312 I ViewRootImpl@c8c19d3[StageCoordinatorSplitDivider]:   bhv=DEFAULT
08-31 19:15:54.435  2237  2312 I ViewRootImpl@c8c19d3[StageCoordinatorSplitDivider]:   fitTypes=STATUS_BARS NAVIGATION_BARS CAPTION_BAR naviIconColor=0}
08-31 19:15:54.435  2237  2237 I FaceWidgetPositionAlgorithm: getClockContainerHeight() supplier = 309, bottom margin = 0, real height = 381
08-31 19:15:54.435  2237  2237 I FaceWidgetAttribute: getMinTopMargin() 480, clockType = 9, topPlacement : true, lock icon : false, idx : 1
08-31 19:15:54.435 19904 19904 I DecorView: [INFO] isPopOver=false config=false
08-31 19:15:54.435  2237  2237 I FaceWidgetPositionAlgorithm: getMediaContainerHeight() height = 0 container Visibility = 8, isValid = false, mIsDozing = false, fraction = 1.0, source = 0, target = 0
08-31 19:15:54.435  2237  2237 I FaceWidgetPositionAlgorithm: getMediaContainerHeight() supplier = 0
08-31 19:15:54.435  2237  2237 I FaceWidgetPositionAlgorithm: getMinStackScrollerPadding() padding = 869, topMargin = 560, containerHeight = 309, mediaHeight = 0
08-31 19:15:54.435 19904 19904 I DecorView: updateCaptionType: isFloating=false isApplication=true hasWindowDecorCaption=false this=DecorView@5dbe5a2[]
08-31 19:15:54.435 19904 19904 D DecorView: setCaptionType = 0, this = DecorView@5dbe5a2[]
08-31 19:15:54.435  1549  4559 W CocktailBarStatePolicyController: updateWindowType: current window type is requested window type(1)
08-31 19:15:54.435  2237  2237 I FaceWidgetSidePadding: getClockSidePadding() = 732, land
08-31 19:15:54.436  2237  2237 D SecQSFragmentAnimator_QSCinema: [qsExpansionPosition:0] qsExpanded:false, qsFullyExpanded:false, qsExpansionPosition:-1, qsExpandImmediate:false, qsCollapsingWhilePanelClosing:false &&&  panelExpansionFraction:0, panelExpansionDragDownPxAmount:0 ***   panelExpanded:false, panelExpanding:false %%%   barState:0, overScrolling:false, userId:-1, isRunningPanelOnHeightAnimation:false
08-31 19:15:54.436  2237  2237 V QsExpandAnimator: setQsExpansionPosition 0.0
08-31 19:15:54.436  2237  2312 I ViewRootImpl@c8c19d3[StageCoordinatorSplitDivider]: updateBlastSurfaceIfNeeded mBlastBufferQueue=null isSameSurfaceControl=false
08-31 19:15:54.436 19904 19904 I DecorView: getCurrentDensityDpi: from app context. densityDpi=480 msg=resources_loaded
08-31 19:15:54.436  2237  2237 D CentralSurfaces: Received new disable state: enaihbcrsokt.qingr (unchanged)
08-31 19:15:54.436 19904 19904 I DecorView: setWindowBackground: isPopOver=false color=ff010101 d=android.graphics.drawable.LayerDrawable@be45233
08-31 19:15:54.436  2237  2312 I BLASTBufferQueue: new BLASTBufferQueue, mName= ViewRootImpl@c8c19d3[StageCoordinatorSplitDivider] mNativeObject= 0xb4000073b3480730 sc.mNativeObject= 0xb4000073434c1d40 caller= android.view.ViewRootImpl.updateBlastSurfaceIfNeeded:2909 android.view.ViewRootImpl.relayoutWindow:9847 android.view.ViewRootImpl.performTraversals:3884 android.view.ViewRootImpl.doTraversal:3116 android.view.ViewRootImpl$TraversalRunnable.run:10885 android.view.Choreographer$CallbackRecord.run:1301 android.view.Choreographer$CallbackRecord.run:1309 android.view.Choreographer.doCallbacks:923 android.view.Choreographer.doFrame:852 android.view.Choreographer$FrameDisplayEventReceiver.run:1283 
08-31 19:15:54.436  2237  2312 I BLASTBufferQueue: update, w= 216 h= 1080 mName = ViewRootImpl@c8c19d3[StageCoordinatorSplitDivider] mNativeObject= 0xb4000073b3480730 sc.mNativeObject= 0xb4000073434c1d40 format= -3 caller= android.graphics.BLASTBufferQueue.<init>:84 android.view.ViewRootImpl.updateBlastSurfaceIfNeeded:2909 android.view.ViewRootImpl.relayoutWindow:9847 android.view.ViewRootImpl.performTraversals:3884 android.view.ViewRootImpl.doTraversal:3116 android.view.ViewRootImpl$TraversalRunnable.run:10885 
08-31 19:15:54.436  2237  2312 I ViewRootImpl@c8c19d3[StageCoordinatorSplitDivider]: Relayout returned: old=(1092,0,1308,1080) new=(0,0,216,1080) req=(216,1080)0 dur=1 res=0x0 s={true 0xb40000744351f700} ch=true seqId=0
08-31 19:15:54.436  2237  2312 I ViewRootImpl@c8c19d3[StageCoordinatorSplitDivider]: mThreadedRenderer.initialize() mSurface={isValid=true 0xb40000744351f700} hwInitialized=true
08-31 19:15:54.437  2237  2331 D OpenGLRenderer: eglCreateWindowSurface
08-31 19:15:54.437  2237  2237 I ViewRootImpl@c248e71[StatusBar]: performTraversals params={(0,0)(fillx72) gr=TOP CENTER_VERTICAL sim={adjust=pan} layoutInDisplayCutoutMode=always ty=STATUS_BAR fmt=TRANSLUCENT
08-31 19:15:54.437  2237  2237 I ViewRootImpl@c248e71[StatusBar]:   fl=81000008
08-31 19:15:54.437  2237  2237 I ViewRootImpl@c248e71[StatusBar]:   pfl=13000000
08-31 19:15:54.437  2237  2237 I ViewRootImpl@c248e71[StatusBar]:   bhv=DEFAULT
08-31 19:15:54.437  2237  2237 I ViewRootImpl@c248e71[StatusBar]:   paramsForRotation=
08-31 19:15:54.437  2237  2237 I ViewRootImpl@c248e71[StatusBar]:   rot[0]={(0,0)(fillx80) gr=TOP CENTER_VERTICAL layoutInDisplayCutoutMode=always ty=STATUS_BAR fmt=TRANSLUCENT
08-31 19:15:54.437  2237  2237 I ViewRootImpl@c248e71[StatusBar]:   fl=80000008
08-31 19:15:54.437  2237  2237 I ViewRootImpl@c248e71[StatusBar]:   pfl=11000000
08-31 19:15:54.437  2237  2237 I ViewRootImpl@c248e71[StatusBar]:   bhv=DEFAULT naviIconColor=0} 
08-31 19:15:54.437  2237  2237 I ViewRootImpl@c248e71[StatusBar]:   rot[1]={(0,0)(fillx72) gr=TOP CENTER_VERTICAL layoutInDisplayCutoutMode=always ty=STATUS_BAR fmt=TRANSLUCENT
08-31 19:15:54.437  2237  2237 I ViewRootImpl@c248e71[StatusBar]:   fl=80000008
08-31 19:15:54.437  2237  2237 I ViewRootImpl@c248e71[StatusBar]:   pfl=11000000
08-31 19:15:54.437  2237  2237 I ViewRootImpl@c248e71[StatusBar]:   bhv=DEFAULT naviIconColor=0} 
08-31 19:15:54.437  2237  2237 I ViewRootImpl@c248e71[StatusBar]:   rot[2]={(0,0)(fillx80) gr=TOP CENTER_VERTICAL layoutInDisplayCutoutMode=always ty=STATUS_BAR fmt=TRANSLUCENT
08-31 19:15:54.437  2237  2237 I ViewRootImpl@c248e71[StatusBar]:   fl=80000008
08-31 19:15:54.437  2237  2237 I ViewRootImpl@c248e71[StatusBar]:   pfl=11000000
08-31 19:15:54.437  2237  2237 I ViewRootImpl@c248e71[StatusBar]:   bhv=DEFAULT naviIconColor=0} 
08-31 19:15:54.437  2237  2237 I ViewRootImpl@c248e71[StatusBar]:   rot[3]={(0,0)(fillx72) gr=TOP CENTER_VERTICAL layoutInDisplayCutoutMode=always ty=STATUS_BAR fmt=TRANSLUCENT
08-31 19:15:54.437  2237  2237 I ViewRootImpl@c248e71[StatusBar]:   fl=80000008
08-31 19:15:54.437  2237  2237 I ViewRootImpl@c248e71[StatusBar]:   pfl=11000000
08-31 19:15:54.437  2237  2237 I ViewRootImpl@c248e71[StatusBar]:   bhv=DEFAULT naviIconColor=0} naviIconColor=0}
08-31 19:15:54.439  2237  2237 I ViewRootImpl@c248e71[StatusBar]: performTraversals mFirst=false windowShouldResize=true viewVisibilityChanged=false mForceNextWindowRelayout=false params={(0,0)(fillx72) gr=TOP CENTER_VERTICAL sim={adjust=pan} layoutInDisplayCutoutMode=always ty=STATUS_BAR fmt=TRANSLUCENT
08-31 19:15:54.439  2237  2237 I ViewRootImpl@c248e71[StatusBar]:   fl=81000008
08-31 19:15:54.439  2237  2237 I ViewRootImpl@c248e71[StatusBar]:   pfl=13000000
08-31 19:15:54.439  2237  2237 I ViewRootImpl@c248e71[StatusBar]:   bhv=DEFAULT
08-31 19:15:54.439  2237  2237 I ViewRootImpl@c248e71[StatusBar]:   paramsForRotation=
08-31 19:15:54.439  2237  2237 I ViewRootImpl@c248e71[StatusBar]:   rot[0]={(0,0)(fillx80) gr=TOP CENTER_VERTICAL layoutInDisplayCutoutMode=always ty=STATUS_BAR fmt=TRANSLUCENT
08-31 19:15:54.439  2237  2237 I ViewRootImpl@c248e71[StatusBar]:   fl=80000008
08-31 19:15:54.439  2237  2237 I ViewRootImpl@c248e71[StatusBar]:   pfl=11000000
08-31 19:15:54.439  2237  2237 I ViewRootImpl@c248e71[StatusBar]:   bhv=DEFAULT naviIconColor=0} 
08-31 19:15:54.439  2237  2237 I ViewRootImpl@c248e71[StatusBar]:   rot[1]={(0,0)(fillx72) gr=TOP CENTER_VERTICAL layoutInDisplayCutoutMode=always ty=STATUS_BAR fmt=TRANSLUCENT
08-31 19:15:54.439  2237  2237 I ViewRootImpl@c248e71[StatusBar]:   fl=80000008
08-31 19:15:54.439  2237  2237 I ViewRootImpl@c248e71[StatusBar]:   pfl=11000000
08-31 19:15:54.439  2237  2237 I ViewRootImpl@c248e71[StatusBar]:   bhv=DEFAULT naviIconColor=0} 
08-31 19:15:54.439  2237  2237 I ViewRootImpl@c248e71[StatusBar]:   rot[2]={(0,0)(fillx80) gr=TOP CENTER_VERTICAL layoutInDisplayCutoutMode=always ty=STATUS_BAR fmt=TRANSLUCENT
08-31 19:15:54.439  2237  2237 I ViewRootImpl@c248e71[StatusBar]:   fl=80000008
08-31 19:15:54.439  2237  2237 I ViewRootImpl@c248e71[StatusBar]:   pfl=11000000
08-31 19:15:54.439  2237  2237 I ViewRootImpl@c248e71[StatusBar]:   bhv=DEFAULT naviIconColor=0} 
08-31 19:15:54.439  2237  2237 I ViewRootImpl@c248e71[StatusBar]:   rot[3]={(0,0)(fillx72) gr=TOP CENTER_VERTICAL layoutInDisplayCutoutMode=always ty=STATUS_BAR fmt=TRANSLUCENT
08-31 19:15:54.439  2237  2237 I ViewRootImpl@c248e71[StatusBar]:   fl=80000008
08-31 19:15:54.439  2237  2237 I ViewRootImpl@c248e71[StatusBar]:   pfl=11000000
08-31 19:15:54.439  2237  2237 I ViewRootImpl@c248e71[StatusBar]:   bhv=DEFAULT naviIconColor=0} naviIconColor=0}
08-31 19:15:54.439  1549  2989 V WindowManager: Relayout Window{5401f0c u0 StatusBar}: viewVisibility=0 req=1080x72 d0
08-31 19:15:54.439 19904 19958 D UE4     : Controller interface supported
08-31 19:15:54.441  2237  2331 I BLASTBufferQueue: [ViewRootImpl@c8c19d3[StageCoordinatorSplitDivider]#257](f:0,a:0) onFrameAvailable the first frame is available
08-31 19:15:54.442  4552  4552 W WM-WorkSpec: Flex duration greater than interval duration; Changed to 14400000
08-31 19:15:54.442  6886  6886 I HBD     : a [NRIC] resetNoResponseState 
08-31 19:15:54.442  6886  6886 I HBD     : a needOff = true , isForceOff = false, isNullInputClass : true 
08-31 19:15:54.442  6886  6886 I HBD     : a update cached prediction status : false 
08-31 19:15:54.443  1243  1243 I Layer   : id=5789 Destroyed com.samsung.android.app.cocktailbarservice/com.samsung.android.app.cocktailbarservice.CocktailBarService$_5270#5789
08-31 19:15:54.443  4552  4552 D WallpaperService: reportVisibility onVisibilityChanged visible: false
08-31 19:15:54.444  5270  5270 I ViewRootImpl@e037260[CocktailBarService]: performTraversals params={(0,791)(67x542) gr=TOP RIGHT CENTER sim={adjust=nothing} layoutInDisplayCutoutMode=shortEdges ty=2226 fmt=TRANSPARENT
08-31 19:15:54.444  5270  5270 I ViewRootImpl@e037260[CocktailBarService]:   fl=81800508
08-31 19:15:54.444  5270  5270 I ViewRootImpl@e037260[CocktailBarService]:   pfl=2000050
08-31 19:15:54.444  5270  5270 I ViewRootImpl@e037260[CocktailBarService]:   bhv=SHOW_TRANSIENT_BARS_BY_SWIPE
08-31 19:15:54.444  5270  5270 I ViewRootImpl@e037260[CocktailBarService]:   fitTypes=STATUS_BARS NAVIGATION_BARS CAPTION_BAR
08-31 19:15:54.444  5270  5270 I ViewRootImpl@e037260[CocktailBarService]:  dimAmount=0.0 dimDuration=0 naviIconColor=0
08-31 19:15:54.444  5270  5270 I ViewRootImpl@e037260[CocktailBarService]:   sfl=620000}
08-31 19:15:54.445 19904 19931 D NativeCustomFrequencyManager: [NativeCFMS] BpCustomFrequencyManager::BpCustomFrequencyManager()
08-31 19:15:54.445  5270  5270 I ViewRootImpl@e037260[CocktailBarService]: performTraversals mFirst=false windowShouldResize=true viewVisibilityChanged=false mForceNextWindowRelayout=false params={(0,791)(67x542) gr=TOP RIGHT CENTER sim={adjust=nothing} layoutInDisplayCutoutMode=shortEdges ty=2226 fmt=TRANSPARENT
08-31 19:15:54.445  5270  5270 I ViewRootImpl@e037260[CocktailBarService]:   fl=81800508
08-31 19:15:54.445  5270  5270 I ViewRootImpl@e037260[CocktailBarService]:   pfl=2000050
08-31 19:15:54.445  5270  5270 I ViewRootImpl@e037260[CocktailBarService]:   bhv=SHOW_TRANSIENT_BARS_BY_SWIPE
08-31 19:15:54.445  5270  5270 I ViewRootImpl@e037260[CocktailBarService]:   fitTypes=NAVIGATION_BARS CAPTION_BAR
08-31 19:15:54.445  5270  5270 I ViewRootImpl@e037260[CocktailBarService]:  dimAmount=0.0 dimDuration=0 naviIconColor=0
08-31 19:15:54.445  5270  5270 I ViewRootImpl@e037260[CocktailBarService]:   sfl=620000}
08-31 19:15:54.445  1549  2243 V WindowManager: Relayout Window{966e5a8 u0 com.samsung.android.app.cocktailbarservice/com.samsung.android.app.cocktailbarservice.CocktailBarService}: viewVisibility=8 req=67x542 d0
08-31 19:15:54.445  1549 19962 D TspStateManager: wrote command: cmd=0,0,0,0, type=3
08-31 19:15:54.445  6886  6886 I HBD     : HoneyBoardService [PF_OP][onStartInput]  21 ms 
08-31 19:15:54.445  6886  6886 I HBD     : a updatePredictionStatus : 9, editorOpt 
08-31 19:15:54.446  5492  5492 I dnpg    : onPause
08-31 19:15:54.446  2237  2331 D OpenGLRenderer: CFMS:: SetUp Pid : 2237    Tid : 2331
08-31 19:15:54.447  2237  2331 W Parcel  : Expecting binder but got null!
08-31 19:15:54.447  1549  2243 V WindowManager: Relayout hash=966e5a8, pid=5270, syncId=-1: mAttrs={(0,791)(67x542) gr=TOP RIGHT CENTER sim={adjust=nothing} layoutInDisplayCutoutMode=shortEdges ty=2226 fmt=TRANSPARENT
08-31 19:15:54.447  1549  2243 V WindowManager:   fl=81800508
08-31 19:15:54.447  1549  2243 V WindowManager:   pfl=2000050
08-31 19:15:54.447  1549  2243 V WindowManager:   bhv=SHOW_TRANSIENT_BARS_BY_SWIPE
08-31 19:15:54.447  1549  2243 V WindowManager:   fitTypes=NAVIGATION_BARS CAPTION_BAR
08-31 19:15:54.447  1549  2243 V WindowManager:  dimAmount=0.0 dimDuration=0 naviIconColor=0
08-31 19:15:54.447  1549  2243 V WindowManager:   sfl=620000}
08-31 19:15:54.448  1171  1171 I sysinput:Touch: writeInformation:249, OK
08-31 19:15:54.448 19904 19904 I DecorView: onImmersiveModeChanged: isStatusBarHidden=true
08-31 19:15:54.448 19904 19904 I DecorView: notifyKeepScreenOnChanged: keepScreenOn=false
08-31 19:15:54.448  5270  5270 I ViewRootImpl@e037260[CocktailBarService]: Relayout returned: old=(2333,560,2400,1080) new=(2333,560,2400,1080) req=(67,542)8 dur=3 res=0x0 s={false 0x0} ch=false seqId=16
08-31 19:15:54.448  1549  1922 D SysinputHAL_V1_3(V1_2): runTspCmdNoRead(1): set_grip_data,0,0,0,0(0)
08-31 19:15:54.448  5270  5270 I CocktailBarUiController: onCocktailBarStateChanged: flag=0x1 vis=2 bgType= showTimeout=-1 activate=true
08-31 19:15:54.448 19904 19904 D InsetsSourceConsumer: setRequestedVisible: visible=false, type=23, host=com.EpicGames.AndroidQuickStart/com.epicgames.ue4.GameActivity, from=android.view.InsetsSourceConsumer.hide:257 android.view.InsetsController.collectSourceControls:1310 android.view.InsetsController.controlAnimationUnchecked:1164 android.view.InsetsController.applyAnimation:1576 android.view.InsetsController.applyAnimation:1557 android.view.InsetsController.hide:1093 android.view.InsetsController.hide:1068 android.view.ViewRootImpl.controlInsetsForCompatibility:3339 android.view.ViewRootImpl.setView:1698 android.view.WindowManagerGlobal.addView:567 
08-31 19:15:54.448  1549  2448 D WindowManager: finishDrawingWindow: Window{966e5a8 u0 com.samsung.android.app.cocktailbarservice/com.samsung.android.app.cocktailbarservice.CocktailBarService} mDrawState=NO_SURFACE seqId=16
08-31 19:15:54.448 19904 19904 D InsetsSourceConsumer: setRequestedVisible: visible=false, type=22, host=com.EpicGames.AndroidQuickStart/com.epicgames.ue4.GameActivity, from=android.view.InsetsSourceConsumer.hide:257 android.view.InsetsController.collectSourceControls:1310 android.view.InsetsController.controlAnimationUnchecked:1164 android.view.InsetsController.applyAnimation:1576 android.view.InsetsController.applyAnimation:1557 android.view.InsetsController.hide:1093 android.view.InsetsController.hide:1068 android.view.ViewRootImpl.controlInsetsForCompatibility:3339 android.view.ViewRootImpl.setView:1698 android.view.WindowManagerGlobal.addView:567 
08-31 19:15:54.448 19904 19904 D InsetsSourceConsumer: setRequestedVisible: visible=false, type=21, host=com.EpicGames.AndroidQuickStart/com.epicgames.ue4.GameActivity, from=android.view.InsetsSourceConsumer.hide:257 android.view.InsetsController.collectSourceControls:1310 android.view.InsetsController.controlAnimationUnchecked:1164 android.view.InsetsController.applyAnimation:1576 android.view.InsetsController.applyAnimation:1557 android.view.InsetsController.hide:1093 android.view.InsetsController.hide:1068 android.view.ViewRootImpl.controlInsetsForCompatibility:3339 android.view.ViewRootImpl.setView:1698 android.view.WindowManagerGlobal.addView:567 
08-31 19:15:54.449 19904 19904 D InsetsSourceConsumer: setRequestedVisible: visible=false, type=20, host=com.EpicGames.AndroidQuickStart/com.epicgames.ue4.GameActivity, from=android.view.InsetsSourceConsumer.hide:257 android.view.InsetsController.collectSourceControls:1310 android.view.InsetsController.controlAnimationUnchecked:1164 android.view.InsetsController.applyAnimation:1576 android.view.InsetsController.applyAnimation:1557 android.view.InsetsController.hide:1093 android.view.InsetsController.hide:1068 android.view.ViewRootImpl.controlInsetsForCompatibility:3339 android.view.ViewRootImpl.setView:1698 android.view.WindowManagerGlobal.addView:567 
08-31 19:15:54.449 19904 19904 D InsetsSourceConsumer: setRequestedVisible: visible=false, type=1, host=com.EpicGames.AndroidQuickStart/com.epicgames.ue4.GameActivity, from=android.view.InsetsSourceConsumer.hide:257 android.view.InsetsController.collectSourceControls:1310 android.view.InsetsController.controlAnimationUnchecked:1164 android.view.InsetsController.applyAnimation:1576 android.view.InsetsController.applyAnimation:1557 android.view.InsetsController.hide:1093 android.view.InsetsController.hide:1068 android.view.ViewRootImpl.controlInsetsForCompatibility:3339 android.view.ViewRootImpl.setView:1698 android.view.WindowManagerGlobal.addView:567 
08-31 19:15:54.449 19904 19904 D InsetsSourceConsumer: setRequestedVisible: visible=false, type=0, host=com.EpicGames.AndroidQuickStart/com.epicgames.ue4.GameActivity, from=android.view.InsetsSourceConsumer.hide:257 android.view.InsetsController.collectSourceControls:1310 android.view.InsetsController.controlAnimationUnchecked:1164 android.view.InsetsController.applyAnimation:1576 android.view.InsetsController.applyAnimation:1557 android.view.InsetsController.hide:1093 android.view.InsetsController.hide:1068 android.view.ViewRootImpl.controlInsetsForCompatibility:3339 android.view.ViewRootImpl.setView:1698 android.view.WindowManagerGlobal.addView:567 
08-31 19:15:54.449  1549  1713 D SurfaceControl: applyGlobalTransaction called, mName=finishDrawing_syncId(16)_com.samsung.android.app.cocktailbarservice/com.samsung.android.app.cocktailbarservice.CocktailBarService
08-31 19:15:54.451  4552  4552 W KLWPSb  : Using getScreenSize() from non UI context
08-31 19:15:54.451  6886  6886 I HBD     : HoneyBoardService [PF_CF][onConfigurationChanged]  85 ms 
08-31 19:15:54.451  4552  4552 W KLWPSb  : Using getScreenSize() from non UI context
08-31 19:15:54.451  1549  2989 V WindowManager: Relayout hash=5401f0c, pid=2237, syncId=21: mAttrs={(0,0)(fillx72) gr=TOP CENTER_VERTICAL sim={adjust=pan} layoutInDisplayCutoutMode=always ty=STATUS_BAR fmt=TRANSLUCENT
08-31 19:15:54.451  1549  2989 V WindowManager:   fl=81000008
08-31 19:15:54.451  1549  2989 V WindowManager:   pfl=13000000
08-31 19:15:54.451  1549  2989 V WindowManager:   bhv=DEFAULT
08-31 19:15:54.451  1549  2989 V WindowManager:   paramsForRotation=
08-31 19:15:54.451  1549  2989 V WindowManager:   rot[0]={(0,0)(fillx80) gr=TOP CENTER_VERTICAL layoutInDisplayCutoutMode=always ty=STATUS_BAR fmt=TRANSLUCENT
08-31 19:15:54.451  1549  2989 V WindowManager:   fl=80000008
08-31 19:15:54.451  1549  2989 V WindowManager:   pfl=11000000
08-31 19:15:54.451  1549  2989 V WindowManager:   bhv=DEFAULT naviIconColor=0} 
08-31 19:15:54.451  1549  2989 V WindowManager:   rot[1]={(0,0)(fillx72) gr=TOP CENTER_VERTICAL layoutInDisplayCutoutMode=always ty=STATUS_BAR fmt=TRANSLUCENT
08-31 19:15:54.451  1549  2989 V WindowManager:   fl=80000008
08-31 19:15:54.451  1549  2989 V WindowManager:   pfl=11000000
08-31 19:15:54.451  1549  2989 V WindowManager:   bhv=DEFAULT naviIconColor=0} 
08-31 19:15:54.451  1549  2989 V WindowManager:   rot[2]={(0,0)(fillx80) gr=TOP CENTER_VERTICAL layoutInDisplayCutoutMode=always ty=STATUS_BAR fmt=TRANSLUCENT
08-31 19:15:54.451  1549  2989 V WindowManager:   fl=80000008
08-31 19:15:54.451  1549  2989 V WindowManager:   pfl=11000000
08-31 19:15:54.451  1549  2989 V WindowManager:   bhv=DEFAULT naviIconColor=0} 
08-31 19:15:54.451  1549  2989 V WindowManager:   rot[3]={(0,0)(fillx72) gr=TOP CENTER_VERTICAL layoutInDisplayCutoutMode=always ty=STATUS_BAR fmt=TRANSLUCENT
08-31 19:15:54.451  1549  2989 V WindowManager:   fl=80000008
08-31 19:15:54.451  1549  2989 V WindowManager:   pfl=11000000
08-31 19:15:54.451  1549  2989 V WindowManager:   bhv=DEFAULT naviIconColor=0} naviIconColor=0}
08-31 19:15:54.452  2237  2237 D InsetsController: onStateChanged: InsetsState: {mDisplayFrame=Rect(0, 0 - 2400, 1080), mDisplayCutout=DisplayCutout{insets=Rect(0, 0 - 80, 0) waterfall=Insets{left=0, top=0, right=0, bottom=0} boundingRect={Bounds=[Rect(0, 0 - 0, 0), Rect(0, 0 - 0, 0), Rect(2320, 510 - 2400, 570), Rect(0, 0 - 0, 0)]} cutoutPathParserInfo={CutoutPathParserInfo{displayWidth=1080 displayHeight=2400 physicalDisplayWidth=1080 physicalDisplayHeight=2400 density={3.0} cutoutSpec={M 0,0 H -10 V 26.66666666666667 H 10 V 0 H 0 Z @dp} rotation={3} scale={1.0} physicalPixelDisplaySizeRatio={1.0}}}}, mRoundedCorners=RoundedCorners{[RoundedCorner{position=TopLeft, radius=96, center=Point(96, 96)}, RoundedCorner{position=TopRight, radius=96, center=Point(2304, 96)}, RoundedCorner{position=BottomRight, radius=96, center=Point(2304, 984)}, RoundedCorner{position=BottomLeft, radius=96, center=Point(96, 984)}]}  mRoundedCornerFrame=Rect(0, 0 - 0, 0), mPrivacyIndicatorBounds=PrivacyIndicatorBounds {static bounds=Rect(2188, 0 - 2320, 72) rotation=3}, mSources= { InsetsSource: {mType=ITYPE_NAVIGATION_BAR, mFrame=[0,0][144,1080], mVisible=true, mInsetsRoundedCornerFrame=false}, InsetsSource: {mType=ITYPE_LEFT_GESTURES, mFrame=[0,0][0,1080], mVisible=true, mInsetsRoundedCornerFrame=false}, InsetsSource: {mType=ITYPE_RIGHT_GESTURES, mFrame=[2320,0][2400,1080], mVisible=true, mInsetsRoundedCornerFrame=false}, InsetsSource: {mType=ITYPE_TOP_MANDATORY_GESTURES, mFrame=[0,0][2400,72], mVisible=true, mInsetsRoundedCornerFrame=false}, InsetsSource: {mType=ITYPE_BOTTOM_MANDATORY_GESTURES, mFrame=[0,0][144,1080], mVisible=true, mInsetsRoundedCornerFrame=false}, InsetsSource: {mType=ITYPE_LEFT_DISPLAY_CUTOUT, mFrame=[0,0][-100000,1080], mVisible=true, mInsetsRoundedCornerFrame=false}, InsetsSource: {mType=ITYPE_TOP_DISPLAY_CUTOUT, mFrame=[0,0][2400,-100000], mVisible=true, mInsetsRoundedCornerFrame=false}, InsetsSource: {mType=ITYPE_RIGHT_DISPLAY_CUTOUT, mFrame=[2320,0][2400,1080], mVisible=true, mInsetsRoundedCornerFrame=false}, InsetsSource: {mType=ITYPE_BOTTOM_DISPLAY_CUTOUT, mFrame=[0,100000][2400,1080], mVisible=true, mInsetsRoundedCornerFrame=false}, InsetsSource: {mType=ITYPE_BOTTOM_TAPPABLE_ELEMENT, mFrame=[0,0][144,1080], mVisible=true, mInsetsRoundedCornerFrame=false} } host=StatusBar from=android.view.ViewRootImpl.relayoutWindow:9802
08-31 19:15:54.452  1549  4559 D CompatibilityChangeReporter: Compat change id reported: 168419799; UID 10389; state: DISABLED
08-31 19:15:54.452  1549  4559 D InputTransport: Input channel constructed: '98a5e9 ', fd=853
08-31 19:15:54.452  1549  4559 D InputTransport: Input channel constructed: '98a5e9 ', fd=1060
08-31 19:15:54.452  1549  4559 D InputTransport: Input channel constructed: '98a5e9 ', fd=1061
08-31 19:15:54.453  2237  2237 I ViewRootImpl@c248e71[StatusBar]: updateBlastSurfaceIfNeeded mBlastBufferQueue=0xb4000073b3423df0 isSameSurfaceControl=true
08-31 19:15:54.453  2237  2385 I ResourceType: [SWT] Success lookup value directly, data = 0x0106078a
08-31 19:15:54.453  2237  2237 I BLASTBufferQueue: update, w= 2400 h= 72 mName = ViewRootImpl@c248e71[StatusBar] mNativeObject= 0xb4000073b3423df0 sc.mNativeObject= 0xb400007343645aa0 format= -3 caller= android.view.ViewRootImpl.updateBlastSurfaceIfNeeded:2898 android.view.ViewRootImpl.relayoutWindow:9847 android.view.ViewRootImpl.performTraversals:3884 android.view.ViewRootImpl.doTraversal:3116 android.view.ViewRootImpl$TraversalRunnable.run:10885 android.view.Choreographer$CallbackRecord.run:1301 
08-31 19:15:54.453  2237  2237 I ViewRootImpl@c248e71[StatusBar]: Relayout returned: old=(0,0,1080,80) new=(0,0,2400,72) req=(1080,72)0 dur=14 res=0x0 s={true 0xb400007443475200} ch=false seqId=21
08-31 19:15:54.453  2237  2237 I ViewRootImpl@c248e71[StatusBar]: Relayout called with blastSync mSyncSeqId=21
08-31 19:15:54.453  2237  2237 I ViewRootImpl@c248e71[StatusBar]: reportNextDraw android.view.ViewRootImpl.performTraversals:3900 android.view.ViewRootImpl.doTraversal:3116 android.view.ViewRootImpl$TraversalRunnable.run:10885 android.view.Choreographer$CallbackRecord.run:1301 android.view.Choreographer$CallbackRecord.run:1309 
08-31 19:15:54.454  1549  1549 W AccessibilityManagerService:  wait for adding window timeout: 430
08-31 19:15:54.454  1243  1960 I SurfaceFlinger: id=5810 createSurf flag=80004, 98a5e9 com.EpicGames.AndroidQuickStart/com.epicgames.ue4.GameActivity#5810
08-31 19:15:54.455  1549  4559 D InputTransport: Input channel destroyed: '98a5e9 ', fd=1061
08-31 19:15:54.456  2237  2237 D IndicatorBasicGardener: PhoneStatusBarViewController is done to update (IndicatorGardenModel) lp:63, lc:1736, cc:25, rc:1940, rp:143, h:72, ctm:false, ctms:20
08-31 19:15:54.456  2237  2237 I ViewRootImpl@c248e71[StatusBar]: mThreadedRenderer.updateSurface() mSurface={isValid=true 0xb400007443475200}
08-31 19:15:54.456  2237  2331 D OpenGLRenderer: setSurface() destroyed EGLSurface
08-31 19:15:54.456  2237  2331 D OpenGLRenderer: destroyEglSurface
08-31 19:15:54.456 19904 19904 D InsetsController: onStateChanged: InsetsState: {mDisplayFrame=Rect(0, 0 - 2400, 1080), mDisplayCutout=DisplayCutout{insets=Rect(0, 0 - 80, 0) waterfall=Insets{left=0, top=0, right=0, bottom=0} boundingRect={Bounds=[Rect(0, 0 - 0, 0), Rect(0, 0 - 0, 0), Rect(2320, 510 - 2400, 570), Rect(0, 0 - 0, 0)]} cutoutPathParserInfo={CutoutPathParserInfo{displayWidth=1080 displayHeight=2400 physicalDisplayWidth=1080 physicalDisplayHeight=2400 density={3.0} cutoutSpec={M 0,0 H -10 V 26.66666666666667 H 10 V 0 H 0 Z @dp} rotation={3} scale={1.0} physicalPixelDisplaySizeRatio={1.0}}}}, mRoundedCorners=RoundedCorners{[RoundedCorner{position=TopLeft, radius=96, center=Point(96, 96)}, RoundedCorner{position=TopRight, radius=96, center=Point(2304, 96)}, RoundedCorner{position=BottomRight, radius=96, center=Point(2304, 984)}, RoundedCorner{position=BottomLeft, radius=96, center=Point(96, 984)}]}  mRoundedCornerFrame=Rect(0, 0 - 2400, 1080), mPrivacyIndicatorBounds=PrivacyIndicatorBounds {static bounds=Rect(2188, 0 - 2320, 72) rotation=3}, mSources= { InsetsSource: {mType=ITYPE_STATUS_BAR, mFrame=[0,0][2400,72], mVisible=true, mInsetsRoundedCornerFrame=false}, InsetsSource: {mType=ITYPE_NAVIGATION_BAR, mFrame=[0,0][144,1080], mVisible=true, mInsetsRoundedCornerFrame=false}, InsetsSource: {mType=ITYPE_LEFT_GESTURES, mFrame=[0,0][0,1080], mVisible=true, mInsetsRoundedCornerFrame=false}, InsetsSource: {mType=ITYPE_RIGHT_GESTURES, mFrame=[2320,0][2400,1080], mVisible=true, mInsetsRoundedCornerFrame=false}, InsetsSource: {mType=ITYPE_TOP_MANDATORY_GESTURES, mFrame=[0,0][2400,72], mVisible=true, mInsetsRoundedCornerFrame=false}, InsetsSource: {mType=ITYPE_BOTTOM_MANDATORY_GESTURES, mFrame=[0,0][144,1080], mVisible=true, mInsetsRoundedCornerFrame=false}, InsetsSource: {mType=ITYPE_LEFT_DISPLAY_CUTOUT, mFrame=[0,0][-100000,1080], mVisible=true, mInsetsRoundedCornerFrame=false}, InsetsSource: {mType=ITYPE_TOP_DISPLAY_CUTOUT, mFrame=[0,0][2400,-100000], mVisible=true, mInsetsRoundedCornerFrame=false}, InsetsSource: {mType=ITYPE_RIGHT_DISPLAY_CUTOUT, mFrame=[2320,0][2400,1080], mVisible=true, mInsetsRoundedCornerFrame=false}, InsetsSource: {mType=ITYPE_BOTTOM_DISPLAY_CUTOUT, mFrame=[0,100000][2400,1080], mVisible=true, mInsetsRoundedCornerFrame=false}, InsetsSource: {mType=ITYPE_TOP_TAPPABLE_ELEMENT, mFrame=[0,0][2400,72], mVisible=true, mInsetsRoundedCornerFrame=false}, InsetsSource: {mType=ITYPE_BOTTOM_TAPPABLE_ELEMENT, mFrame=[0,0][144,1080], mVisible=true, mInsetsRoundedCornerFrame=false} } host=com.EpicGames.AndroidQuickStart/com.epicgames.ue4.GameActivity from=android.view.ViewRootImpl.setView:1732
08-31 19:15:54.457  2237  2237 I ViewRootImpl@c248e71[StatusBar]: Setup new sync id=84
08-31 19:15:54.457  2237  2237 I ViewRootImpl@c248e71[StatusBar]: Setting syncFrameCallback
08-31 19:15:54.457  2237  2237 I ViewRootImpl@c248e71[StatusBar]: registerCallbacksForSync syncBuffer=true
08-31 19:15:54.457  2237  2331 D OpenGLRenderer: eglCreateWindowSurface
08-31 19:15:54.458  1549  4559 D CoreBackPreview: Window{98a5e9 u0 com.EpicGames.AndroidQuickStart/com.epicgames.ue4.GameActivity}: Setting back callback OnBackInvokedCallbackInfo{mCallback=android.window.IOnBackInvokedCallback$Stub$Proxy@5b84d0f, mPriority=0}
08-31 19:15:54.458  2237  2354 I ViewRootImpl@c248e71[StatusBar]: Received frameDrawingCallback syncResult=0 frameNum=4960.
08-31 19:15:54.458  2237  2354 I ViewRootImpl@c248e71[StatusBar]: Setting up sync and frameCommitCallback
08-31 19:15:54.458  2237  2354 I BLASTBufferQueue: syncNextTransaction, mName= ViewRootImpl@c248e71[StatusBar] acquireSingleBuffer= true mNativeObject= 0xb4000073b3423df0 callback= android.view.ViewRootImpl$12$$ExternalSyntheticLambda0@ca4823b caller= android.graphics.BLASTBufferQueue.syncNextTransaction:147 android.view.ViewRootImpl$12.onFrameDraw:13385 android.view.ThreadedRenderer$1.onFrameDraw:801 <bottom of call stack> <bottom of call stack> <bottom of call stack> 
08-31 19:15:54.458  2237  2354 I BLASTBufferQueue: [ViewRootImpl@c248e71[StatusBar]#4](f:0,a:1) syncNextTransaction callback: 1, acquireSingleBuffer: 1, mTransactionReadyCallback: 0
08-31 19:15:54.461  2237  2331 I BLASTBufferQueue: [ViewRootImpl@c248e71[StatusBar]#4](f:0,a:1) onFrameAvailable-start syncTransactionSet=true
08-31 19:15:54.461  2237  2331 I BLASTBufferQueue: [ViewRootImpl@c248e71[StatusBar]#4](f:0,a:1) onFrameAvailable framenumber=4960 syncTransactionSet=true, mSyncedFrameNumbers=0
08-31 19:15:54.461  2237  2331 I BLASTBufferQueue: [ViewRootImpl@c248e71[StatusBar]#4](f:1,a:1) onFrameAvailable framenumber=4960 syncTransactionSet=true
08-31 19:15:54.461  2237  2331 I BLASTBufferQueue: [ViewRootImpl@c248e71[StatusBar]#4](f:0,a:2) acquireNextBufferLocked mLastAppliedFrameNumber: 4959
08-31 19:15:54.461  2237  2331 I BLASTBufferQueue: [ViewRootImpl@c248e71[StatusBar]#4](f:0,a:2) acquireNextBufferLocked size=2400x72 mFrameNumber=4960 applyTransaction=false mTimestamp=22451398391402(auto) mPendingTransactions.size=0 graphicBufferId=9607841844635 transform=4
08-31 19:15:54.461  2237  2331 I ViewRootImpl@c248e71[StatusBar]: Received frameCommittedCallback lastAttemptedDrawFrameNum=4960 didProduceBuffer=true
08-31 19:15:54.462  2237  2237 I ViewRootImpl@c248e71[StatusBar]: onSyncComplete
08-31 19:15:54.462 19904 19904 I ViewRootImpl@7b4b9f0[GameActivity]: setView = com.android.internal.policy.DecorView@5dbe5a2 TM=true
08-31 19:15:54.462  2237  2237 I ViewRootImpl@c248e71[StatusBar]: setupSync seqId=21 mSyncId=84 fn=4960 caller=android.view.ViewRootImpl$$ExternalSyntheticLambda11.accept:6 android.window.SurfaceSyncer.lambda$setupSync$1$android-window-SurfaceSyncer:128 android.window.SurfaceSyncer$$ExternalSyntheticLambda1.accept:8 android.window.SurfaceSyncer$SyncSet.checkIfSyncIsComplete:382 android.window.SurfaceSyncer$SyncSet.markSyncReady:359 android.window.SurfaceSyncer.markSyncReady:151 android.view.ViewRootImpl.performTraversals:4503 
08-31 19:15:54.462  2237  2237 I ViewRootImpl@c248e71[StatusBar]: reportDrawFinished seqId=21 mSyncId=-1 fn=4960 mSurfaceChangedTransaction=0xb40000737341a4d0
08-31 19:15:54.462 19904 19904 D UE4     : [GameActivity] Target SDK is 28.  This may cause issues if permissions are denied by the user.
08-31 19:15:54.463 19904 19904 E PermissionHelper: GVRTransition2DActivity.getActivity() failed. Trying to get GameActivity.
08-31 19:15:54.463 19904 19904 D PermissionHelper: checkPermission: android.permission.WRITE_EXTERNAL_STORAGE has granted
08-31 19:15:54.463  2237  2237 I ViewRootImpl@d20aaa7[NavigationBar0]: reportDrawFinished seqId=21 mSyncId=-1 fn=7844 mSurfaceChangedTransaction=0xb40000737340f430
08-31 19:15:54.464  2237  2237 I ViewRootImpl@d20aaa7[NavigationBar0]: handleResized, msg = 5 frames=ClientWindowFrames{frame=[0,0][144,1080] display=[0,0][2400,1080] parentFrame=[0,0][0,0] parentClippedByDisplayCutout=false} forceNextWindowRelayout=true displayId=0 resizeMode=-1 frameChanged=false displayFrameChanged=false configChanged=false displayChanged=false
08-31 19:15:54.464  2237  2237 I ViewRootImpl@d20aaa7[NavigationBar0]: handleResized mSyncSeqId = 21
08-31 19:15:54.464  2237  2237 I ViewRootImpl@d20aaa7[NavigationBar0]: reportNextDraw android.view.ViewRootImpl.handleResized:2450 android.view.ViewRootImpl.-$$Nest$mhandleResized:0 android.view.ViewRootImpl$ViewRootHandler.handleMessageImpl:6728 android.view.ViewRootImpl$ViewRootHandler.handleMessage:6697 android.os.Handler.dispatchMessage:106 
08-31 19:15:54.464  2237  2237 I ViewRootImpl@c248e71[StatusBar]: handleResized, msg = 5 frames=ClientWindowFrames{frame=[0,0][2400,72] display=[0,0][2400,1080] parentFrame=[0,0][0,0] parentClippedByDisplayCutout=false} forceNextWindowRelayout=true displayId=0 resizeMode=-1 frameChanged=false displayFrameChanged=false configChanged=false displayChanged=false
08-31 19:15:54.464  2237  2237 I ViewRootImpl@c248e71[StatusBar]: handleResized mSyncSeqId = 21
08-31 19:15:54.464  2237  2237 I ViewRootImpl@c248e71[StatusBar]: reportNextDraw android.view.ViewRootImpl.handleResized:2450 android.view.ViewRootImpl.-$$Nest$mhandleResized:0 android.view.ViewRootImpl$ViewRootHandler.handleMessageImpl:6728 android.view.ViewRootImpl$ViewRootHandler.handleMessage:6697 android.os.Handler.dispatchMessage:106 
08-31 19:15:54.464  2237  2237 D DisplayLifecycle: updateDisplay id = 0
08-31 19:15:54.464  1549  2989 D WifiDisplayAdapter: isFitToActiveDisplayLocked : false
08-31 19:15:54.465  2237  2237 D DisplayLifecycle: updateSmartViewFitToActiveDisplay : false
08-31 19:15:54.465  2237  2237 D DisplayLifecycle: updateCacheVariables id = 0, display = Display id 0: DisplayInfo{"Ecran ncorporat", displayId 0", displayGroupId 0, FLAG_SECURE, FLAG_SUPPORTS_PROTECTED_BUFFERS, FLAG_TRUSTED, real 2400 x 1080, largest app 2176 x 2176, smallest app 1080 x 1008, appVsyncOff 0, presDeadline 17666666, mode 3, defaultMode 3, REFRESH_RATE_MODE_NORMAL, modes [{id=1, width=1080, height=2400, fps=120.00001, alternativeRefreshRates=[48.000004, 60.000004, 96.00001]}, {id=2, width=1080, height=2400, fps=96.00001, alternativeRefreshRates=[48.000004, 60.000004, 120.00001]}, {id=3, width=1080, height=2400, fps=60.000004, alternativeRefreshRates=[48.000004, 96.00001, 120.00001]}, {id=4, width=1080, height=2400, fps=48.000004, alternativeRefreshRates=[60.000004, 96.00001, 120.00001]}], hdrCapabilities HdrCapabilities{mSupportedHdrTypes=[2, 3, 4], mMaxLuminance=450.0, mMaxAverageLuminance=120.0, mMinLuminance=5.0E-4}, userDisabledHdrTypes [], minimalPostProcessingSupported false, rotation 3, state ON}, DisplayMetrics{density=3.0, width=2176, height=1080, scaledDensity=3.0, xdpi=422.03, ydpi=423.333}, isValid=true, size = Point(2176, 1080), realSize = Point(2400, 1080), rotation = 3
08-31 19:15:54.466  1549  4559 D WindowManager: finishDrawingWindow: Window{5401f0c u0 StatusBar} mDrawState=HAS_DRAWN seqId=21
08-31 19:15:54.466  1549  4559 D WindowManager: markForSeamlessRotation, seamlesslyRotated=false, w=Window{5401f0c u0 StatusBar}, caller=com.android.server.wm.WindowState.finishSeamlessRotation:1085 com.android.server.wm.WindowState.lambda$new$0:937 com.android.server.wm.WindowState.$r8$lambda$U3pXGv95Gb8PldAwEUs7x3QE3U8:0 
08-31 19:15:54.466  1549  4559 D WindowManager: executeDrawHandlers, seqId=21, h.mSeqId=21, hadHandlers=true, win=Window{5401f0c u0 StatusBar}
08-31 19:15:54.467  2237  2385 I ResourceType: [SWT] Success lookup value directly, data = 0x0106078a
08-31 19:15:54.467  2237  2237 D SecVolume.SecVolumeStore: dispatch [ACTION_CONFIGURATION_CHANGED] with [STATE_NO_DISPATCH]
08-31 19:15:54.467  1549  1713 D SurfaceControl: applyGlobalTransaction called, mName=finishDrawing_syncId(21)_StatusBar
08-31 19:15:54.467  1549  1713 I SurfaceComposerClient: setTransactionState with buffer. layerId: 88, bufferData(ID: 9607841844635, frameNumber: 4960, barrierFrameNumber: 4959)
08-31 19:15:54.467  2237  2237 D SecVolume.SecVolumeStore:   > New State : [STATE_NO_DISPATCH]
08-31 19:15:54.467  1243  1275 D SurfaceFlinger: [StatusBar$_2237#88] setTransactionState with buffer. bufferData(ID: 9607841844635, frameNumber: 4960, barrierFrameNumber: 4959)
08-31 19:15:54.468  1549  4559 D WindowManager: finishDrawingWindow: Window{47d128 u0 NavigationBar0} mDrawState=HAS_DRAWN seqId=21
08-31 19:15:54.468  1549  4559 D WindowManager: markForSeamlessRotation, seamlesslyRotated=false, w=Window{47d128 u0 NavigationBar0}, caller=com.android.server.wm.WindowState.finishSeamlessRotation:1085 com.android.server.wm.WindowState.lambda$new$0:937 com.android.server.wm.WindowState.$r8$lambda$U3pXGv95Gb8PldAwEUs7x3QE3U8:0 
08-31 19:15:54.468  1549  4559 D AsyncRotation_WindowManager: finishOp fade-in Window{5401f0c u0 StatusBar}
08-31 19:15:54.468  1549  4559 D WindowManager: fadeWindowToken, show=true, animationType=token_transform, topWindow=Window{5401f0c u0 StatusBar}, token=WindowToken{aade65e type=2000 android.os.BinderProxy@85694e0}, caller=com.android.server.wm.AsyncRotationController.fadeWindowToken:599 com.android.server.wm.AsyncRotationController.finishOp:300 com.android.server.wm.AsyncRotationController.completeAll:327 com.android.server.wm.DisplayContent.finishAsyncRotationIfPossible:2355 com.android.server.wm.DisplayRotation.markForSeamlessRotation:890 
08-31 19:15:54.468  1549  4559 I WindowManager: Cancelling animation restarting=true, leash=Surface(name=Surface(name=WindowToken{aade65e type=2000 android.os.BinderProxy@85694e0})/@0xd0b3b7d - animation-leash of token_transform)/@0x65b4553
08-31 19:15:54.468  1549  4559 I WindowManager: Reparenting to original parent: Surface(name=Leaf:15:15)/@0xb57d34f, destroy=false, surface=Surface(name=WindowToken{aade65e type=2000 android.os.BinderProxy@85694e0})/@0xd0b3b7d
08-31 19:15:54.468  1549  4559 I WindowManager: Reparenting to leash, surface=Surface(name=WindowToken{aade65e type=2000 android.os.BinderProxy@85694e0})/@0xd0b3b7d, leashParent=Surface(name=Leaf:15:15)/@0xb57d34f
08-31 19:15:54.468  2237  2237 D QSClockBellTower: He is ready to ring the bell. (((QSClockBellSound - TimeText:19:15, TimeContentDescription:19:15, DateText:joi, 31 august, ShortDateText:joi, 31 aug., Demo:false, QuickStar-Second(false|12:34:56))))
08-31 19:15:54.469  1243  1275 I SurfaceFlinger: id=5811 createSurf flag=24004, Surface(name=WindowToken{aade65e type=2000 android.os.BinderProxy@85694e0})/@0xd0b3b7d - animation-leash of token_transform#5811
08-31 19:15:54.469  2237  2237 D QSClockIndicatorView: Home Indicator status_bar_clock 19:15 notifyTimeChanged(QSClockBellSound - TimeText:19:15, TimeContentDescription:19:15, DateText:joi, 31 august, ShortDateText:joi, 31 aug., Demo:false, QuickStar-Second(false|12:34:56)) ClockVisibleByPolicy:true, ClockVisibleByUser:true, visible?true, parent:android.widget.LinearLayout{45caf4 V.E...... ......ID 0,0-97,72 #7f0b04f1 app:id/left_clock_container}
08-31 19:15:54.469  2237  2237 D QSClockBellTower: Everyone heard the bell. run(currentTime:1693498554467,   getTime():Thu Aug 31 19:15:54 GMT+03:00 2023,   getTimeZone():libcore.util.ZoneInfo[mDstSavings=3600000,mUseDst=true,mDelegate=[id="Europe/Bucharest",mRawOffset=7200000,mEarliestRawOffset=6264000,transitions=136]])
08-31 19:15:54.469  1549  4559 D WindowManager: makeSurface duration=1 leash=Surface(name=Surface(name=WindowToken{aade65e type=2000 android.os.BinderProxy@85694e0})/@0xd0b3b7d - animation-leash of token_transform)/@0x55dc146
08-31 19:15:54.471  1549  4559 D AsyncRotation_WindowManager: finishOp fade-in Window{966e5a8 u0 com.samsung.android.app.cocktailbarservice/com.samsung.android.app.cocktailbarservice.CocktailBarService}
08-31 19:15:54.471  2237  2237 V QsExpandAnimator: updateAnimators
08-31 19:15:54.471  2237  2237 V QsExpandAnimator: clearAnimationState 
08-31 19:15:54.471  1549  4559 D WindowManager: fadeWindowToken, show=true, animationType=token_transform, topWindow=Window{966e5a8 u0 com.samsung.android.app.cocktailbarservice/com.samsung.android.app.cocktailbarservice.CocktailBarService}, token=WindowToken{900fd45 type=2226 android.os.BinderProxy@f36e9bc}, caller=com.android.server.wm.AsyncRotationController.fadeWindowToken:599 com.android.server.wm.AsyncRotationController.finishOp:300 com.android.server.wm.AsyncRotationController.completeAll:327 com.android.server.wm.DisplayContent.finishAsyncRotationIfPossible:2355 com.android.server.wm.DisplayRotation.markForSeamlessRotation:890 
08-31 19:15:54.471  2237  2237 V QsExpandAnimator: updateViews
08-31 19:15:54.471  1549  4559 I WindowManager: Cancelling animation restarting=true, leash=Surface(name=Surface(name=WindowToken{900fd45 type=2226 android.os.BinderProxy@f36e9bc})/@0x5fd47e5 - animation-leash of token_transform)/@0x52dfe90
08-31 19:15:54.471  1549  4559 I WindowManager: Reparenting to original parent: Surface(name=Leaf:18:23)/@0x8dd92ba, destroy=false, surface=Surface(name=WindowToken{900fd45 type=2226 android.os.BinderProxy@f36e9bc})/@0x5fd47e5
08-31 19:15:54.472  1549  4559 I WindowManager: Reparenting to leash, surface=Surface(name=WindowToken{900fd45 type=2226 android.os.BinderProxy@f36e9bc})/@0x5fd47e5, leashParent=Surface(name=Leaf:18:23)/@0x8dd92ba
08-31 19:15:54.472  2237  2237 V QsExpandAnimator: updateTileAnimator
08-31 19:15:54.472  2237  2237 V QsExpandAnimator: updateHeaderAnimator
08-31 19:15:54.472  2237  2237 V QsExpandAnimator: updateBarAnimator
08-31 19:15:54.472  2237  2237 V QsExpandAnimator: setQsExpansionPosition 0.0
08-31 19:15:54.472  2237  2237 V QsExpandAnimator: onAnimationAtStart
08-31 19:15:54.472  2237  2237 I ResourceType: [SWT] Success lookup value directly, data = 0x01060718
08-31 19:15:54.473  1243  1491 I SurfaceFlinger: id=5812 createSurf flag=24004, Surface(name=WindowToken{900fd45 type=2226 android.os.BinderProxy@f36e9bc})/@0x5fd47e5 - animation-leash of token_transform#5812
