08-31 19:15:54.365  1549  1549 D MotionRecognitionService: [DisplayListener] getRefreshRate 60.000004
08-31 19:15:54.365  1549  1549 E SemInputDeviceManagerService: onDisplayChanged: 3
08-31 19:15:54.365  1549  1549 D SGM:GameManager: onDisplayChanged. displyId: 0, state: 2
08-31 19:15:54.365  1549  1549 D AODManagerService: requestReCalToTSP IsSingleTouchMode = false / previousDisplayState = ON
08-31 19:15:54.365 19904 19904 D UE4     : Path found as '/storage/emulated/0'
08-31 19:15:54.366  6886  6886 I HBD     : HoneyBoardService onConfigurationChanged: newConfig = {1.0 226mcc10mnc [ro_RO] ldltr sw360dp w725dp h336dp 480dpi nrml long land night finger -keyb/v/h -nav/h winConfig={ mBounds=Rect(0, 0 - 2400, 1080) mAppBounds=Rect(144, 0 - 2320, 1080) mMaxBounds=Rect(0, 0 - 2400, 1080) mDisplayRotation=ROTATION_270 mWindowingMode=fullscreen mDisplayWindowingMode=fullscreen mActivityType=undefined mAlwaysOnTop=undefined mRotation=ROTATION_270 mPopOver=undefined mStageConfig=undefined mFreeformTaskPinningState=undefined mFreeformStashState=undefined mDexTaskDockingState=undefined} s.2531 fontWeightAdjustment=0 ff=0 bf=0 bts=0 desktop/d dm/n ?dc ?dcui themeSeq=0 nightDim=0} 
08-31 19:15:54.366  1549  3167 D LiftUpHandler: [LTW] Stopped already.
08-31 19:15:54.366  1549  1896 D MotionRecognitionService: Inject RefreshRate: 60
08-31 19:15:54.366  1549  1896 D SensorService: setSContextDataLocked ints length 3 , byte length 8
08-31 19:15:54.366  1549  1896 D SensorService: setSContextDataLocked 100048c1
08-31 19:15:54.367  1549  1922 D SemInputCommandService: checkTSPCmdlistAndRunCmdNoRead: not supported cmd: lcd_orientation,3
08-31 19:15:54.367  1127  1127 D Sensors : c1 48 00 10 3c 00 00 00  
08-31 19:15:54.367  1127  1127 E Sensors : inject_scontext_data: New ssp_data_injection_fd(43)
08-31 19:15:54.367  6886  6886 I HBD     : j isEnabledNightMode : true 
08-31 19:15:54.367  1549  1927 D SGM:FgCheckThread: onLooperPrepared(), msg: MSG_LCD_ON
08-31 19:15:54.367  1243  1243 D SurfaceFlinger: Display 4633128672291735937 HWC layers:
08-31 19:15:54.367  1243  1243 D SurfaceFlinger:  SOLID_COLOR |              | 0000 |  Unknown  |    0.0    0.0    0.0    0.0 |    0    0 1080   80 | Letterbox - right#5806
08-31 19:15:54.367  1243  1243 D SurfaceFlinger:      CLIENT | 0xb4000075db1d0c90 | 0100 | RGBA_8888    |    0.0    0.0 2320.0 1080.0 |    0   80 1080 2400 | Splash Screen com.EpicGames.AndroidQuickStart$_2237#5800
08-31 19:15:54.367  1243  1243 D SurfaceFlinger:      DEVICE | 0xb4000075db1bb910 | 0100 | RGBA_8888    |    0.0    0.0 1080.0  144.0 |    0 2256 1080 2400 | NavigationBar0$_2237#85
08-31 19:15:54.367  1243  1243 D SurfaceFlinger: 
08-31 19:15:54.367  6886  6886 I HBD     : a updatePredictionStatus : 8, editorOpt 
08-31 19:15:54.369  1549  1712 D PowerManagerService: [api] setScreenDimDurationOverrideFromWindowManagerInternal: timeoutMillis: -1
08-31 19:15:54.369  1549  1712 D PowerManagerService: displayReady: false groupId=0
08-31 19:15:54.369  1549  1712 D InputManager: setPointerIconType iconId = 1000, callingPid = 1549
08-31 19:15:54.369  1549  1712 D MouseCursorController: updatePointerIcon, 20001 -> 1000
08-31 19:15:54.369  1549  1712 D MouseCursorController: PRESENTATION_SPOT: 1000 -> 20001
08-31 19:15:54.370  1549  1749 D DisplayPowerController[0]: animateScreenStateChange: target=2, mLogicalDisplay.isEnabled()=true
08-31 19:15:54.370  1549  1749 D PowerManagerService: displayReady: true groupId=0
08-31 19:15:54.372  1127  1127 D Sensors : SContext Data Injection return 8
08-31 19:15:54.372  1549  1725 D BaseRestrictionMgr: Package: ro.btrl.pay, userid: 0, hostingType: broadcast is allowed by freecess, caller is: null
08-31 19:15:54.372 19904 19904 D UE4     : Font Path found as '/system/fonts/'
08-31 19:15:54.372 19904 19904 D UE4     : In the JNI_OnLoad function 5
08-31 19:15:54.372  6886  6886 I HBD     : a undoMinimize requested, minimized = false 
08-31 19:15:54.374 19904 19904 D OVRPlugin: JNI_OnLoad
08-31 19:15:54.375  6886  6886 I DecorView: notifyKeepScreenOnChanged: keepScreenOn=false
08-31 19:15:54.376  2237  2327 I ViewRootImpl@5d2ab57[AndroidQuickStart]: performTraversals mFirst=false windowShouldResize=false viewVisibilityChanged=false mForceNextWindowRelayout=true params=null
08-31 19:15:54.376  6886  6886 I DecorView: notifyKeepScreenOnChanged: keepScreenOn=false
08-31 19:15:54.378  1549  1896 D MotionRecognitionService: Receiver: CONFIGURATION_CHANGED
08-31 19:15:54.378  1549  1896 D MotionRecognitionService: Inject auto rotation : 3
08-31 19:15:54.378  1549  1896 D SensorService: Motion injection
08-31 19:15:54.378  1549  1896 D SensorService: [EAR_TOUCH] : INJECT_AUTO_ROTATION ++++
08-31 19:15:54.378  1549  1896 D SensorService: [EARPROXIMITY] getScreenRotation
08-31 19:15:54.378  2237  2777 D QSClockBellTower: onReceive(android.intent.action.CONFIGURATION_CHANGED) mTimeZoneString:null
08-31 19:15:54.380  1549  2971 V WindowManager: Relayout Window{eb00f8c u0 Splash Screen com.EpicGames.AndroidQuickStart}: viewVisibility=0 req=2320x1080 d0
08-31 19:15:54.381  1549  2971 V WindowManager: Relayout hash=eb00f8c, pid=2237, syncId=-1: mAttrs={(0,0)(fillxfill) sim={adjust=pan} ty=APPLICATION_STARTING fmt=TRANSLUCENT wanim=0x1030001
08-31 19:15:54.381  1549  2971 V WindowManager:   fl=81030118
08-31 19:15:54.381  1549  2971 V WindowManager:   pfl=16000010
08-31 19:15:54.381  1549  2971 V WindowManager:   bhv=DEFAULT
08-31 19:15:54.381  1549  2971 V WindowManager:   fitSides= naviIconColor=0}
08-31 19:15:54.382  2237  2312 W Bubbles : update positioner: rotation: 0 insets: Insets{left=144, top=72, right=80, bottom=0} isLargeScreen: false isSmallTablet: false bounds: Rect(0, 0 - 2400, 1080) showingInTaskbar: false
08-31 19:15:54.382  2204  2360 I TelephonyProvider: D/TelephonyProvider: subIdString = 1 subId = 1
08-31 19:15:54.383  2204  2360 I TelephonyProvider: D/TelephonyProvider: subIdString = 1 subId = 1
08-31 19:15:54.384  1549  1549 D SEP_UNION_CoverManager_ResolutionMonitor: onReceive 536872064 
08-31 19:15:54.384  4552  4552 I KLWPSa  : Stopping gyroscope sensors
08-31 19:15:54.384  1549  1549 D WALLPAPER_SVC:SemWallpaperManagerService: onReceive: android.intent.action.CONFIGURATION_CHANGED, densityDpi=480, orientation [old=1, new=2] 
08-31 19:15:54.384  1549  1549 D WALLPAPER_SVC:WallpaperManagerService: orientation is changed, notifySemColorListeners 
08-31 19:15:54.384  2237  2327 I ViewRootImpl@5d2ab57[AndroidQuickStart]: updateBlastSurfaceIfNeeded mBlastBufferQueue=0xb4000073b349fb30 isSameSurfaceControl=true
08-31 19:15:54.384  2237  2327 I BLASTBufferQueue: update, w= 2320 h= 1080 mName = ViewRootImpl@5d2ab57[AndroidQuickStart] mNativeObject= 0xb4000073b349fb30 sc.mNativeObject= 0xb4000073436cfda0 format= -3 caller= android.view.ViewRootImpl.updateBlastSurfaceIfNeeded:2898 android.view.ViewRootImpl.relayoutWindow:9847 android.view.ViewRootImpl.performTraversals:3884 android.view.ViewRootImpl.doTraversal:3116 android.view.ViewRootImpl$TraversalRunnable.run:10885 android.view.Choreographer$CallbackRecord.run:1301 
08-31 19:15:54.384  2237  2327 I ViewRootImpl@5d2ab57[AndroidQuickStart]: Relayout returned: old=(0,0,2320,1080) new=(0,0,2320,1080) req=(2320,1080)0 dur=8 res=0x0 s={true 0xb4000074435ebd00} ch=false seqId=0
08-31 19:15:54.385  2237  2327 I ViewRootImpl@5d2ab57[AndroidQuickStart]: mThreadedRenderer.updateSurface() mSurface={isValid=true 0xb4000074435ebd00}
08-31 19:15:54.385  2237  2331 D OpenGLRenderer: setSurface() destroyed EGLSurface
08-31 19:15:54.385  2237  2331 D OpenGLRenderer: destroyEglSurface
08-31 19:15:54.385  2237  2331 D OpenGLRenderer: eglCreateWindowSurface
08-31 19:15:54.385  1549  1979 V WindowManager: Relayout hash=817a6e, pid=2699, syncId=-1: mAttrs={(0,0)(fillxfill) sim={adjust=nothing forwardNavigation} layoutInDisplayCutoutMode=shortEdges ty=BASE_APPLICATION fmt=TRANSPARENT wanim=0x10302f4
08-31 19:15:54.385  1549  1979 V WindowManager:   fl=81910100
08-31 19:15:54.385  1549  1979 V WindowManager:   pfl=1e020040
08-31 19:15:54.385  1549  1979 V WindowManager:   vsysui=1700
08-31 19:15:54.385  1549  1979 V WindowManager:   bhv=SHOW_TRANSIENT_BARS_BY_SWIPE
08-31 19:15:54.385  1549  1979 V WindowManager:   fitSides= screenDimDuration=40000 naviIconColor=0}
08-31 19:15:54.386  2237  2237 D LockscreenNotificationManager: Orientation updated : 2
08-31 19:15:54.386  2237  2237 D DeviceState: getDisplayWidth portrait? false  displayWidth= 2400
08-31 19:15:54.386  2237  2237 D SecPanelConfigurationBellTower: New Cs.2532 (cSeq.2452 : vSeq.2452) dState(dW:2400, dH:1080) rPicker(pW:1680, pH:1008, adH:1008, cH:0, nbH:0) Rotation(3, c:3, v:3) newOri:2
08-31 19:15:54.386  1549  2243 D SemContextService: 	.unregisterCallback : 3, client= com.sec.android.sdhms
08-31 19:15:54.386  1549  2243 D SemContextService: unlock : unregisterCallback
08-31 19:15:54.386 19904 19904 I DecorView: [INFO] isPopOver=false config=true
08-31 19:15:54.386  1113  1159 I Audio_a2dpsink_hw: adev_set_parameters: kevpairs=[g_hw_display_rotation=3]
08-31 19:15:54.386 19904 19904 I DecorView: updateCaptionType: isFloating=false isApplication=true hasWindowDecorCaption=false this=DecorView@87c1397[]
08-31 19:15:54.386 19904 19904 D DecorView: setCaptionType = 0, this = DecorView@87c1397[]
08-31 19:15:54.386  1549  1725 D BaseRestrictionMgr: Package: com.bitdefender.security, userid: 0, hostingType: broadcast is allowed by freecess, caller is: null
08-31 19:15:54.387 19904 19904 I DecorView: getCurrentDensityDpi: from real metrics. densityDpi=480 msg=resources_loaded
08-31 19:15:54.387 19904 19904 I DecorView: setWindowBackground: isPopOver=false color=ff010101 d=android.graphics.drawable.LayerDrawable@616f56d
08-31 19:15:54.388  2237  2237 V SecQsTransitionAnimator: restorePanelView
08-31 19:15:54.388  2237  2237 D MultiSIMPreferredSlotBar: setExpanded : false mShowing : false
08-31 19:15:54.388  2237  2237 D MultiSIMController: unRegisterSimCardManagerCallback : mSimCardManagerService is null 
08-31 19:15:54.389  2237  2237 D [QuickStar]_ExpandQSAtOnceController: updateResources(before), enabled:false, SidePosition:null, Ratio:0.0(setting:0), Width:0
08-31 19:15:54.390  1549  1979 V SystemKeyManager: requestSystemKeyEvent() is called keyCode=3 componentName=ComponentInfo{com.samsung.android.app.cocktailbarservice/com.samsung.android.app.cocktailbarservice.CocktailBarService} request=false
08-31 19:15:54.390  2237  2237 D IndicatorGardenInputProperty: updateRotation() prv:0 >> new:3
08-31 19:15:54.391  2237  2237 D IndicatorBasicGardener: PhoneStatusBarViewController is done to update (IndicatorGardenModel) lp:63, lc:983, cc:85, rc:983, rp:63, h:72, ctm:false, ctms:20
08-31 19:15:54.391  2237  2237 D SecQSLayoutDetail: Recommend onConfigChanged() ori: 2
08-31 19:15:54.391  1549  1725 D BaseRestrictionMgr: Package: com.viatom.vihealth, userid: 0, hostingType: broadcast is allowed by freecess, caller is: null
08-31 19:15:54.392  2237  2237 V Navbar.Store: handleEvent(0) OnRotationChanged(rotation=3, displayId=0) [Module] NavigationBar
08-31 19:15:54.392  2237  2237 V Navbar.Store: handleEvent(0) OnUpdateRemoteViewContainer(leftContainer=android.widget.LinearLayout{f89645b I.E...... ......I. 0,0-118,144 #7f0b04f7 app:id/left_remoteview}, rightContainer=android.widget.LinearLayout{375a4f8 I.E...... ......I. 962,0-1080,144 #7f0b07ab app:id/right_remoteview}, contextualButtonVisible=false, darkIntensity=0.0) [Module] SamsungNavigationBarView
08-31 19:15:54.392  2237  2237 V Navbar.Store: --[Band]REMOTE_VIEW_PACK_SET_REMOTEVIEW_CONTAINER
08-31 19:15:54.392  2237  2237 V Navbar.Store: ----apply(0) UpdateRemoteViewContainer
08-31 19:15:54.392  2237  2237 V Navbar.Store: ----apply(0) UpdateRemoteViewDarkIntensity
08-31 19:15:54.392  2237  2237 V Navbar.Store: ----handleEvent(0) OnUpdateRemoteViewContainer(leftContainer=android.widget.LinearLayout{f89645b I.E...... ......I. 0,0-118,144 #7f0b04f7 app:id/left_remoteview}, rightContainer=android.widget.LinearLayout{375a4f8 I.E...... ......I. 962,0-1080,144 #7f0b07ab app:id/right_remoteview}, contextualButtonVisible=false, darkIntensity=0.0) [Module] SamsungNavigationBarView
08-31 19:15:54.392  2237  2237 V Navbar.Store: ------[Band]REMOTE_VIEW_PACK_SET_REMOTEVIEW_CONTAINER
08-31 19:15:54.392  2237  2237 V Navbar.Store: --------apply(0) UpdateRemoteViewContainer
08-31 19:15:54.392  2237  2237 V Navbar.Store: --------apply(0) UpdateRemoteViewDarkIntensity
08-31 19:15:54.392  2237  2237 V Navbar.Store: handleEvent(0) OnUpdateSysUiStateFlag(noArguments=true) [Module] SamsungNavigationBarView
08-31 19:15:54.392  2237  2237 V Navbar.Store: --[Band]GESTURE_PACK_UPDATE_SYSTEMUI_STATE_FLAG
08-31 19:15:54.392  2237  2237 V Navbar.Store: --[Band] (afterAction) GESTURE_PACK_UPDATE_SYSTEMUI_STATE_FLAG
08-31 19:15:54.393  2699  9104 I TouchInteractionService: onActiveNavBarRegionChanges, region : SkRegion((0,2256,388,2400)(389,2256,690,2400)(691,2256,961,2400))
08-31 19:15:54.393  2699  9104 I TouchInteractionService: onActiveNavBarRegionChanges, region : SkRegion((0,2256,388,2400)(389,2256,690,2400)(691,2256,961,2400))
08-31 19:15:54.393  2237  2237 V Navbar.Store: ----handleEvent(0) OnUpdateRemoteViewContainer(leftContainer=android.widget.LinearLayout{f89645b I.E...... ......I. 0,0-118,144 #7f0b04f7 app:id/left_remoteview}, rightContainer=android.widget.LinearLayout{375a4f8 I.E...... ......I. 962,0-1080,144 #7f0b07ab app:id/right_remoteview}, contextualButtonVisible=false, darkIntensity=0.0) [Module] SamsungNavigationBarView
08-31 19:15:54.393  2237  2237 V Navbar.Store: ------[Band]REMOTE_VIEW_PACK_SET_REMOTEVIEW_CONTAINER
08-31 19:15:54.393  2237  2237 V Navbar.Store: --------apply(0) UpdateRemoteViewContainer
08-31 19:15:54.393  2699  9104 I TouchInteractionService: onActiveNavBarRegionChanges, region : SkRegion((0,2256,388,2400)(389,2256,690,2400)(691,2256,961,2400))
08-31 19:15:54.393  2237  2237 V Navbar.Store: --------apply(0) UpdateRemoteViewDarkIntensity
08-31 19:15:54.393  2237  2237 V Navbar.Store: handleEvent(0) OnNavBarUpdateA11YService(clickable=false, longClickable=false) [Module] NavigationBar
08-31 19:15:54.393  2237  2237 V Navbar.Store: --[Band]SETUPWIZARD_PACK_UPDATE_A11Y_SERVICE
08-31 19:15:54.394  1243  1952 I SurfaceFlinger: id=5787 Removed Surface(name=47d128 NavigationBar0)/@0x2e9568a - animation-leash of insets_animation#5787 (181)
08-31 19:15:54.394  1243  1952 I SurfaceFlinger: id=5786 Removed Surface(name=5401f0c StatusBar)/@0x4d6ddd4 - animation-leash of insets_animation#5786 (181)
08-31 19:15:54.396 19613 19613 D AndroidAutoSize: initScaledDensity = 3.0 on ConfigurationChanged
08-31 19:15:54.396  1549  4608 D SensorService: Calling activate off 33554433
08-31 19:15:54.396  1127  1127 D SensorsFlicker: Als_common::setDelay, handle : 1 time : 10000000ns
08-31 19:15:54.397  2699  2699 I ViewRootImpl@fd261a7[LauncherActivity]: Relayout returned: old=(0,0,1080,2400) new=(0,0,1080,2400) req=(1080,2400)8 dur=41 res=0x2 s={false 0x0} ch=true seqId=0
08-31 19:15:54.397  2699  2699 I LauncherRootView: handleSystemWindowInsets Rect(0, 80 - 0, 144)
08-31 19:15:54.398  2699  2699 I DisplayController: onConfigurationChanged {1.0 226mcc10mnc [ro_RO] ldltr sw360dp w725dp h336dp 480dpi nrml long land night finger -keyb/v/h -nav/h winConfig={ mBounds=Rect(0, 0 - 2400, 1080) mAppBounds=Rect(144, 0 - 2320, 1080) mMaxBounds=Rect(0, 0 - 2400, 1080) mDisplayRotation=ROTATION_270 mWindowingMode=fullscreen mDisplayWindowingMode=fullscreen mActivityType=undefined mAlwaysOnTop=undefined mRotation=ROTATION_270 mPopOver=undefined mStageConfig=undefined mFreeformTaskPinningState=unpinned mFreeformStashState=undefined mDexTaskDockingState=undefined} s.2531 fontWeightAdjustment=0 ff=0 bf=0 bts=0 desktop/d dm/n ?dc ?dcui themeSeq=0 nightDim=0}
08-31 19:15:54.398  1549  4608 D SensorService: Calling activate off 33554433
08-31 19:15:54.398  1127  1127 D SensorsFlicker: Als_common::enable, handle : 1, mode : 1, en : 0
08-31 19:15:54.398  1127  1127 D SensorsFlicker: Als_common::sendCommand, send disable command
08-31 19:15:54.399  1549  1725 D BaseRestrictionMgr: Package: com.android.vending, userid: 0, hostingType: broadcast is allowed by freecess, caller is: null
08-31 19:15:54.400  1549  1725 D BaseRestrictionMgr: Package: com.sec.spp.push, userid: 0, hostingType: broadcast is allowed by freecess, caller is: null
08-31 19:15:54.401  1549  4604 V SystemKeyManager: requestSystemKeyEvent() is called keyCode=187 componentName=ComponentInfo{com.samsung.android.app.cocktailbarservice/com.samsung.android.app.cocktailbarservice.CocktailBarService} request=false
08-31 19:15:54.402  1549  1725 D BaseRestrictionMgr: Package: com.tunnelbear.android, userid: 0, hostingType: broadcast is allowed by freecess, caller is: null
08-31 19:15:54.402  6886  6886 I HBD     : a [UpdatePolicy] [post] a: 2 cl: 3407872 kit: [0/0] vt: 4 ir: 1 
08-31 19:15:54.402  2237  2237 D KeyguardEditModeAnimatorController: rotation 3 false
08-31 19:15:54.403  1549  4559 W WindowManager: Cannot find window which accessibility connection is added to
08-31 19:15:54.403  5270  5270 I MSHandlerLifeCycle: check: return. pkg=com.samsung.android.app.cocktailbarservice isActivity=false callers=com.android.internal.policy.DecorView.setVisibility:4416 l4.r.G:2 l4.r.E:4 l4.o.U0:46 l4.o$g.e:4 
08-31 19:15:54.403  5270  5270 I MSHandlerLifeCycle: removeMultiSplitHandler: no exist. decor=DecorView@1d2a7e[CocktailBarService]
08-31 19:15:54.403  2237  2237 D QSCinemaProvider: orientation is changed ! 1 >> 2
08-31 19:15:54.403  2237  2237 V SecQSFragmentAnimatorBase: onConfigurationChanged
08-31 19:15:54.403  2237  2331 D OpenGLRenderer: setSurface called with nullptr
08-31 19:15:54.403  2237  2331 D OpenGLRenderer: setSurface() destroyed EGLSurface
08-31 19:15:54.403  2237  2331 D OpenGLRenderer: destroyEglSurface
08-31 19:15:54.404  2237  2237 V SecQsTransitionAnimator: restorePanelView
08-31 19:15:54.404  2237  2237 D MultiSIMPreferredSlotBar: setExpanded : false mShowing : false
08-31 19:15:54.404  2237  2237 D MultiSIMController: unRegisterSimCardManagerCallback : mSimCardManagerService is null 
08-31 19:15:54.404  2237  2312 I ViewRootImpl@e624a50[StageCoordinatorSplitDivider]: dispatchDetachedFromWindow
08-31 19:15:54.405  2237  2237 I ViewRootImpl@d20aaa7[NavigationBar0]: performTraversals params={(0,0)(144xfill) gr=LEFT CENTER_HORIZONTAL sim={adjust=pan} layoutInDisplayCutoutMode=always ty=NAVIGATION_BAR fmt=TRANSLUCENT receive insets ignoring z-order
08-31 19:15:54.405  2237  2237 I ViewRootImpl@d20aaa7[NavigationBar0]:   fl=20840068
08-31 19:15:54.405  2237  2237 I ViewRootImpl@d20aaa7[NavigationBar0]:   pfl=33002000
08-31 19:15:54.405  2237  2237 I ViewRootImpl@d20aaa7[NavigationBar0]:   bhv=DEFAULT
08-31 19:15:54.405  2237  2237 I ViewRootImpl@d20aaa7[NavigationBar0]:  providedInternalInsets=null null null null null null null null null null null null null null null null null null null null null null null null
08-31 19:15:54.405  2237  2237 I ViewRootImpl@d20aaa7[NavigationBar0]:   paramsForRotation=
08-31 19:15:54.405  2237  2237 I ViewRootImpl@d20aaa7[NavigationBar0]:   rot[0]={(0,0)(fillx144) gr=BOTTOM CENTER_VERTICAL layoutInDisplayCutoutMode=always ty=NAVIGATION_BAR fmt=TRANSLUCENT receive insets ignoring z-order
08-31 19:15:54.405  2237  2237 I ViewRootImpl@d20aaa7[NavigationBar0]:   fl=20840068
08-31 19:15:54.405  2237  2237 I ViewRootImpl@d20aaa7[NavigationBar0]:   pfl=31002000
08-31 19:15:54.405  2237  2237 I ViewRootImpl@d20aaa7[NavigationBar0]:   bhv=DEFAULT
08-31 19:15:54.405  2237  2237 I ViewRootImpl@d20aaa7[NavigationBar0]:  providedInternalInsets=null Insets{left=0, top=0, right=0, bottom=0} null null null null null null null null null null null null null null null null null null null null null null naviIconColor=0} 
08-31 19:15:54.405  2237  2237 I ViewRootImpl@d20aaa7[NavigationBar0]:   rot[1]={(0,0)(144xfill) gr=RIGHT CENTER_HORIZONTAL layoutInDisplayCutoutMode=always ty=NAVIGATION_BAR fmt=TRANSLUCENT receive insets ignoring z-order
08-31 19:15:54.405  2237  2237 I ViewRootImpl@d20aaa7[NavigationBar0]:   fl=20840068
08-31 19:15:54.405  2237  2237 I ViewRootImpl@d20aaa7[NavigationBar0]:   pfl=31002000
08-31 19:15:54.405  2237  2237 I ViewRootImpl@d20aaa7[NavigationBar0]:   bhv=DEFAULT
08-31 19:15:54.405  2237  2237 I ViewRootImpl@d20aaa7[NavigationBar0]:  providedInternalInsets=null null null null null null null null null null null null null null null null null null null null null null null null naviIconColor=0} 
08-31 19:15:54.405  2237  2237 I ViewRootImpl@d20aaa7[NavigationBar0]:   rot[2]={(0,0)(fillx144) gr=BOTTOM CENTER_VERTICAL layoutInDisplayCutoutMode=always ty=NAVIGATION_BAR fmt=TRANSLUCENT receive insets ignoring z-order
08-31 19:15:54.405  2237  2237 I ViewRootImpl@d20aaa7[NavigationBar0]:   fl=20840068
08-31 19:15:54.405  2237  2237 I ViewRootImpl@d20aaa7[NavigationBar0]:   pfl=31002000
08-31 19:15:54.405  2237  2237 I ViewRootImpl@d20aaa7[NavigationBar0]:   bhv=DEFAULT
08-31 19:15:54.405  2237  2237 I ViewRootImpl@d20aaa7[NavigationBar0]:  providedInternalInsets=null Insets{left=0, top=0, right=0, bottom=0} null null null null null null null null null null null null null null null null null null null null null null naviIconColor=0} 
08-31 19:15:54.405  2237  2237 I ViewRootImpl@d20aaa7[NavigationBar0]:   rot[3]={(0,0)(144xfill) gr=LEFT CENTER_HORIZONTAL layoutInDisplayCutoutMode=always ty=NAVIGATION_BAR fmt=TRANSLUCENT receive insets ignoring z-order
08-31 19:15:54.405  2237  2237 I ViewRootImpl@d20aaa7[NavigationBar0]:   fl=20840068
08-31 19:15:54.405  2237  2237 I ViewRootImpl@d20aaa7[NavigationBar0]:   pfl=31002000
08-31 19:15:54.405  2237  2237 I ViewRootImpl@d20aaa7[NavigationBar0]:   bhv=DEFAULT
08-31 19:15:54.405  2237  2237 I ViewRootImpl@d20aaa7[NavigationBar0]:  providedInternalInsets=null null null null null null null null null null null null null null null null null null null null null null null null naviIconColor=0} naviIconColor=0}
08-31 19:15:54.405  5270  5270 I TrayStateController: setUiState 2 : -isHideByOrientationPolicy : true isFolded : false 0 --> 2
08-31 19:15:54.405  5270  5270 I TrayStateController: setUiState 0 : -isHideByOrientationPolicy : true isFolded : false  already 2
08-31 19:15:54.405  2237  2237 I ViewRootImpl@d20aaa7[NavigationBar0]: performTraversals mFirst=false windowShouldResize=false viewVisibilityChanged=false mForceNextWindowRelayout=false params={(0,0)(144xfill) gr=LEFT CENTER_HORIZONTAL sim={adjust=pan} layoutInDisplayCutoutMode=always ty=NAVIGATION_BAR fmt=TRANSLUCENT receive insets ignoring z-order
08-31 19:15:54.405  2237  2237 I ViewRootImpl@d20aaa7[NavigationBar0]:   fl=20840068
08-31 19:15:54.405  2237  2237 I ViewRootImpl@d20aaa7[NavigationBar0]:   pfl=33002000
08-31 19:15:54.405  2237  2237 I ViewRootImpl@d20aaa7[NavigationBar0]:   bhv=DEFAULT
08-31 19:15:54.405  2237  2237 I ViewRootImpl@d20aaa7[NavigationBar0]:  providedInternalInsets=null null null null null null null null null null null null null null null null null null null null null null null null
08-31 19:15:54.405  2237  2237 I ViewRootImpl@d20aaa7[NavigationBar0]:   paramsForRotation=
08-31 19:15:54.405  2237  2237 I ViewRootImpl@d20aaa7[NavigationBar0]:   rot[0]={(0,0)(fillx144) gr=BOTTOM CENTER_VERTICAL layoutInDisplayCutoutMode=always ty=NAVIGATION_BAR fmt=TRANSLUCENT receive insets ignoring z-order
08-31 19:15:54.405  2237  2237 I ViewRootImpl@d20aaa7[NavigationBar0]:   fl=20840068
08-31 19:15:54.405  2237  2237 I ViewRootImpl@d20aaa7[NavigationBar0]:   pfl=31002000
08-31 19:15:54.405  2237  2237 I ViewRootImpl@d20aaa7[NavigationBar0]:   bhv=DEFAULT
08-31 19:15:54.405  2237  2237 I ViewRootImpl@d20aaa7[NavigationBar0]:  providedInternalInsets=null Insets{left=0, top=0, right=0, bottom=0} null null null null null null null null null null null null null null null null null null null null null null naviIconColor=0} 
08-31 19:15:54.405  2237  2237 I ViewRootImpl@d20aaa7[NavigationBar0]:   rot[1]={(0,0)(144xfill) gr=RIGHT CENTER_HORIZONTAL layoutInDisplayCutoutMode=always ty=NAVIGATION_BAR fmt=TRANSLUCENT receive insets ignoring z-order
08-31 19:15:54.405  2237  2237 I ViewRootImpl@d20aaa7[NavigationBar0]:   fl=20840068
08-31 19:15:54.405  2237  2237 I ViewRootImpl@d20aaa7[NavigationBar0]:   pfl=31002000
08-31 19:15:54.405  2237  2237 I ViewRootImpl@d20aaa7[NavigationBar0]:   bhv=DEFAULT
08-31 19:15:54.405  2237  2237 I ViewRootImpl@d20aaa7[NavigationBar0]:  providedInternalInsets=null null null null null null null null null null null null null null null null null null null null null null null null naviIconColor=0} 
08-31 19:15:54.405  2237  2237 I ViewRootImpl@d20aaa7[NavigationBar0]:   rot[2]={(0,0)(fillx144) gr=BOTTOM CENTER_VERTICAL layoutInDisplayCutoutMode=always ty=NAVIGATION_BAR fmt=TRANSLUCENT receive insets ignoring z-order
08-31 19:15:54.405  2237  2237 I ViewRootImpl@d20aaa7[NavigationBar0]:   fl=20840068
08-31 19:15:54.405  2237  2237 I ViewRootImpl@d20aaa7[NavigationBar0]:   pfl=31002000
08-31 19:15:54.405  2237  2237 I ViewRootImpl@d20aaa7[NavigationBar0]:   bhv=DEFAULT
08-31 19:15:54.405  2237  2237 I ViewRootImpl@d20aaa7[NavigationBar0]:  providedInternalInsets=null Insets{left=0, top=0, right=0, bottom=0} null null null null null null null null null null null null null null null null null null null null null null naviIconColor=0} 
08-31 19:15:54.405  2237  2237 I ViewRootImpl@d20aaa7[NavigationBar0]:   rot[3]={(0,0)(144xfill) gr=LEFT CENTER_HORIZONTAL layoutInDisplayCutoutMode=always ty=NAVIGATION_BAR fmt=TRANSLUCENT receive insets ignoring z-order
08-31 19:15:54.405  2237  2237 I ViewRootImpl@d20aaa7[NavigationBar0]:   fl=20840068
08-31 19:15:54.405  2237  2237 I ViewRootImpl@d20aaa7[NavigationBar0]:   pfl=31002000
08-31 19:15:54.405  2237  2237 I ViewRootImpl@d20aaa7[NavigationBar0]:   bhv=DEFAULT
08-31 19:15:54.405  2237  2237 I ViewRootImpl@d20aaa7[NavigationBar0]:  providedInternalInsets=null null null null null null null null null null null null null null null null null null null null null null null null naviIconColor=0} naviIconColor=0}
08-31 19:15:54.406  1549  2243 W WindowManager: Failed looking up window session=Session{a0969c7 2237:u0a10063} callers=com.android.server.wm.WindowManagerService.windowForClientLocked:6611 com.android.server.wm.WindowManagerService.removeWindow:2280 com.android.server.wm.Session.remove:236 
08-31 19:15:54.406  1549  2243 D InputTransport: Input channel destroyed: 'Embedde', fd=397
08-31 19:15:54.406  1549  2243 W InputManager-JNI: Input channel object 'Embedded{StageCoordinatorSplitDivider} (client)' was disposed without first being removed with the input manager!
08-31 19:15:54.406  1549  2243 D InputTransport: Input channel destroyed: 'Embedde', fd=647
08-31 19:15:54.406  2237  2312 D InputTransport: Input channel destroyed: 'Embedde', fd=116
08-31 19:15:54.406  5270  5270 I ViewRootImpl@e037260[CocktailBarService]: handleResized, msg = 5 frames=ClientWindowFrames{frame=[2333,560][2400,1080] display=[144,0][2400,1080] parentFrame=[0,0][0,0] parentClippedByDisplayCutout=false} forceNextWindowRelayout=true displayId=0 resizeMode=-1 frameChanged=false displayFrameChanged=true configChanged=true displayChanged=false
08-31 19:15:54.406  1549  2971 V WindowManager: Relayout Window{47d128 u0 NavigationBar0}: viewVisibility=0 req=1080x144 d0
08-31 19:15:54.406  5270  5270 I DecorView: getCurrentDensityDpi: from app context. densityDpi=480 msg=remove_caption
08-31 19:15:54.406  5270  5270 I DecorView: [INFO] isPopOver=false config=true
08-31 19:15:54.407  5270  5270 I DecorView: updateCaptionType: isFloating=false isApplication=false hasWindowDecorCaption=false this=DecorView@1d2a7e[CocktailBarService]
08-31 19:15:54.407  5270  5270 I MSHandlerLifeCycle: check: return. pkg=com.samsung.android.app.cocktailbarservice isActivity=false callers=com.android.internal.policy.DecorView.onConfigurationChanged:3364 android.view.View.dispatchConfigurationChanged:16145 android.view.ViewGroup.dispatchConfigurationChanged:1646 android.view.ViewRootImpl.updateConfiguration:6502 android.view.ViewRootImpl.performConfigurationChange:6465 
08-31 19:15:54.407  5270  5270 I MSHandlerLifeCycle: removeMultiSplitHandler: no exist. decor=DecorView@1d2a7e[CocktailBarService]
08-31 19:15:54.407  5270  5270 I ResourceType: [SWT] Success lookup value directly, data = 0x0106040f
08-31 19:15:54.407  5270  5270 I ResourceType: [SWT] Success lookup value directly, data = 0x01060711
08-31 19:15:54.407  5270  5270 I ResourceType: [SWT] Success lookup value directly, data = 0x0106071c
08-31 19:15:54.407  5270  5270 I ViewRootImpl@e037260[CocktailBarService]: handleResized mSyncSeqId = 16
08-31 19:15:54.407  5270  5270 I ViewRootImpl@e037260[CocktailBarService]: reportNextDraw android.view.ViewRootImpl.handleResized:2450 android.view.ViewRootImpl.-$$Nest$mhandleResized:0 android.view.ViewRootImpl$ViewRootHandler.handleMessageImpl:6728 android.view.ViewRootImpl$ViewRootHandler.handleMessage:6697 android.os.Handler.dispatchMessage:106 
08-31 19:15:54.409  1243  1243 I Layer   : id=5775 removeFromCurrentState StageCoordinatorSplitDivider#5775 (181)
08-31 19:15:54.409  1243  1243 I Layer   : id=5774 removeFromCurrentState SplitWindowManager#5774 (181)
08-31 19:15:54.409  1243  1243 I SurfaceFlinger: id=5774 Removed SplitWindowManager#5774 (181)
08-31 19:15:54.409  1243  1243 I SurfaceFlinger: id=5775 Removed StageCoordinatorSplitDivider#5775 (181)
08-31 19:15:54.409  1243  1243 I Layer   : id=5786 Destroyed Surface(name=5401f0c StatusBar)/@0x4d6ddd4 - animation-leash of insets_animation#5786
08-31 19:15:54.409  1243  1243 I Layer   : id=5787 Destroyed Surface(name=47d128 NavigationBar0)/@0x2e9568a - animation-leash of insets_animation#5787
08-31 19:15:54.409  1243  1243 I Layer   : id=5774 Destroyed SplitWindowManager#5774
08-31 19:15:54.409  1243  1243 I Layer   : id=5775 Destroyed StageCoordinatorSplitDivider#5775
08-31 19:15:54.412  1549  2971 V WindowManager: Relayout hash=47d128, pid=2237, syncId=21: mAttrs={(0,0)(144xfill) gr=LEFT CENTER_HORIZONTAL sim={adjust=pan} layoutInDisplayCutoutMode=always ty=NAVIGATION_BAR fmt=TRANSLUCENT receive insets ignoring z-order
08-31 19:15:54.412  1549  2971 V WindowManager:   fl=20840068
08-31 19:15:54.412  1549  2971 V WindowManager:   pfl=33002000
08-31 19:15:54.412  1549  2971 V WindowManager:   bhv=DEFAULT
08-31 19:15:54.412  1549  2971 V WindowManager:  providedInternalInsets=null null null null null null null null null null null null null null null null null null null null null null null null
08-31 19:15:54.412  1549  2971 V WindowManager:   paramsForRotation=
08-31 19:15:54.412  1549  2971 V WindowManager:   rot[0]={(0,0)(fillx144) gr=BOTTOM CENTER_VERTICAL layoutInDisplayCutoutMode=always ty=NAVIGATION_BAR fmt=TRANSLUCENT receive insets ignoring z-order
08-31 19:15:54.412  1549  2971 V WindowManager:   fl=20840068
08-31 19:15:54.412  1549  2971 V WindowManager:   pfl=31002000
08-31 19:15:54.412  1549  2971 V WindowManager:   bhv=DEFAULT
08-31 19:15:54.412  1549  2971 V WindowManager:  providedInternalInsets=null Insets{left=0, top=0, right=0, bottom=0} null null null null null null null null null null null null null null null null null null null null null null naviIconColor=0} 
08-31 19:15:54.412  1549  2971 V WindowManager:   rot[1]={(0,0)(144xfill) gr=RIGHT CENTER_HORIZONTAL layoutInDisplayCutoutMode=always ty=NAVIGATION_BAR fmt=TRANSLUCENT receive insets ignoring z-order
08-31 19:15:54.412  1549  2971 V WindowManager:   fl=20840068
08-31 19:15:54.412  1549  2971 V WindowManager:   pfl=31002000
08-31 19:15:54.412  1549  2971 V WindowManager:   bhv=DEFAULT
08-31 19:15:54.412  1549  2971 V WindowManager:  providedInternalInsets=null null null null null null null null null null null null null null null null null null null null null null null null naviIconColor=0} 
08-31 19:15:54.412  1549  2971 V WindowManager:   rot[2]={(0,0)(fillx144) gr=BOTTOM CENTER_VERTICAL layoutInDisplayCutoutMode=always ty=NAVIGATION_BAR fmt=TRANSLUCENT receive insets ignoring z-order
08-31 19:15:54.412  1549  2971 V WindowManager:   fl=20840068
08-31 19:15:54.412  1549  2971 V WindowManager:   pfl=31002000
08-31 19:15:54.412  1549  2971 V WindowManager:   bhv=DEFAULT
08-31 19:15:54.412  1549  2971 V WindowManager:  providedInternalInsets=null Insets{left=0, top=0, right=0, bottom=0} null null null null null null null null null null null null null null null null null null null null null null naviIconColor=0} 
08-31 19:15:54.412  1549  2971 V WindowManager:   rot[3]={(0,0)(144xfill) gr=LEFT CENTER_HORIZONTAL layoutInDisplayCutoutMode=always ty=NAVIGATION_BAR fmt=TRANSLUCENT receive insets ignoring z-order
08-31 19:15:54.412  1549  2971 V WindowManager:   fl=20840068
08-31 19:15:54.412  1549  2971 V WindowManager:   pfl=31002000
08-31 19:15:54.412  1549  2971 V WindowManager:   bhv=DEFAULT
08-31 19:15:54.412  1549  2971 V WindowManager:  providedInternalInsets=null null null null null null null null null null null null null null null null null null null null null null null null naviIconColor=0} naviIconColor=0}
08-31 19:15:54.412  2237  2237 D InsetsController: onStateChanged: InsetsState: {mDisplayFrame=Rect(0, 0 - 2400, 1080), mDisplayCutout=DisplayCutout{insets=Rect(0, 0 - 80, 0) waterfall=Insets{left=0, top=0, right=0, bottom=0} boundingRect={Bounds=[Rect(0, 0 - 0, 0), Rect(0, 0 - 0, 0), Rect(2320, 510 - 2400, 570), Rect(0, 0 - 0, 0)]} cutoutPathParserInfo={CutoutPathParserInfo{displayWidth=1080 displayHeight=2400 physicalDisplayWidth=1080 physicalDisplayHeight=2400 density={3.0} cutoutSpec={M 0,0 H -10 V 26.66666666666667 H 10 V 0 H 0 Z @dp} rotation={3} scale={1.0} physicalPixelDisplaySizeRatio={1.0}}}}, mRoundedCorners=RoundedCorners{[RoundedCorner{position=TopLeft, radius=96, center=Point(96, 96)}, RoundedCorner{position=TopRight, radius=96, center=Point(2304, 96)}, RoundedCorner{position=BottomRight, radius=96, center=Point(2304, 984)}, RoundedCorner{position=BottomLeft, radius=96, center=Point(96, 984)}]}  mRoundedCornerFrame=Rect(0, 0 - 0, 0), mPrivacyIndicatorBounds=PrivacyIndicatorBounds {static bounds=Rect(2188, 0 - 2320, 72) rotation=3}, mSources= { InsetsSource: {mType=ITYPE_LEFT_GESTURES, mFrame=[0,0][0,1080], mVisible=true, mInsetsRoundedCornerFrame=false}, InsetsSource: {mType=ITYPE_RIGHT_GESTURES, mFrame=[2320,0][2400,1080], mVisible=true, mInsetsRoundedCornerFrame=false}, InsetsSource: {mType=ITYPE_TOP_MANDATORY_GESTURES, mFrame=[0,0][2400,72], mVisible=true, mInsetsRoundedCornerFrame=false}, InsetsSource: {mType=ITYPE_BOTTOM_MANDATORY_GESTURES, mFrame=[0,0][144,1080], mVisible=true, mInsetsRoundedCornerFrame=false}, InsetsSource: {mType=ITYPE_LEFT_DISPLAY_CUTOUT, mFrame=[0,0][-100000,1080], mVisible=true, mInsetsRoundedCornerFrame=false}, InsetsSource: {mType=ITYPE_TOP_DISPLAY_CUTOUT, mFrame=[0,0][2400,-100000], mVisible=true, mInsetsRoundedCornerFrame=false}, InsetsSource: {mType=ITYPE_RIGHT_DISPLAY_CUTOUT, mFrame=[2320,0][2400,1080], mVisible=true, mInsetsRoundedCornerFrame=false}, InsetsSource: {mType=ITYPE_BOTTOM_DISPLAY_CUTOUT, mFrame=[0,100000][2400,1080], mVisible=true, mInsetsRoundedCornerFrame=false}, InsetsSource: {mType=ITYPE_TOP_TAPPABLE_ELEMENT, mFrame=[0,0][2400,72], mVisible=true, mInsetsRoundedCornerFrame=false}, InsetsSource: {mType=ITYPE_BOTTOM_TAPPABLE_ELEMENT, mFrame=[0,0][144,1080], mVisible=true, mInsetsRoundedCornerFrame=false}, InsetsSource: {mType=ITYPE_IME, mFrame=[0,0][0,0], mVisible=false, mInsetsRoundedCornerFrame=false} } host=NavigationBar0 from=android.view.ViewRootImpl.relayoutWindow:9802
08-31 19:15:54.412  2699  2699 I DisplayController: displayId: local:4633128672291735937, navigationMode: THREE_BUTTONS, displayType: 0, deviceType: 0
08-31 19:15:54.412  2699  2699 I DisplayController: rotation 0 -> 3
08-31 19:15:54.412  2237  2331 D NativeCustomFrequencyManager: [NativeCFMS] BpCustomFrequencyManager::BpCustomFrequencyManager()
08-31 19:15:54.412  2699  2699 I DisplayController: notifyChange flags: 3
08-31 19:15:54.413  2699  2699 I RotationTouchHelper: onDisplayInfoChangedInternal():  info = [ed90109, rotation=3, navigationMode=THREE_BUTTONS, currentSize=Point(2400, 1080)], flags = [3],  forceRegister = [false]
08-31 19:15:54.413  2699  2699 W SGestureOverlayWindow: removeGestureOverlayWindow return by mOverlayWindow == null
08-31 19:15:54.413  2699  2699 W SGestureOverlayWindow: removeGestureOverlayWindow return by mOverlayWindow == null
08-31 19:15:54.413  2699  2699 I DisplayController: Update info { bounds=Rect(0, 0 - 1080, 2400), insets=Rect(0, 80 - 0, 144), 1080x2176, rotation=0 }, { bounds=Rect(0, 0 - 2400, 1080), insets=Rect(80, 72 - 144, 0), 2176x1008, rotation=1 }, { bounds=Rect(0, 0 - 2400, 1080), insets=Rect(144, 72 - 80, 0), 2176x1008, rotation=3 }, rotation: 3, screenSize: 336x725, initialDisplaySize: Point(1080, 2400) notifyChange end
08-31 19:15:54.413  2699  2699 E ConfigurationWrapper: extraNavBarEnabled
08-31 19:15:54.413  5270  5270 I ViewRootImpl@e037260[CocktailBarService]: performTraversals mFirst=false windowShouldResize=false viewVisibilityChanged=true mForceNextWindowRelayout=true params=null
08-31 19:15:54.413  2237  2237 I ViewRootImpl@d20aaa7[NavigationBar0]: updateBlastSurfaceIfNeeded mBlastBufferQueue=0xb4000073b341f2f0 isSameSurfaceControl=true
08-31 19:15:54.413  2237  2237 I BLASTBufferQueue: update, w= 144 h= 1080 mName = ViewRootImpl@d20aaa7[NavigationBar0] mNativeObject= 0xb4000073b341f2f0 sc.mNativeObject= 0xb40000734356b410 format= -3 caller= android.view.ViewRootImpl.updateBlastSurfaceIfNeeded:2898 android.view.ViewRootImpl.relayoutWindow:9847 android.view.ViewRootImpl.performTraversals:3884 android.view.ViewRootImpl.doTraversal:3116 android.view.ViewRootImpl$TraversalRunnable.run:10885 android.view.Choreographer$CallbackRecord.run:1301 
08-31 19:15:54.413  2237  2237 I ViewRootImpl@d20aaa7[NavigationBar0]: Relayout returned: old=(0,2256,1080,2400) new=(0,0,144,1080) req=(1080,144)0 dur=8 res=0x0 s={true 0xb40000744346ebd0} ch=false seqId=21
08-31 19:15:54.413  2237  2237 I ViewRootImpl@d20aaa7[NavigationBar0]: Relayout called with blastSync mSyncSeqId=21
08-31 19:15:54.413  2699  2699 I Launcher.Model: onReceive intent=Intent { act=android.intent.action.CONFIGURATION_CHANGED flg=0x70200010 }
08-31 19:15:54.413  2237  2237 I ViewRootImpl@d20aaa7[NavigationBar0]: reportNextDraw android.view.ViewRootImpl.performTraversals:3900 android.view.ViewRootImpl.doTraversal:3116 android.view.ViewRootImpl$TraversalRunnable.run:10885 android.view.Choreographer$CallbackRecord.run:1301 android.view.Choreographer$CallbackRecord.run:1309 
08-31 19:15:54.414  1549  2448 V WindowManager: Relayout Window{966e5a8 u0 com.samsung.android.app.cocktailbarservice/com.samsung.android.app.cocktailbarservice.CocktailBarService}: viewVisibility=8 req=67x520 d0
08-31 19:15:54.414  1549  2448 E WindowManager: win=Window{966e5a8 u0 com.samsung.android.app.cocktailbarservice/com.samsung.android.app.cocktailbarservice.CocktailBarService} destroySurfaces: appStopped=true cleanupOnResume=false win.mWindowRemovalAllowed=false win.mRemoveOnExit=false win.mViewVisibility=8 caller=com.android.server.wm.WindowManagerService.tryStartExitingAnimation:3009 com.android.server.wm.WindowManagerService.relayoutWindow:2720 com.android.server.wm.Session.relayout:274 android.view.IWindowSession$Stub.onTransact:779 com.android.server.wm.Session.onTransact:188 android.os.Binder.execTransactInternal:1316 android.os.Binder.execTransact:1280 
08-31 19:15:54.414  1549  2448 I WindowManager: Destroying surface Surface(name=com.samsung.android.app.cocktailbarservice/com.samsung.android.app.cocktailbarservice.CocktailBarService$_5270)/@0xdc69735 called by com.android.server.wm.WindowStateAnimator.destroySurface:942 com.android.server.wm.WindowStateAnimator.destroySurfaceLocked:536 com.android.server.wm.WindowState.destroySurfaceUnchecked:4306 com.android.server.wm.WindowState.destroySurface:4280 com.android.server.wm.WindowManagerService.tryStartExitingAnimation:3009 com.android.server.wm.WindowManagerService.relayoutWindow:2720 com.android.server.wm.Session.relayout:274 android.view.IWindowSession$Stub.onTransact:779 
08-31 19:15:54.414  2237  2237 V Navbar.Store: handleEvent(0) OnUpdateRemoteViewContainer(leftContainer=android.widget.LinearLayout{f89645b I.E...... ......I. 0,0-118,144 #7f0b04f7 app:id/left_remoteview}, rightContainer=android.widget.LinearLayout{375a4f8 I.E...... ......I. 962,0-1080,144 #7f0b07ab app:id/right_remoteview}, contextualButtonVisible=false, darkIntensity=0.0) [Module] SamsungNavigationBarView
08-31 19:15:54.414  2237  2237 V Navbar.Store: --[Band]REMOTE_VIEW_PACK_SET_REMOTEVIEW_CONTAINER
08-31 19:15:54.414  2237  2237 V Navbar.Store: ----apply(0) UpdateRemoteViewContainer
08-31 19:15:54.414  2237  2237 V Navbar.Store: ----apply(0) UpdateRemoteViewDarkIntensity
08-31 19:15:54.416 19904 19958 D UE4     : Entering native app glue main function
08-31 19:15:54.416 19904 19958 D UE4     : Created event thread
08-31 19:15:54.416 19904 19958 D UE4     : Entered AndroidMain()
08-31 19:15:54.416  1243  1276 I SurfaceFlinger: id=5808 createSurf flag=80004, SplitWindowManager#5808
08-31 19:15:54.417  2237  2237 I ResourceType: [SWT] Success lookup value directly, data = 0x01060711
08-31 19:15:54.417  2237  2237 I ViewRootImpl@d20aaa7[NavigationBar0]: mThreadedRenderer.updateSurface() mSurface={isValid=true 0xb40000744346ebd0}
08-31 19:15:54.417  2237  2331 D OpenGLRenderer: setSurface() destroyed EGLSurface
08-31 19:15:54.417  2237  2331 D OpenGLRenderer: destroyEglSurface
08-31 19:15:54.417  1243  1276 I SurfaceFlinger: id=5809 createSurf flag=40004, StageCoordinatorSplitDivider#5809
08-31 19:15:54.417  2237  2237 V Navbar.Store: handleEvent(0) OnUpdateRemoteViewContainer(leftContainer=android.widget.LinearLayout{7f94174 I.E...... ......I. 0,0-144,118 #7f0b04f7 app:id/left_remoteview}, rightContainer=android.widget.LinearLayout{aca669d I.E...... ......I. 0,962-144,1080 #7f0b07ab app:id/right_remoteview}, contextualButtonVisible=false, darkIntensity=0.0) [Module] SamsungNavigationBarView
08-31 19:15:54.417  2237  2237 V Navbar.Store: --[Band]REMOTE_VIEW_PACK_SET_REMOTEVIEW_CONTAINER
08-31 19:15:54.417  2237  2237 V Navbar.Store: ----apply(0) UpdateRemoteViewContainer
08-31 19:15:54.417  2237  2237 V Navbar.Store: ----apply(0) UpdateRemoteViewDarkIntensity
08-31 19:15:54.418  1549  2448 D WindowManager: markForSeamlessRotation, seamlesslyRotated=false, w=Window{966e5a8 u0 com.samsung.android.app.cocktailbarservice/com.samsung.android.app.cocktailbarservice.CocktailBarService}, caller=com.android.server.wm.WindowState.finishSeamlessRotation:1085 com.android.server.wm.WindowState.lambda$new$0:937 com.android.server.wm.WindowState.$r8$lambda$U3pXGv95Gb8PldAwEUs7x3QE3U8:0 
08-31 19:15:54.418  1549  2448 D WindowManager: executeDrawHandlers, seqId=2147483647, h.mSeqId=16, hadHandlers=true, win=Window{966e5a8 u0 com.samsung.android.app.cocktailbarservice/com.samsung.android.app.cocktailbarservice.CocktailBarService}
08-31 19:15:54.418  2237  2237 V Navbar.Store: ----handleEvent(0) OnUpdateRemoteViewContainer(leftContainer=android.widget.LinearLayout{7f94174 I.E...... ......I. 0,0-144,118 #7f0b04f7 app:id/left_remoteview}, rightContainer=android.widget.LinearLayout{aca669d I.E...... ......I. 0,962-144,1080 #7f0b07ab app:id/right_remoteview}, contextualButtonVisible=false, darkIntensity=0.0) [Module] SamsungNavigationBarView
08-31 19:15:54.418  2237  2237 V Navbar.Store: ------[Band]REMOTE_VIEW_PACK_SET_REMOTEVIEW_CONTAINER
08-31 19:15:54.418  2237  2237 V Navbar.Store: --------apply(0) UpdateRemoteViewContainer
08-31 19:15:54.418  2237  2237 V Navbar.Store: --------apply(0) UpdateRemoteViewDarkIntensity
08-31 19:15:54.418  2699  9104 I TouchInteractionService: onActiveNavBarRegionChanges, region : SkRegion((0,118,71,357)(72,420,144,659))
08-31 19:15:54.418  2237  2237 V Navbar.Store: handleEvent(0) OnUpdateSysUiStateFlag(noArguments=true) [Module] SamsungNavigationBarView
08-31 19:15:54.418  2237  2237 V Navbar.Store: --[Band]GESTURE_PACK_UPDATE_SYSTEMUI_STATE_FLAG
08-31 19:15:54.418  2237  2237 V Navbar.Store: --[Band] (afterAction) GESTURE_PACK_UPDATE_SYSTEMUI_STATE_FLAG
08-31 19:15:54.418  2699  7708 I TouchInteractionService: onActiveNavBarRegionChanges, region : SkRegion((0,118,71,357)(72,420,144,659))
08-31 19:15:54.418  2237  2237 V SecQsTransitionAnimator: restorePanelView
08-31 19:15:54.418  2237  2237 D MultiSIMPreferredSlotBar: setExpanded : false mShowing : false
08-31 19:15:54.418  2237  2331 D OpenGLRenderer: eglCreateWindowSurface
08-31 19:15:54.419  2237  2237 D MultiSIMController: unRegisterSimCardManagerCallback : mSimCardManagerService is null 
08-31 19:15:54.419  2237  2237 D MultiSIMPreferredSlotBar: setExpanded : false mShowing : false
08-31 19:15:54.419  2237  2237 D MultiSIMController: unRegisterSimCardManagerCallback : mSimCardManagerService is null 
08-31 19:15:54.419  2237  2237 I ViewRootImpl@d20aaa7[NavigationBar0]: Setup new sync id=48
08-31 19:15:54.419  2237  2237 I ViewRootImpl@d20aaa7[NavigationBar0]: Setting syncFrameCallback
08-31 19:15:54.419  2237  2237 I ViewRootImpl@d20aaa7[NavigationBar0]: registerCallbacksForSync syncBuffer=true
08-31 19:15:54.419  2699  7708 I TouchInteractionService: onActiveNavBarRegionChanges, region : SkRegion((0,118,71,357)(72,420,144,659))
08-31 19:15:54.420 19904 19959 D UE4     : Entering event processing thread engine entry point
08-31 19:15:54.420 19904 19959 D UE4     : Prepared looper for event thread
08-31 19:15:54.420 19904 19959 D UE4     : Passed callback initialization
08-31 19:15:54.420 19904 19959 D UE4     : Passed sensor initialization
08-31 19:15:54.421  2237  2355 I ViewRootImpl@d20aaa7[NavigationBar0]: Received frameDrawingCallback syncResult=0 frameNum=7844.
08-31 19:15:54.421  2237  2355 I ViewRootImpl@d20aaa7[NavigationBar0]: Setting up sync and frameCommitCallback
08-31 19:15:54.421  2237  2355 I BLASTBufferQueue: syncNextTransaction, mName= ViewRootImpl@d20aaa7[NavigationBar0] acquireSingleBuffer= true mNativeObject= 0xb4000073b341f2f0 callback= android.view.ViewRootImpl$12$$ExternalSyntheticLambda0@103163c caller= android.graphics.BLASTBufferQueue.syncNextTransaction:147 android.view.ViewRootImpl$12.onFrameDraw:13385 android.view.ThreadedRenderer$1.onFrameDraw:801 <bottom of call stack> <bottom of call stack> <bottom of call stack> 
08-31 19:15:54.421  2237  2355 I BLASTBufferQueue: [ViewRootImpl@d20aaa7[NavigationBar0]#1](f:0,a:1) syncNextTransaction callback: 1, acquireSingleBuffer: 1, mTransactionReadyCallback: 0
08-31 19:15:54.421  1549  4609 D InputTransport: Input channel constructed: 'Embedde', fd=397
08-31 19:15:54.421  1549  4609 D InputTransport: Input channel constructed: 'Embedde', fd=647
08-31 19:15:54.422  1549  4609 D InputTransport: Input channel constructed: 'Embedde', fd=1056
08-31 19:15:54.422  1549  4609 D InputTransport: Input channel destroyed: 'Embedde', fd=1056
08-31 19:15:54.422  2237  2331 I BLASTBufferQueue: [ViewRootImpl@d20aaa7[NavigationBar0]#1](f:0,a:1) onFrameAvailable-start syncTransactionSet=true
08-31 19:15:54.422  2237  2331 I BLASTBufferQueue: [ViewRootImpl@d20aaa7[NavigationBar0]#1](f:0,a:1) onFrameAvailable framenumber=7844 syncTransactionSet=true, mSyncedFrameNumbers=0
08-31 19:15:54.422  2237  2331 I BLASTBufferQueue: [ViewRootImpl@d20aaa7[NavigationBar0]#1](f:1,a:1) onFrameAvailable framenumber=7844 syncTransactionSet=true
08-31 19:15:54.423  2237  2331 I BLASTBufferQueue: [ViewRootImpl@d20aaa7[NavigationBar0]#1](f:0,a:2) acquireNextBufferLocked mLastAppliedFrameNumber: 7843
08-31 19:15:54.423  2237  2331 I BLASTBufferQueue: [ViewRootImpl@d20aaa7[NavigationBar0]#1](f:0,a:2) acquireNextBufferLocked size=144x1080 mFrameNumber=7844 applyTransaction=false mTimestamp=22451359549748(auto) mPendingTransactions.size=0 graphicBufferId=9607841844630 transform=4
08-31 19:15:54.423  1549  2971 W ActivityManager: Receiver with filter android.content.IntentFilter@58fc58 already registered for pid 4552, callerPackage is org.kustom.wallpaper
08-31 19:15:54.423  2237  2331 I ViewRootImpl@d20aaa7[NavigationBar0]: Received frameCommittedCallback lastAttemptedDrawFrameNum=7844 didProduceBuffer=true
08-31 19:15:54.423  2237  2237 I ViewRootImpl@d20aaa7[NavigationBar0]: onSyncComplete
08-31 19:15:54.423  1549  2448 V WindowManager: Relayout hash=966e5a8, pid=5270, syncId=-1: mAttrs={(0,791)(67x520) gr=TOP RIGHT CENTER sim={adjust=nothing} layoutInDisplayCutoutMode=shortEdges ty=2226 fmt=TRANSPARENT
08-31 19:15:54.423  1549  2448 V WindowManager:   fl=81800508
08-31 19:15:54.423  1549  2448 V WindowManager:   pfl=2000050
08-31 19:15:54.423  1549  2448 V WindowManager:   bhv=SHOW_TRANSIENT_BARS_BY_SWIPE
08-31 19:15:54.423  1549  2448 V WindowManager:   fitTypes=NAVIGATION_BARS CAPTION_BAR
08-31 19:15:54.423  1549  2448 V WindowManager:  dimAmount=0.0 dimDuration=0 naviIconColor=0
08-31 19:15:54.423  1549  2448 V WindowManager:   sfl=620000}
08-31 19:15:54.423  2237  2237 I ViewRootImpl@d20aaa7[NavigationBar0]: setupSync seqId=21 mSyncId=48 fn=7844 caller=android.view.ViewRootImpl$$ExternalSyntheticLambda11.accept:6 android.window.SurfaceSyncer.lambda$setupSync$1$android-window-SurfaceSyncer:128 android.window.SurfaceSyncer$$ExternalSyntheticLambda1.accept:8 android.window.SurfaceSyncer$SyncSet.checkIfSyncIsComplete:382 android.window.SurfaceSyncer$SyncSet.markSyncReady:359 android.window.SurfaceSyncer.markSyncReady:151 android.view.ViewRootImpl.performTraversals:4503 
08-31 19:15:54.425  6886  6886 I HBD     : HoneyBoardService [IMI] onStartInput - caller pid : 2699 , caller uid : 10152 
08-31 19:15:54.425  6886  6886 I HBD     : j updateConfigs 
08-31 19:15:54.425  6886  6886 I HBD     : j isEnabledNightMode : true 
08-31 19:15:54.425  6886  6886 I HBD     : a IC have been binding, RemoteInputConnection{idHash=#9be8deb} 
