--------- beginning of main
08-31 19:15:53.703  3310  3310 E adbd    : failed to connect to socket 'tcp:6666': Connection refused
--------- beginning of system
08-31 19:15:53.803  1549  1749 D PowerManagerService: displayReady: false groupId=0
08-31 19:15:53.804  1549  1749 D DisplayPowerController[0]: animateScreenStateChange: target=2, mLogicalDisplay.isEnabled()=true
08-31 19:15:53.804  1549  1749 D PowerManagerService: displayReady: true groupId=0
08-31 19:15:53.879  1549  1725 I SemDvfsHyPerManager: acquire hyper - APP_LAUNCH/1549@65, type = -999
08-31 19:15:53.880  1133  1212 I HYPER-HAL: [RequestManager.cpp]acquire(): Acquired ID : 1303370  [1549 / 65]    HINT : APP_LAUNCH    list : 
08-31 19:15:53.882  1133  1212 I HYPER-HAL: [ResourceManager.cpp]updateResource(): [CPUMinFreq] UpdateResource Request ID : 1303370    Value : 2912000
08-31 19:15:53.883  4532  4532 I SemDvfsHyPerManager: acquire hyper - APP_START_SHORT/4532@14, type = -999
08-31 19:15:53.884  1133  1212 I HYPER-HAL: [RequestManager.cpp]acquire(): Acquired ID : 10335345  [4532 / 14]    HINT : APP_START    list : [TIMEOUT / 1500] 
08-31 19:15:53.884  4532  4532 I O0      : limitCPUFreq:: freq = -1
08-31 19:15:53.885  1133  1212 I HYPER-HAL: [ResourceManager.cpp]updateResource(): [CPUMaxFreq] UpdateResource Request ID : 10335345    Value : 2912000
08-31 19:15:53.885  1133  1212 I HYPER-HAL: [ResourceManager.cpp]removeResource(): [CPUMaxFreq] RemoveResource Request ID : 10280847
08-31 19:15:53.885  1133  1212 I HYPER-HAL: [RequestManager.cpp]releaseLocked(): Released ID : 10280847
08-31 19:15:53.888  1549  4608 D ActivityTaskManager: startActivityAsUser: callingPid=19896, callingUid=2000, caller=com.android.server.wm.ActivityTaskManagerService.startActivityAsUser:1815 com.android.server.am.ActivityManagerService.startActivityAsUserWithFeature:3731 com.android.server.am.ActivityManagerShellCommand.runStartActivity:656 com.android.server.am.ActivityManagerShellCommand.onCommand:222 com.android.modules.utils.BasicShellCommandHandler.exec:97 android.os.ShellCommand.exec:38 com.android.server.am.ActivityManagerService.onShellCommand:11206 
08-31 19:15:53.889  1549  1712 I ChimeraSystemEventListener: appLaunchIntent package name is: com.EpicGames.AndroidQuickStart
08-31 19:15:53.890  1549  4608 I ActivityTaskManager: START u0 {flg=0x10000000 cmp=com.EpicGames.AndroidQuickStart/com.epicgames.ue4.SplashActivity} from uid 2000
08-31 19:15:53.898  1549  4608 D CompatibilityChangeReporter: Compat change id reported: 194480991; UID 10389; state: ENABLED
08-31 19:15:53.900  1549  4608 D ActivityTaskManager: TaskLaunchParamsModifier:task=null activity=ActivityRecord{aaef2df u0 com.EpicGames.AndroidQuickStart/com.epicgames.ue4.SplashActivity} display-id=0 display-windowing-mode=1 suggested-display-area=DefaultTaskDisplayArea@133130874
08-31 19:15:53.900  1549  4608 D [secipm]: mSecIpmManager Preload com.EpicGames.AndroidQuickStart dex files
08-31 19:15:53.900  1549  4608 D ActivityTaskManager: TaskLaunchParamsModifier:task=null activity=ActivityRecord{aaef2df u0 com.EpicGames.AndroidQuickStart/com.epicgames.ue4.SplashActivity} t-1} display-id=0 display-windowing-mode=1 suggested-display-area=DefaultTaskDisplayArea@133130874 non-freeform-display display-area=DefaultTaskDisplayArea@133130874 maximized-bounds
08-31 19:15:53.900  1549  2919 I SemDvfsHyPerManager: acquire hyper - AMS_APP_SWITCH/1549@31, type = -999
08-31 19:15:53.901  1133  1212 I HYPER-HAL: [RequestManager.cpp]acquire(): Acquired ID : 1249021  [1549 / 31]    HINT : AMS_APP_SWITCH    list : 
08-31 19:15:53.901  4532  4532 I SemDvfsHyPerManager: acquire hyper - APP_START_SHORT/4532@14, type = -999
08-31 19:15:53.901  1549  2919 D ActivityManagerPerformance: AMP_acquire() APP_SWITCH
08-31 19:15:53.902  1243  1952 I SurfaceFlinger: id=5795 createSurf flag=24004, Task=4614#5795
08-31 19:15:53.902  1133  1212 I HYPER-HAL: [ResourceManager.cpp]updateResource(): [CPUMinFreq] UpdateResource Request ID : 1249021    Value : 2912000
08-31 19:15:53.902  1133  1212 I HYPER-HAL: [RequestManager.cpp]acquire(): Acquired ID : 10335345  [4532 / 14]    HINT : APP_START    list : [TIMEOUT / 1500] 
08-31 19:15:53.902  1133  1212 I HYPER-HAL: [ResourceManager.cpp]updateResource(): [CPUMaxFreq] UpdateResource Request ID : 10335345    Value : 2912000
08-31 19:15:53.904  1549  4608 D ActivityTaskManager: TaskLaunchParamsModifier:task=Task{1f78b2c #4614 type=standard A=10389:com.EpicGames.AndroidQuickStart U=0 visible=false visibleRequested=false mode=fullscreen translucent=true sz=0} activity=ActivityRecord{aaef2df u0 com.EpicGames.AndroidQuickStart/com.epicgames.ue4.SplashActivity} t-1} display-from-task=0 display-id=0 display-windowing-mode=1 suggested-display-area=DefaultTaskDisplayArea@133130874 non-freeform-display display-area=DefaultTaskDisplayArea@133130874 maximized-bounds
08-31 19:15:53.904  1549  4608 D CompatibilityChangeReporter: Compat change id reported: 174042980; UID 10389; state: DISABLED
08-31 19:15:53.904  1549  4608 D CompatibilityChangeReporter: Compat change id reported: 184838306; UID 10389; state: DISABLED
08-31 19:15:53.904  1549  4608 D CompatibilityChangeReporter: Compat change id reported: 185004937; UID 10389; state: DISABLED
08-31 19:15:53.904  1549  4608 D CompatibilityChangeReporter: Compat change id reported: 181136395; UID 10389; state: DISABLED
08-31 19:15:53.905  1549  4608 D CompatibilityChangeReporter: Compat change id reported: 174042936; UID 10389; state: DISABLED
08-31 19:15:53.905  1243  1952 I SurfaceFlinger: id=5796 createSurf flag=80004, ActivityRecord{aaef2df u0 com.EpicGames.AndroidQuickStart/com.epicgames.ue4.SplashActivity} t4614}#5796
08-31 19:15:53.906  1549  4608 D ActivityTaskManager: scheduleTopResumedActivityChanged, onTop=false r=ActivityRecord{f0542f4 u0 com.sec.android.app.launcher/.activities.LauncherActivity} t4561} caller=com.android.server.wm.ActivityTaskSupervisor.updateTopResumedActivityIfNeeded:2508 com.android.server.wm.TaskDisplayArea.positionChildTaskAt:602 com.android.server.wm.TaskDisplayArea.positionChildAt:537 com.android.server.wm.Task.moveToFrontInner:6051 com.android.server.wm.Task.moveToFront:6017 com.android.server.wm.ActivityStarter.startActivityInner:2924 
08-31 19:15:53.907  1549  4608 W WindowManager: Prepare app transition: mNextAppTransitionRequests=[TRANSIT_OPEN], mNextAppTransitionFlags=, displayId: 0 Callers=com.android.server.wm.DisplayContent.prepareAppTransition:6493 com.android.server.wm.DisplayContent.prepareAppTransition:6484 com.android.server.wm.Task.startActivityLocked:6593 com.android.server.wm.ActivityStarter.startActivityInner:2980 com.android.server.wm.ActivityStarter.startActivityUnchecked:2470 
08-31 19:15:53.907  1549  4608 V WindowManager: Checking theme of starting window: 0x7f0a0010
08-31 19:15:53.907  1549  4608 V WindowManager: Translucent=false Floating=false ShowWallpaper=false Disable=false
08-31 19:15:53.907  1549  4608 D CompatibilityChangeReporter: Compat change id reported: 205907456; UID 10389; state: DISABLED
08-31 19:15:53.907  1549  4608 V WindowManager: Creating SplashScreenStartingData
08-31 19:15:53.907  1549  4608 D ActivityTaskManager: Add starting com.android.server.wm.ActivityRecord$AddStartingWindow@5f4a38a: typeParam=11
08-31 19:15:53.907  1549  4608 V WindowManager: Add starting com.android.server.wm.ActivityRecord$AddStartingWindow@5f4a38a: startingData=com.android.server.wm.SplashScreenStartingData@9b9ddfb
08-31 19:15:53.908  1549  4608 V WindowManager: Added starting ActivityRecord{aaef2df u0 com.EpicGames.AndroidQuickStart/com.epicgames.ue4.SplashActivity} t4614}: startingWindow=null startingView=com.android.server.wm.StartingSurfaceController$StartingSurface@e82e18
08-31 19:15:53.908  1243  1332 I VSyncReactor: Current= 60, Period= 60, hwcPeriod= 60
08-31 19:15:53.909  1549  4608 I Pageboost: stop alp
08-31 19:15:53.909  1549  4608 I SemDvfsHyPerManager: acquire hyper - AMS_APP_LAUNCH/1549@18, type = -999
08-31 19:15:53.909  1133  1212 I HYPER-HAL: [RequestManager.cpp]acquire(): Acquired ID : 1228546  [1549 / 18]    HINT : AMS_APP_LAUNCH    list : 
08-31 19:15:53.910  1133  1212 I HYPER-HAL: [ResourceManager.cpp]updateResource(): [CPUMinFreq] UpdateResource Request ID : 1228546    Value : 2912000
08-31 19:15:53.911  4532  4532 I SemDvfsHyPerManager: acquire hyper - APP_START/4532@16, type = -999
08-31 19:15:53.911  2237  2331 D NativeCustomFrequencyManager: [NativeCFMS] BpCustomFrequencyManager::BpCustomFrequencyManager()
08-31 19:15:53.912  1133  1212 I HYPER-HAL: [RequestManager.cpp]acquire(): Acquired ID : 10344442  [4532 / 16]    HINT : APP_START    list : 
08-31 19:15:53.912  1133  1212 I HYPER-HAL: [ResourceManager.cpp]updateResource(): [CPUMaxFreq] UpdateResource Request ID : 10344442    Value : 2912000
08-31 19:15:53.913  2699  2699 I BaseActivity: removeActivityFlags, flags : 16
08-31 19:15:53.913  1549  1712 D CompatibilityChangeReporter: Compat change id reported: 135634846; UID 10389; state: DISABLED
08-31 19:15:53.913  1549  1712 D CompatibilityChangeReporter: Compat change id reported: 177438394; UID 10389; state: DISABLED
08-31 19:15:53.913  1549  1712 D CompatibilityChangeReporter: Compat change id reported: 135772972; UID 10389; state: DISABLED
08-31 19:15:53.913  1549  1712 D CompatibilityChangeReporter: Compat change id reported: 135754954; UID 10389; state: DISABLED
08-31 19:15:53.913  2699  2699 I BaseActivity: removeActivityFlags, flags : 6
08-31 19:15:53.913  1549  1726 D CompatibilityChangeReporter: Compat change id reported: 143937733; UID 10389; state: DISABLED
08-31 19:15:53.913  2699  2699 I DragController: endDrag
08-31 19:15:53.913  2699  2699 W LauncherAppWidgetHost: setShouldListenFlag, mFlags:15 flag:resume on:false isFront:false
08-31 19:15:53.913  2699  2699 I SPayUpdater: updateSpayHandler launcher activity is paused false
08-31 19:15:53.915  2237  2328 I AppIconSolution: start to load, pkg=com.EpicGames.AndroidQuickStart, bg=144-144, dr=144-144, forDefault=false, density=0
08-31 19:15:53.915  1549  2989 I AppOps  : updateUidProcState uid: 10063 procState: 1 capability:15
08-31 19:15:53.915  2237  2328 I AppIconSolution: getIconScale, pkg=com.EpicGames.AndroidQuickStart, size=96, iconScale=IconScale[alpha=1, scale=0.62, isCrop=false]
08-31 19:15:53.915  2237  2328 I AppIconSolution: fromTheme2, pkg=com.EpicGames.AndroidQuickStart, bg=144-144, dr=96-96, tarScale=0.62, relScale=0.9497872, mask=false, isCropInTheme = false, isNight = true
08-31 19:15:53.915  1388  2310 I CameraService: onUidStateChanged: uid=10063, procState is changed. (0 -> 1)
08-31 19:15:53.916  1549  2448 D MARsPolicyManager: onPackageResumedFG pkgName = com.EpicGames.AndroidQuickStart, userId = 0
08-31 19:15:53.918  1549  2448 W WindowManager: Prepare app transition: mNextAppTransitionRequests=[TRANSIT_OPEN, TRANSIT_OPEN], mNextAppTransitionFlags=, displayId: 0 Callers=com.android.server.wm.DisplayContent.prepareAppTransition:6493 com.android.server.wm.TaskFragment.resumeTopActivity:1573 com.android.server.wm.TaskFragment.resumeTopActivity:1307 com.android.server.wm.Task.resumeTopActivityInnerLocked:6449 com.android.server.wm.Task.resumeTopActivityUncheckedLocked:6350 
08-31 19:15:53.920  1549  2448 D WindowManagerServiceExt: notifyOccludeChangeNotice: cn=ComponentInfo{com.EpicGames.AndroidQuickStart/com.epicgames.ue4.SplashActivity} occludesParent=true inMultiWindow=false styleFloating=false caller=com.android.server.wm.WindowManagerServiceExt.updateOccludeTargetIfNeeded:1402 com.android.server.wm.DisplayContent.ensureActivitiesVisible:7532 com.android.server.wm.RootWindowContainer.ensureActivitiesVisible:2248 com.android.server.wm.RootWindowContainer.ensureActivitiesVisible:2229 com.android.server.wm.TaskFragment.completePause:2076 
08-31 19:15:53.922  1549  1549 I CocktailBarManagerServiceContainer: handleMessage: entry what = 6
08-31 19:15:53.923  2699  2699 I TopTaskTracker: onTaskMovedToFront : taskId = 4614
08-31 19:15:53.923  1549  4608 D InputTransport: Input channel constructed: 'eb00f8c', fd=777
08-31 19:15:53.923  1549  4608 D InputTransport: Input channel constructed: 'eb00f8c', fd=852
08-31 19:15:53.923  1549  4608 D InputTransport: Input channel constructed: 'eb00f8c', fd=722
08-31 19:15:53.924  1243  1952 I SurfaceFlinger: id=5797 createSurf flag=80004, eb00f8c Splash Screen com.EpicGames.AndroidQuickStart#5797
08-31 19:15:53.924  3231  3231 E pageboostd: Received HALT command code 2
08-31 19:15:53.925  1549  4608 V WindowManager: addWindow: ActivityRecord{aaef2df u0 com.EpicGames.AndroidQuickStart/com.epicgames.ue4.SplashActivity} t4614} startingWindow=Window{eb00f8c u0 Splash Screen com.EpicGames.AndroidQuickStart}
08-31 19:15:53.925  1549  4608 V WindowManager: rotationForOrientation(orient=SCREEN_ORIENTATION_SENSOR_LANDSCAPE (6), last=ROTATION_0 (0)); user=ROTATION_0 (0) USER_ROTATION_LOCKED
08-31 19:15:53.925  1549  4608 D WindowManager: rotationForOrientation, orientationSource=ActivityRecord{aaef2df u0 com.EpicGames.AndroidQuickStart/com.epicgames.ue4.SplashActivity} t4614}
08-31 19:15:53.925  1549  4608 D ActivityTaskManager: applyFixedRotationTransform, r=ActivityRecord{aaef2df u0 com.EpicGames.AndroidQuickStart/com.epicgames.ue4.SplashActivity} t4614}, caller=com.android.server.wm.DisplayContent.startFixedRotationTransform:2296 com.android.server.wm.DisplayContent.setFixedRotationLaunchingApp:2228 com.android.server.wm.DisplayContent.handleTopActivityLaunchingInDifferentOrientation:2130 com.android.server.wm.DisplayContent.updateOrientation:1985 com.android.server.wm.DisplayContent.updateOrientation:1872 
08-31 19:15:53.926  1549  4608 D WindowManager: AsyncRotationController, added w=Window{966e5a8 u0 com.samsung.android.app.cocktailbarservice/com.samsung.android.app.cocktailbarservice.CocktailBarService}
08-31 19:15:53.926  1549  4608 D WindowManager: AsyncRotationController, added w=Window{5401f0c u0 StatusBar}
08-31 19:15:53.926  1549  4608 D WindowManager: fadeWindowToken, show=false, animationType=token_transform, topWindow=Window{5401f0c u0 StatusBar}, token=WindowToken{aade65e type=2000 android.os.BinderProxy@85694e0}, caller=com.android.server.wm.AsyncRotationController.fadeWindowToken:599 com.android.server.wm.AsyncRotationController.start:387 com.android.server.wm.DisplayContent.startAsyncRotation:2345 com.android.server.wm.DisplayContent.setFixedRotationLaunchingAppUnchecked:2178 com.android.server.wm.DisplayContent.setFixedRotationLaunchingApp:2230 
08-31 19:15:53.926  2237  2312 D PipTaskOrganizer: onFixedRotationStarted: rot=3, PipTaskOrganizer{mState=0, mTaskInfo=null, mLeash=null, mWaitForFixedRotation=true, inSwipePipToHome=false, mOneShotAnimationType=0, mPictureInPictureParams=null}
08-31 19:15:53.926  1549  4608 I WindowManager: Reparenting to leash, surface=Surface(name=WindowToken{aade65e type=2000 android.os.BinderProxy@85694e0})/@0xd0b3b7d, leashParent=Surface(name=Leaf:15:15)/@0xb57d34f
08-31 19:15:53.926  1243  1952 I SurfaceFlinger: id=5798 createSurf flag=24000, Surface(name=WindowToken{aade65e type=2000 android.os.BinderProxy@85694e0})/@0xd0b3b7d - animation-leash of token_transform#5798
08-31 19:15:53.927  1106  1106 D Zygote  : Forked child process 19904
08-31 19:15:53.927  1549  4608 D WindowManager: makeSurface duration=1 leash=Surface(name=Surface(name=WindowToken{aade65e type=2000 android.os.BinderProxy@85694e0})/@0xd0b3b7d - animation-leash of token_transform)/@0x65b4553
08-31 19:15:53.927  1549  4608 D AsyncRotation_WindowManager: Start fade-out Window{5401f0c u0 StatusBar}
08-31 19:15:53.927  1549  4608 D WindowManager: fadeWindowToken, show=false, animationType=token_transform, topWindow=Window{966e5a8 u0 com.samsung.android.app.cocktailbarservice/com.samsung.android.app.cocktailbarservice.CocktailBarService}, token=WindowToken{900fd45 type=2226 android.os.BinderProxy@f36e9bc}, caller=com.android.server.wm.AsyncRotationController.fadeWindowToken:599 com.android.server.wm.AsyncRotationController.start:387 com.android.server.wm.DisplayContent.startAsyncRotation:2345 com.android.server.wm.DisplayContent.setFixedRotationLaunchingAppUnchecked:2178 com.android.server.wm.DisplayContent.setFixedRotationLaunchingApp:2230 
08-31 19:15:53.928  1549  4608 I WindowManager: Reparenting to leash, surface=Surface(name=WindowToken{900fd45 type=2226 android.os.BinderProxy@f36e9bc})/@0x5fd47e5, leashParent=Surface(name=Leaf:18:23)/@0x8dd92ba
08-31 19:15:53.928  1243  1275 I SurfaceFlinger: id=5799 createSurf flag=24000, Surface(name=WindowToken{900fd45 type=2226 android.os.BinderProxy@f36e9bc})/@0x5fd47e5 - animation-leash of token_transform#5799
08-31 19:15:53.928  1549  1726 I ActivityManager: Start proc 19904:com.EpicGames.AndroidQuickStart/u0a389 for next-top-activity {com.EpicGames.AndroidQuickStart/com.epicgames.ue4.SplashActivity}
08-31 19:15:53.929  1549  4608 D WindowManager: makeSurface duration=1 leash=Surface(name=Surface(name=WindowToken{900fd45 type=2226 android.os.BinderProxy@f36e9bc})/@0x5fd47e5 - animation-leash of token_transform)/@0x52dfe90
08-31 19:15:53.929  1549  4608 D AsyncRotation_WindowManager: Start fade-out Window{966e5a8 u0 com.samsung.android.app.cocktailbarservice/com.samsung.android.app.cocktailbarservice.CocktailBarService}
08-31 19:15:53.929  1549  4608 D WindowManager: setFixedRotationLaunchingAppUnchecked, rotation=3, r=ActivityRecord{aaef2df u0 com.EpicGames.AndroidQuickStart/com.epicgames.ue4.SplashActivity} t4614}, caller=com.android.server.wm.DisplayContent.setFixedRotationLaunchingApp:2230 com.android.server.wm.DisplayContent.handleTopActivityLaunchingInDifferentOrientation:2130 com.android.server.wm.DisplayContent.updateOrientation:1985 com.android.server.wm.DisplayContent.updateOrientation:1872 com.android.server.wm.WindowManagerService.addWindow:2084 
08-31 19:15:53.929  1549  1712 D SGM:FgCheckThread: notePauseComponent(), received pkgName: com.sec.android.app.launcher, userId: 0
08-31 19:15:53.930  1549  4608 D InputTransport: Input channel destroyed: 'eb00f8c', fd=722
08-31 19:15:53.930  2237  2327 D InsetsController: onStateChanged: InsetsState: {mDisplayFrame=Rect(0, 0 - 2400, 1080), mDisplayCutout=DisplayCutout{insets=Rect(0, 0 - 80, 0) waterfall=Insets{left=0, top=0, right=0, bottom=0} boundingRect={Bounds=[Rect(0, 0 - 0, 0), Rect(0, 0 - 0, 0), Rect(2320, 510 - 2400, 570), Rect(0, 0 - 0, 0)]} cutoutPathParserInfo={CutoutPathParserInfo{displayWidth=1080 displayHeight=2400 physicalDisplayWidth=1080 physicalDisplayHeight=2400 density={3.0} cutoutSpec={M 0,0 H -10 V 26.66666666666667 H 10 V 0 H 0 Z @dp} rotation={3} scale={1.0} physicalPixelDisplaySizeRatio={1.0}}}}, mRoundedCorners=RoundedCorners{[RoundedCorner{position=TopLeft, radius=96, center=Point(96, 96)}, RoundedCorner{position=TopRight, radius=96, center=Point(2304, 96)}, RoundedCorner{position=BottomRight, radius=96, center=Point(2304, 984)}, RoundedCorner{position=BottomLeft, radius=96, center=Point(96, 984)}]}  mRoundedCornerFrame=Rect(0, 0 - 1080, 2400), mPrivacyIndicatorBounds=PrivacyIndicatorBounds {static bounds=Rect(2188, 0 - 2320, 72) rotation=3}, mSources= { InsetsSource: {mType=ITYPE_STATUS_BAR, mFrame=[0,0][2400,72], mVisible=true, mInsetsRoundedCornerFrame=false}, InsetsSource: {mType=ITYPE_NAVIGATION_BAR, mFrame=[0,0][144,1080], mVisible=true, mInsetsRoundedCornerFrame=false}, InsetsSource: {mType=ITYPE_LEFT_GESTURES, mFrame=[0,0][0,1080], mVisible=true, mInsetsRoundedCornerFrame=false}, InsetsSource: {mType=ITYPE_RIGHT_GESTURES, mFrame=[2320,0][2400,1080], mVisible=true, mInsetsRoundedCornerFrame=false}, InsetsSource: {mType=ITYPE_TOP_MANDATORY_GESTURES, mFrame=[0,0][2400,72], mVisible=true, mInsetsRoundedCornerFrame=false}, InsetsSource: {mType=ITYPE_BOTTOM_MANDATORY_GESTURES, mFrame=[0,0][144,1080], mVisible=true, mInsetsRoundedCornerFrame=false}, InsetsSource: {mType=ITYPE_LEFT_DISPLAY_CUTOUT, mFrame=[0,0][-100000,1080], mVisible=true, mInsetsRoundedCornerFrame=false}, InsetsSource: {mType=ITYPE_TOP_DISPLAY_CUTOUT, mFrame=[0,0][2400,-100000], mVisible=true, mInsetsRoundedCornerFrame=false}, InsetsSource: {mType=ITYPE_RIGHT_DISPLAY_CUTOUT, mFrame=[2320,0][2400,1080], mVisible=true, mInsetsRoundedCornerFrame=false}, InsetsSource: {mType=ITYPE_BOTTOM_DISPLAY_CUTOUT, mFrame=[0,100000][2400,1080], mVisible=true, mInsetsRoundedCornerFrame=false}, InsetsSource: {mType=ITYPE_TOP_TAPPABLE_ELEMENT, mFrame=[0,0][2400,72], mVisible=true, mInsetsRoundedCornerFrame=false}, InsetsSource: {mType=ITYPE_BOTTOM_TAPPABLE_ELEMENT, mFrame=[0,0][144,1080], mVisible=true, mInsetsRoundedCornerFrame=false} } host=Splash Screen com.EpicGames.AndroidQuickStart from=android.view.ViewRootImpl.setView:1732
08-31 19:15:53.932  1549  2448 D CoreBackPreview: Window{eb00f8c u0 Splash Screen com.EpicGames.AndroidQuickStart}: Setting back callback OnBackInvokedCallbackInfo{mCallback=android.window.IOnBackInvokedCallback$Stub$Proxy@11ea69a, mPriority=0}
08-31 19:15:53.932 19904 19904 I libc    : SetHeapTaggingLevel: tag level set to 0
08-31 19:15:53.934  1549  2137 D TrafficStats: tagSocket(853) with statsTag=0xffffffff, statsUid=-1
08-31 19:15:53.934  1549  1712 W ProcessStats: Tracking association SourceState{79a709b system/1000 BTopFgs #67351} whose proc state 2 is better than process ProcessState{469253b com.google.android.gms.persistent/10244 pkg=com.google.android.gms} proc state 3 (201 skipped)
08-31 19:15:53.934  1549  2166 D NetdEventListenerService: DNS Requested by : 100, 1000
08-31 19:15:53.936 19904 19904 I droidQuickStart: Late-enabling -Xcheck:jni
08-31 19:15:53.938  2237  2327 I ViewRootImpl@5d2ab57[AndroidQuickStart]: setView = android.widget.FrameLayout@e969ba TM=true
08-31 19:15:53.939  2237  2327 I ViewRootImpl@5d2ab57[AndroidQuickStart]: performTraversals params={(0,0)(fillxfill) sim={adjust=pan} ty=APPLICATION_STARTING fmt=TRANSLUCENT wanim=0x1030001
08-31 19:15:53.939  2237  2327 I ViewRootImpl@5d2ab57[AndroidQuickStart]:   fl=81030118
08-31 19:15:53.939  2237  2327 I ViewRootImpl@5d2ab57[AndroidQuickStart]:   pfl=16000010
08-31 19:15:53.939  2237  2327 I ViewRootImpl@5d2ab57[AndroidQuickStart]:   bhv=DEFAULT
08-31 19:15:53.939  2237  2327 I ViewRootImpl@5d2ab57[AndroidQuickStart]:   fitSides= naviIconColor=0}
08-31 19:15:53.939  2237  2327 I ViewRootImpl@5d2ab57[AndroidQuickStart]: performTraversals mFirst=true windowShouldResize=true viewVisibilityChanged=false mForceNextWindowRelayout=false params={(0,0)(fillxfill) sim={adjust=pan} ty=APPLICATION_STARTING fmt=TRANSLUCENT wanim=0x1030001
08-31 19:15:53.939  2237  2327 I ViewRootImpl@5d2ab57[AndroidQuickStart]:   fl=81030118
08-31 19:15:53.939  2237  2327 I ViewRootImpl@5d2ab57[AndroidQuickStart]:   pfl=16000010
08-31 19:15:53.939  2237  2327 I ViewRootImpl@5d2ab57[AndroidQuickStart]:   bhv=DEFAULT
08-31 19:15:53.939  2237  2327 I ViewRootImpl@5d2ab57[AndroidQuickStart]:   fitSides= naviIconColor=0}
08-31 19:15:53.939  1549  4608 V WindowManager: Relayout Window{eb00f8c u0 Splash Screen com.EpicGames.AndroidQuickStart}: viewVisibility=0 req=1080x2400 d0
08-31 19:15:53.940  1549  4608 D RestrictionPolicy: isScreenCaptureEnabled : ret=true userId=0
08-31 19:15:53.940  1243  1952 I SurfaceFlinger: id=5800 createSurf flag=40004, Splash Screen com.EpicGames.AndroidQuickStart$_2237#5800
08-31 19:15:53.941  1549  4608 D WindowManager: makeSurface duration=1 name=Splash Screen com.EpicGames.AndroidQuickStart$_2237
08-31 19:15:53.943  1549  4608 V WindowManager: Changing focus from Window{817a6e u0 com.sec.android.app.launcher/com.sec.android.app.launcher.activities.LauncherActivity} to null displayId=0 Callers=com.android.server.wm.RootWindowContainer.updateFocusedWindowLocked:595 com.android.server.wm.WindowManagerService.updateFocusedWindowLocked:6803 com.android.server.wm.WindowManagerService.relayoutWindow:2813 com.android.server.wm.Session.relayout:274 
08-31 19:15:53.943  1549  4608 D MARsPolicyManager: onPackageResumedFG pkgName = com.sec.android.app.launcher, userId = 0
08-31 19:15:53.944  1549  2989 D InputDispatcher: Focus left window (0): 817a6e com.sec.android.app.launcher/com.sec.android.app.launcher.activities.LauncherActivity
08-31 19:15:53.945  1549  4608 D StatusBarManagerService: notifyRequestedSystemKey recent=false home=false
08-31 19:15:53.945  2699  2699 I ViewRootImpl@fd261a7[LauncherActivity]: MSG_WINDOW_FOCUS_CHANGED 0 0
08-31 19:15:53.945  2699  2699 I BaseActivity: removeActivityFlags, flags : 8
08-31 19:15:53.947  1549  4608 V WindowManager: Relayout hash=eb00f8c, pid=2237, syncId=-1: mAttrs={(0,0)(fillxfill) sim={adjust=pan} ty=APPLICATION_STARTING fmt=TRANSLUCENT wanim=0x1030001
08-31 19:15:53.947  1549  4608 V WindowManager:   fl=81030118
08-31 19:15:53.947  1549  4608 V WindowManager:   pfl=16000010
08-31 19:15:53.947  1549  4608 V WindowManager:   bhv=DEFAULT
08-31 19:15:53.947  1549  4608 V WindowManager:   fitSides= naviIconColor=0}
08-31 19:15:53.948  2237  2327 I ViewRootImpl@5d2ab57[AndroidQuickStart]: updateBlastSurfaceIfNeeded mBlastBufferQueue=null isSameSurfaceControl=false
08-31 19:15:53.948  2237  2327 I BLASTBufferQueue: new BLASTBufferQueue, mName= ViewRootImpl@5d2ab57[AndroidQuickStart] mNativeObject= 0xb4000073b349fb30 sc.mNativeObject= 0xb4000073436ca020 caller= android.view.ViewRootImpl.updateBlastSurfaceIfNeeded:2909 android.view.ViewRootImpl.relayoutWindow:9847 android.view.ViewRootImpl.performTraversals:3884 android.view.ViewRootImpl.doTraversal:3116 android.view.ViewRootImpl$TraversalRunnable.run:10885 android.view.Choreographer$CallbackRecord.run:1301 android.view.Choreographer$CallbackRecord.run:1309 android.view.Choreographer.doCallbacks:923 android.view.Choreographer.doFrame:852 android.view.Choreographer$FrameDisplayEventReceiver.run:1283 
08-31 19:15:53.948  2237  2327 I BLASTBufferQueue: update, w= 2320 h= 1080 mName = ViewRootImpl@5d2ab57[AndroidQuickStart] mNativeObject= 0xb4000073b349fb30 sc.mNativeObject= 0xb4000073436ca020 format= -3 caller= android.graphics.BLASTBufferQueue.<init>:84 android.view.ViewRootImpl.updateBlastSurfaceIfNeeded:2909 android.view.ViewRootImpl.relayoutWindow:9847 android.view.ViewRootImpl.performTraversals:3884 android.view.ViewRootImpl.doTraversal:3116 android.view.ViewRootImpl$TraversalRunnable.run:10885 
08-31 19:15:53.948  2237  2327 I ViewRootImpl@5d2ab57[AndroidQuickStart]: Relayout returned: old=(0,0,1080,2400) new=(0,0,2320,1080) req=(1080,2400)0 dur=9 res=0x3 s={true 0xb4000074435ebd00} ch=true seqId=0
08-31 19:15:53.949  2237  2327 I ViewRootImpl@5d2ab57[AndroidQuickStart]: mThreadedRenderer.initialize() mSurface={isValid=true 0xb4000074435ebd00} hwInitialized=true
08-31 19:15:53.949  2237  2331 D OpenGLRenderer: eglCreateWindowSurface
08-31 19:15:53.954  2237  2327 I ViewRootImpl@5d2ab57[AndroidQuickStart]: reportNextDraw android.view.ViewRootImpl.performTraversals:4438 android.view.ViewRootImpl.doTraversal:3116 android.view.ViewRootImpl$TraversalRunnable.run:10885 android.view.Choreographer$CallbackRecord.run:1301 android.view.Choreographer$CallbackRecord.run:1309 
08-31 19:15:53.954  2237  2327 I ViewRootImpl@5d2ab57[AndroidQuickStart]: Setup new sync id=0
08-31 19:15:53.954  2237  2327 I ViewRootImpl@5d2ab57[AndroidQuickStart]: Setting syncFrameCallback
08-31 19:15:53.954  2237  2327 I ViewRootImpl@5d2ab57[AndroidQuickStart]: registerCallbacksForSync syncBuffer=false
08-31 19:15:53.955  2237  2354 I ViewRootImpl@5d2ab57[AndroidQuickStart]: Received frameDrawingCallback syncResult=0 frameNum=1.
08-31 19:15:53.955  2237  2354 I ViewRootImpl@5d2ab57[AndroidQuickStart]: Setting up sync and frameCommitCallback
08-31 19:15:53.956  2237  2331 I BLASTBufferQueue: [ViewRootImpl@5d2ab57[AndroidQuickStart]#256](f:0,a:0) onFrameAvailable the first frame is available
08-31 19:15:53.956  2237  2331 I ViewRootImpl@5d2ab57[AndroidQuickStart]: Received frameCommittedCallback lastAttemptedDrawFrameNum=1 didProduceBuffer=true
08-31 19:15:53.957  2237  2331 D OpenGLRenderer: CFMS:: SetUp Pid : 2237    Tid : 2331
08-31 19:15:53.958  2237  2331 W Parcel  : Expecting binder but got null!
08-31 19:15:53.958  1243  1243 I SurfaceFlinger: [817a6e com.sec.android.app.launcher/com.sec.android.app.launcher.activities.LauncherActivity#121] FrameRatePriority: -1
08-31 19:15:53.960  2237  2327 I ViewRootImpl@5d2ab57[AndroidQuickStart]: onSyncComplete
08-31 19:15:53.960  2237  2327 I ViewRootImpl@5d2ab57[AndroidQuickStart]: setupSync seqId=0 mSyncId=0 fn=1 caller=android.view.ViewRootImpl$$ExternalSyntheticLambda11.accept:6 android.window.SurfaceSyncer.lambda$setupSync$1$android-window-SurfaceSyncer:128 android.window.SurfaceSyncer$$ExternalSyntheticLambda1.accept:8 android.window.SurfaceSyncer$SyncSet.checkIfSyncIsComplete:382 android.window.SurfaceSyncer$SyncSet.markSyncReady:359 android.window.SurfaceSyncer.markSyncReady:151 android.view.ViewRootImpl.performTraversals:4503 
08-31 19:15:53.960  2237  2327 I ViewRootImpl@5d2ab57[AndroidQuickStart]: reportDrawFinished seqId=0 mSyncId=-1 fn=1 mSurfaceChangedTransaction=0xb4000073734cfc70
08-31 19:15:53.961  1123  1123 I android.hardware.health@2.1-service-samsung: updateLrpSysfs: write: 377
08-31 19:15:53.962  1549  4608 D WindowManager: finishDrawingWindow: Window{eb00f8c u0 Splash Screen com.EpicGames.AndroidQuickStart} mDrawState=DRAW_PENDING seqId=0
08-31 19:15:53.962  1549  4608 V WindowManager: Finishing drawing window Window{eb00f8c u0 Splash Screen com.EpicGames.AndroidQuickStart}: mDrawState=DRAW_PENDING
08-31 19:15:53.962  1549  4608 V WindowManager: Draw state now committed in Window{eb00f8c u0 Splash Screen com.EpicGames.AndroidQuickStart}
08-31 19:15:53.964  1549  1713 W WindowManager: Execute app transition: mNextAppTransitionRequests=[TRANSIT_OPEN, TRANSIT_OPEN], mNextAppTransitionFlags=, displayId: 0 Callers=com.android.server.wm.ActivityRecord.onStartingWindowDrawn:7496 com.android.server.wm.WindowState.performShowLocked:5487 com.android.server.wm.WindowStateAnimator.commitFinishDrawingLocked:351 com.android.server.wm.DisplayContent.lambda$new$8:1189 com.android.server.wm.DisplayContent.$r8$lambda$OtLCIQFjCt9o-SYztyeDUcWUwGs:0 
08-31 19:15:53.964  1549  1713 D WindowManager: performShow logReadyForDisplay win=Window{eb00f8c u0 Splash Screen com.EpicGames.AndroidQuickStart} mToken.waitingToShow:true isTransitionSet:true
08-31 19:15:53.964  1549  1713 D InputTransport: Input channel constructed: 'Letterb', fd=856
08-31 19:15:53.964  1549  1713 D InputTransport: Input channel constructed: 'Letterb', fd=870
08-31 19:15:53.965  1549  1713 D InputTransport: Input channel constructed: 'Letterb', fd=905
08-31 19:15:53.965  1549  1713 D InputTransport: Input channel constructed: 'Letterb', fd=913
08-31 19:15:53.965  1549  1713 D InputTransport: Input channel constructed: 'Letterb', fd=914
08-31 19:15:53.965  1549  1713 D InputTransport: Input channel constructed: 'Letterb', fd=920
08-31 19:15:53.965  1549  1713 D InputTransport: Input channel constructed: 'Letterb', fd=938
08-31 19:15:53.965  1549  1713 D InputTransport: Input channel constructed: 'Letterb', fd=945
08-31 19:15:53.965  1243  1952 I SurfaceFlinger: id=5801 createSurf flag=20004, Letterbox - right#5801
08-31 19:15:53.968  1549  1713 D WindowManager: Loading animation for app transition. transit=TRANSIT_OLD_WALLPAPER_CLOSE enter=false frame=Rect(0, 0 - 1080, 2176) insets=Rect(0, 0 - 0, 0) surfaceInsets=Rect(0, 0 - 0, 0)
08-31 19:15:53.969  1549  1713 I WindowManager: Reparenting to leash, surface=Surface(name=Task=1)/@0x6ca2bbc, leashParent=Surface(name=DefaultTaskDisplayArea)/@0xcd01745
08-31 19:15:53.969  1243  1952 I SurfaceFlinger: id=5802 createSurf flag=24000, Surface(name=Task=1)/@0x6ca2bbc - animation-leash of app_transition#5802
08-31 19:15:53.970  1549  1713 D WindowManager: makeSurface duration=1 leash=Surface(name=Surface(name=Task=1)/@0x6ca2bbc - animation-leash of app_transition)/@0x254801c
08-31 19:15:53.970  1549  1713 D WindowManager: Loading animation for app transition. transit=TRANSIT_OLD_WALLPAPER_CLOSE enter=true frame=Rect(0, 0 - 1080, 2400) insets=Rect(0, 72 - 0, 0) surfaceInsets=Rect(0, 0 - 0, 0)
08-31 19:15:53.971  1549  1713 I WindowManager: Reparenting to leash, surface=Surface(name=Task=4614)/@0x2378208, leashParent=Surface(name=DefaultTaskDisplayArea)/@0xcd01745
08-31 19:15:53.971  1243  1952 I SurfaceFlinger: id=5803 createSurf flag=24004, Surface(name=Task=4614)/@0x2378208 - animation-leash of app_transition#5803
08-31 19:15:53.972  1549  1713 D WindowManager: makeSurface duration=1 leash=Surface(name=Surface(name=Task=4614)/@0x2378208 - animation-leash of app_transition)/@0x570fda1
08-31 19:15:53.972 19904 19904 I droidQuickStart: Using CollectorTypeCC GC.
08-31 19:15:53.972  1549  1713 V WindowManager: performShowLocked: mDrawState=HAS_DRAWN in Window{eb00f8c u0 Splash Screen com.EpicGames.AndroidQuickStart}
08-31 19:15:53.973  1243  1952 I SurfaceFlinger: id=5804 createSurf flag=80000, 7ed4339 ActivityRecordInputSink com.EpicGames.AndroidQuickStart/com.epicgames.ue4.SplashActivity#5804
08-31 19:15:53.975  1243  1243 I Layer   : Layer [Splash Screen com.EpicGames.AndroidQuickStart$_2237#5800] hidden!! flag(0)
08-31 19:15:53.977  2237  2312 D Bubbles : onLocusVisibilityChanged: LocusId[17_chars] visible=false
08-31 19:15:53.980  3310  3321 I adbd    : jdwp connection from 19904
08-31 19:15:53.980 19904 19904 D ActivityThread: setConscryptValidator
08-31 19:15:53.980 19904 19904 D ActivityThread: setConscryptValidator - put
08-31 19:15:53.986  1549  4608 I ActivityManager: DSS OFF for com.EpicGames.AndroidQuickStart
08-31 19:15:53.993  1549  4608 I DexController: getTaskHasActivityIsWaitingToRun: r=ActivityRecord{aaef2df u0 com.EpicGames.AndroidQuickStart/com.epicgames.ue4.SplashActivity} t4614}, app=ProcessRecord{4122a65 19904:com.EpicGames.AndroidQuickStart/u0a389}
08-31 19:15:53.996  1243  1243 D SurfaceFlinger: Display 4633128672291735937 HWC layers:
08-31 19:15:53.996  1243  1243 D SurfaceFlinger:      DEVICE | 0xb4000075db1b8f10 | 0100 | RGBA_8888    |    0.0    0.0 1080.0 2400.0 |    0    0 1080 2400 | Wallpaper BBQ wrapper#134
08-31 19:15:53.996  1243  1243 D SurfaceFlinger:      DEVICE | 0xb4000075db1d6410 | 0100 | RGBA_8888    |    0.0    0.0 1080.0 2400.0 |    0    0 1080 2400 | com.sec.android.app.launcher/com.sec[...]tivities.LauncherActivity$_2699#5788
08-31 19:15:53.996  1243  1243 D SurfaceFlinger:  SOLID_COLOR |              | 0000 |  Unknown  |    0.0    0.0    0.0    0.0 |   76  168 1004  237 | Letterbox - right#5801
08-31 19:15:53.996  1243  1243 D SurfaceFlinger:      CLIENT | 0xb4000075db1d0c90 | 0100 | RGBA_8888    |    0.0    0.0 2320.0 1080.0 |   76  237 1004 2232 | Splash Screen com.EpicGames.AndroidQuickStart$_2237#5800
08-31 19:15:53.996  1243  1243 D SurfaceFlinger:      DEVICE | 0xb4000075db1b9b50 | 0100 | RGBA_8888    |    0.0    0.0 1080.0   80.0 |    0    0 1080   80 | StatusBar$_2237#88
08-31 19:15:53.996  1243  1243 D SurfaceFlinger:      DEVICE | 0xb4000075db1c9050 | 0100 | RGBA_8888    |    0.0    0.0   67.0  520.0 | 1013  791 1080 1311 | com.samsung.android.app.cocktailbars[...]ervice.CocktailBarService$_5270#5789
08-31 19:15:53.996  1243  1243 D SurfaceFlinger:      DEVICE | 0xb4000075db1bb910 | 0100 | RGBA_8888    |
08-31 19:15:53.996  1243  1243 D SurfaceFlinger:     0.0    0.0 1080.0  144.0 |    0 2256 1080 2400 | NavigationBar0$_2237#85
08-31 19:15:53.996  1243  1243 D SurfaceFlinger: 
08-31 19:15:53.997  1549  4608 D DisplayManager.PersistentDataStore: saveToXml remembered active display fit status value:false
08-31 19:15:53.999  1549  4608 D TspStateManager: updateCustomValue customSetting=
08-31 19:15:54.000  1549  4608 D TspStateManager: updateCustomValue customSetting=
08-31 19:15:54.000  1549  4608 D SGM:PkgDataHelper: notifyAppCreate(), pkgName: com.EpicGames.AndroidQuickStart, userId: 0, sendRet: true
08-31 19:15:54.000  1549  1927 D SGM:FgCheckThread: onLooperPrepared(), msg: MSG_APP_CREATE, pkgName: com.EpicGames.AndroidQuickStart, userId: 0
08-31 19:15:54.001  1549  4608 D MARsPolicyManager: onPackageResumedFG pkgName = com.EpicGames.AndroidQuickStart, userId = 0
08-31 19:15:54.001  1549  4608 D ActivityTaskManager: scheduleTopResumedActivityChanged, onTop=true r=ActivityRecord{aaef2df u0 com.EpicGames.AndroidQuickStart/com.epicgames.ue4.SplashActivity} t4614} caller=com.android.server.wm.ActivityTaskSupervisor.scheduleTopResumedActivityStateIfNeeded:2533 com.android.server.wm.ActivityTaskSupervisor.updateTopResumedActivityIfNeeded:2525 com.android.server.wm.TaskFragment.setResumedActivity:493 com.android.server.wm.TaskFragment.onActivityStateChanged:805 com.android.server.wm.ActivityRecord.setState:6406 com.android.server.wm.Task.minimalResumeActivityLocked:6153 
08-31 19:15:54.001  1549  4608 D InputDispatcher: Focused application(0): ActivityRecord{aaef2df u0 com.EpicGames.AndroidQuickStart/com.epicgames.ue4.SplashActivity} t4614}
08-31 19:15:54.001  1549  4608 D SGM:FgCheckThread: TaskStackListener.onTaskFocusChanged(), taskId=4561, focused=false
08-31 19:15:54.002  1549  4608 D SGM:FgCheckThread: TaskStackListener.onTaskFocusChanged(), taskId=4614, focused=true
08-31 19:15:54.002  1549  4608 D SGM:FgCheckThread:   sendRunningComponentFocus(), pkgName: com.EpicGames.AndroidQuickStart, userId: 0
08-31 19:15:54.002  1549  1927 D SGM:FgCheckThread: onLooperPrepared(), msg: MSG_TASK_FOCUSED, pkgName: com.EpicGames.AndroidQuickStart, userId: 0
08-31 19:15:54.002  1549  1927 D SGM:FgCheckThread: handleTaskFocused().
08-31 19:15:54.002  1549  1927 D SGM:FgCheckThread:   handleTaskFocused(), pkgName: com.EpicGames.AndroidQuickStart, userID:0
08-31 19:15:54.002  1549  1927 D SGM:FgCheckThread: handleResume().
08-31 19:15:54.002  1549  1927 D SGM:FgCheckThread: sendFocusOutConditionally() - mPrevNotiPkg: (unknown), userId: 0
08-31 19:15:54.002  1549  1927 D SGM:FgCheckThread:   handleResume(). pkgName: com.EpicGames.AndroidQuickStart, userId: 0, isTunableApp: null
08-31 19:15:54.002  1549  1927 D SGM:FgCheckThread: notifyFocusInOut(). of pkg: com.EpicGames.AndroidQuickStart, type: 4, isTunableApp: false, userId: 0
08-31 19:15:54.002  1549  1927 D SGM:FgCheckThread:   notifyFocusInOut(). unexpected mPrevNotiType: -1
08-31 19:15:54.002  1549  1927 D SGM:SystemHelper: callReleaseBlock needReleaseBlock:false
08-31 19:15:54.003  1549  1712 I ActivityManager: Changes in 10389 19 to 2, 0 to 15
08-31 19:15:54.003  1549  1712 I AppOps  : updateUidProcState uid: 10389 procState: 2 capability:15
08-31 19:15:54.003  1549  1712 I AppOps  : commitUidPendingStateLocked() :: UID - 10389, 700 > 200, 0 > 15
08-31 19:15:54.003  1549  1712 I ActivityManager: updateOomAdj start time is before than pendingPid added, don't delete it
08-31 19:15:54.004  1549  1749 D PowerManagerService: displayReady: false groupId=0
08-31 19:15:54.004  1549  1749 D DisplayPowerController[0]: animateScreenStateChange: target=2, mLogicalDisplay.isEnabled()=true
08-31 19:15:54.004  1549  1749 D PowerManagerService: displayReady: true groupId=0
08-31 19:15:54.006 19904 19904 D CompatibilityChangeReporter: Compat change id reported: 171979766; UID 10389; state: DISABLED
08-31 19:15:54.006  1244  1265 I heimdall: insert_task_to_group:67, insert tgid 19904 to group com.EpicGames.AndroidQuickStart, ret = 0
08-31 19:15:54.011 19904 19904 D ApplicationLoaders: Returning zygote-cached class loader: /system/framework/android.test.base.jar
08-31 19:15:54.012 19904 19904 W ziparchive: Unable to open '/data/app/~~o9Ut6ZKZSn_hT30rV40PAw==/com.EpicGames.AndroidQuickStart-wBnDdyOznZpf4xHd3FF1PQ==/base.dm': No such file or directory
08-31 19:15:54.012 19904 19904 W ziparchive: Unable to open '/data/app/~~o9Ut6ZKZSn_hT30rV40PAw==/com.EpicGames.AndroidQuickStart-wBnDdyOznZpf4xHd3FF1PQ==/base.dm': No such file or directory
08-31 19:15:54.016  1549  2448 D BaseRestrictionMgr: Package: com.android.externalstorage, userid: 0, hostingType: provider is allowed by freecess, caller is: org.kustom.wallpaper
08-31 19:15:54.035 19904 19904 D nativeloader: Configuring classloader-namespace for other apk /data/app/~~o9Ut6ZKZSn_hT30rV40PAw==/com.EpicGames.AndroidQuickStart-wBnDdyOznZpf4xHd3FF1PQ==/base.apk. target_sdk_version=28, uses_libraries=, library_path=/data/app/~~o9Ut6ZKZSn_hT30rV40PAw==/com.EpicGames.AndroidQuickStart-wBnDdyOznZpf4xHd3FF1PQ==/lib/arm64:/data/app/~~o9Ut6ZKZSn_hT30rV40PAw==/com.EpicGames.AndroidQuickStart-wBnDdyOznZpf4xHd3FF1PQ==/base.apk!/lib/arm64-v8a, permitted_path=/data:/mnt/expand:/data/user/0/com.EpicGames.AndroidQuickStart
08-31 19:15:54.035 19904 19904 D nativeloader: Extending system_exposed_libraries: libhumantracking.arcsoft.so:libPortraitDistortionCorrection.arcsoft.so:libPortraitDistortionCorrectionCali.arcsoft.so:libface_landmark.arcsoft.so:libFacialStickerEngine.arcsoft.so:libfrtracking_engine.arcsoft.so:libFaceRecognition.arcsoft.so:libveengine.arcsoft.so:lib_pet_detection.arcsoft.so:libhigh_res.arcsoft.so:libimage_enhancement.arcsoft.so:liblow_light_hdr.arcsoft.so:libhigh_dynamic_range.arcsoft.so:libsuperresolution.arcsoft.so:libobjectcapture.arcsoft.so:libobjectcapture_jni.arcsoft.so:libobjectcapture_jni.arcsoft.so:libFacialAttributeDetection.arcsoft.so:libBeauty_v4.camera.samsung.so:libexifa.camera.samsung.so:libjpega.camera.samsung.so:libOpenCv.camera.samsung.so:libVideoClassifier.camera.samsung.so:libtensorflowLite.dynamic_viewing.camera.samsung.so:libImageScreener.camera.samsung.so:libMyFilter.camera.samsung.so:libtflite2.myfilters.camera.samsung.so:libCandidSnapJNI.camera.samsung.so:libHIDTSnapJNI.camera.samsung.so:libSmartScan.camera.samsung.so:libRectify.
08-31 19:15:54.045 19904 19904 V GraphicsEnvironment: ANGLE Developer option for 'com.EpicGames.AndroidQuickStart' set to: 'default'
08-31 19:15:54.045 19904 19904 V GraphicsEnvironment: ANGLE GameManagerService for com.EpicGames.AndroidQuickStart: false
08-31 19:15:54.045 19904 19904 V GraphicsEnvironment: App is not on the allowlist for updatable production driver.
08-31 19:15:54.048 19904 19904 D NetworkSecurityConfig: No Network Security Config specified, using platform default
08-31 19:15:54.053 19904 19904 D NetworkSecurityConfig: No Network Security Config specified, using platform default
08-31 19:15:54.056  1549  1712 D SGM:GameManager: identifyGamePackage. com.EpicGames.AndroidQuickStart, mCurrentUserId: 0, callerUserId: 0, callingMethodInfo: com.samsung.android.game.SemGameManager.isGamePackage(SemGameManager.java:104)
08-31 19:15:54.056  1549  1712 D SGM:PkgDataHelper: getGamePkgData(). com.EpicGames.AndroidQuickStart
08-31 19:15:54.056  1549  1712 D SGM:SemGameManager: isGamePackage(), pkgName=com.EpicGames.AndroidQuickStart, ret=false
08-31 19:15:54.058 19904 19904 D ConnectivityManager: StackLog: [android.net.ConnectivityManager.sendRequestForNetwork(ConnectivityManager.java:4300)] [android.net.ConnectivityManager.sendRequestForNetwork(ConnectivityManager.java:4342)] [android.net.ConnectivityManager.registerNetworkCallback(ConnectivityManager.java:4724)] [android.net.ConnectivityManager.registerNetworkCallback(ConnectivityManager.java:4694)] [com.epicgames.ue4.network.NetworkChangedManager.initNetworkCallback(NetworkChangedManager.java:105)] [com.epicgames.ue4.GameApplication.onCreate(GameApplication.java:26)] [android.app.Instrumentation.callApplicationOnCreate(Instrumentation.java:1266)] [android.app.ActivityThread.handleBindApplication(ActivityThread.java:7614)] [android.app.ActivityThread.-$$Nest$mhandleBindApplication(Unknown Source:0)] [android.app.ActivityThread$H.handleMessage(ActivityThread.java:2400)]
08-31 19:15:54.065  1549  1603 I system_server: Background young concurrent copying GC freed 346087(19MB) AllocSpace objects, 52(1040KB) LOS objects, 14% free, 112MB/131MB, paused 647us,562us total 120.051ms
08-31 19:15:54.066  1549  2073 D ConnectivityService: Rematched networks [computed 0ms] [applied 0ms] [issued 1]
08-31 19:15:54.066  1549  2073 D ConnectivityService: NetworkReassignment : no changes
08-31 19:15:54.067  1549  1549 I CocktailBarManagerServiceContainer: handleMessage: entry what = 5
08-31 19:15:54.067 19904 19930 V UE4     : [NetworkChangedManager] Network Available: 100
08-31 19:15:54.067 19904 19931 D OpenGLRenderer: RenderThread::requireGlContext()
08-31 19:15:54.068 19904 19930 V UE4     : [NetworkChangedManager] No network state set yet, setting naive network state checking connection fully.
08-31 19:15:54.069  5270  5270 I ActivityUtils: HomePackage : com.sec.android.app.launcher, resumePackageName : com.EpicGames.AndroidQuickStart
08-31 19:15:54.069 19904 19930 V UE4     : [NetworkChangedManager] Network connectivity changed. New connectivity state: CONNECTION_AVAILABLE
08-31 19:15:54.070 19904 19930 V UE4     : [NetworkChangedManager] Network Capabilities changed, has Internet: true
08-31 19:15:54.070 19904 19933 V UE4     : [NetworkChangedManager] Verifying internet connection with host: https://example.com/
08-31 19:15:54.070  1549  1712 D SGM:GameManager: identifyGamePackage. com.EpicGames.AndroidQuickStart, mCurrentUserId: 0, callerUserId: 0, callingMethodInfo: com.android.server.ssrm.SortingMachine.isGame(SortingMachine.java:162)
08-31 19:15:54.070  1549  1712 D SGM:PkgDataHelper: getGamePkgData(). com.EpicGames.AndroidQuickStart
08-31 19:15:54.070  1549  3169 I MediaSessionMonitor: Media session stopped : not playing state
08-31 19:15:54.070  1549  1712 D SGM:FgCheckThread: noteResumeComponent(), received pkgName: com.EpicGames.AndroidQuickStart, userId: 0
08-31 19:15:54.070  1549  1712 I GameSDK@LifeCycle: noteResumeComponent(): package name  : com.EpicGames.AndroidQuickStart
08-31 19:15:54.071  1549  1927 D SGM:FgCheckThread: onLooperPrepared(), msg: MSG_APP_RESUME, pkgName: com.EpicGames.AndroidQuickStart, userid: 0
08-31 19:15:54.071  1549  1927 D SGM:FgCheckThread: handleResume().
08-31 19:15:54.071  1549  1927 D SGM:FgCheckThread: sendFocusOutConditionally() - mPrevNotiPkg: (unknown), userId: 0
08-31 19:15:54.071  1549  1927 D SGM:FgCheckThread:   handleResume(). pkgName: com.EpicGames.AndroidQuickStart, userId: 0, isTunableApp: null
08-31 19:15:54.071  1549  1927 D SGM:FgCheckThread: notifyFocusInOut(). of pkg: com.EpicGames.AndroidQuickStart, type: 4, isTunableApp: false, userId: 0
08-31 19:15:54.071  1549  1927 D SGM:FgCheckThread:   notifyFocusInOut(). unexpected mPrevNotiType: -1
08-31 19:15:54.071  1549  1927 D SGM:SystemHelper: callReleaseBlock needReleaseBlock:false
08-31 19:15:54.071  2699  9104 I RecentModel: onTaskStackChangedBackground
08-31 19:15:54.071  1549  4609 I GenerationRegistry: mBackingStore.isClosed() : false
08-31 19:15:54.072  4532  4929 I O0      : limitCPUFreq:: freq = -1
08-31 19:15:54.074  2699  2996 I RecentTasksList: loadTasksInBackground : groupTask = GroupTask{task1=[id=4610 windowingMode=1 user=0 lastActiveTime=21534254] null, task2=null, task3=null, mStagedSplitBounds=null}
08-31 19:15:54.074  2699  2996 I RecentTasksList: loadTasksInBackground : groupTask = GroupTask{task1=[id=4597 windowingMode=1 user=0 lastActiveTime=21930323] null, task2=null, task3=null, mStagedSplitBounds=null}
08-31 19:15:54.074  2699  2996 I RecentTasksList: loadTasksInBackground : groupTask = GroupTask{task1=[id=4614 windowingMode=1 user=0 lastActiveTime=22869809] null, task2=null, task3=null, mStagedSplitBounds=null}
08-31 19:15:54.075  1549  2166 D NetdEventListenerService: DNS Requested by : 100, 10389
08-31 19:15:54.075 19904 19933 D TrafficStats: tagSocket(87) with statsTag=0xffffffff, statsUid=-1
08-31 19:15:54.075  2699  2699 I TaskThumbnailCache: handleResult: taskId = 4610, taskThumbnail = android.graphics.Bitmap@b89b6d3
08-31 19:15:54.076  2699  2699 I TaskThumbnailCache: handleResult: taskId = 4597, taskThumbnail = android.graphics.Bitmap@9895210
08-31 19:15:54.080 19904 19904 I DecorView: [INFO] isPopOver=false config=true
08-31 19:15:54.080 19904 19904 I DecorView: updateCaptionType: isFloating=false isApplication=true hasWindowDecorCaption=false this=DecorView@617a0c0[]
08-31 19:15:54.080 19904 19904 D DecorView: setCaptionType = 0, this = DecorView@617a0c0[]
08-31 19:15:54.082 19904 19904 I DecorView: getCurrentDensityDpi: from real metrics. densityDpi=480 msg=resources_loaded
08-31 19:15:54.082 19904 19904 I DecorView: setWindowBackground: isPopOver=false color=ff010101 d=android.graphics.drawable.LayerDrawable@3c0853e
08-31 19:15:54.086  1549  4609 D ActivityTaskManager: startActivityAsUser: callingPid=19904, callingUid=10389, caller=com.android.server.wm.ActivityTaskManagerService.startActivityAsUser:1815 com.android.server.wm.ActivityTaskManagerService.startActivity:1766 android.app.IActivityTaskManager$Stub.onTransact:1244 com.android.server.wm.ActivityTaskManagerService.onTransact:6588 android.os.Binder.execTransactInternal:1316 android.os.Binder.execTransact:1280 <bottom of call stack> 
08-31 19:15:54.087  1549  4609 I ActivityTaskManager: START u0 {flg=0x10000 cmp=com.EpicGames.AndroidQuickStart/com.epicgames.ue4.GameActivity (has extras)} from uid 10389
08-31 19:15:54.088  1549  4609 D ActivityTaskManager: TaskLaunchParamsModifier:task=null activity=ActivityRecord{b6d9880 u0 com.EpicGames.AndroidQuickStart/com.epicgames.ue4.GameActivity} display-area-from-source=DefaultTaskDisplayArea@133130874 display-id=0 display-windowing-mode=1 suggested-display-area=DefaultTaskDisplayArea@133130874
08-31 19:15:54.088  1549  4609 D ActivityTaskManager: TaskLaunchParamsModifier:task=Task{1f78b2c #4614 type=standard A=10389:com.EpicGames.AndroidQuickStart U=0 visible=true visibleRequested=true mode=fullscreen translucent=false sz=1} activity=ActivityRecord{b6d9880 u0 com.EpicGames.AndroidQuickStart/com.epicgames.ue4.GameActivity} t-1} display-area-from-source=DefaultTaskDisplayArea@133130874 display-id=0 display-windowing-mode=1 suggested-display-area=DefaultTaskDisplayArea@133130874 inherit-from-source=fullscreen activity-options-fullscreen=Rect(0, 0 - 0, 0) non-freeform-display display-area=DefaultTaskDisplayArea@133130874 maximized-bounds
